Archive member included to satisfy reference by file (symbol)

/Users/amc/git/libDaisy/build/libdaisy.a(daisy_seed.o)
                              build/Pedal.o (daisy::DaisySeed::GetPin(unsigned char))
/Users/amc/git/libDaisy/build/libdaisy.a(codec_ak4556.o)
                              /Users/amc/git/libDaisy/build/libdaisy.a(daisy_seed.o) (daisy::Ak4556::Init(dsy_gpio_pin))
/Users/amc/git/libDaisy/build/libdaisy.a(codec_wm8731.o)
                              /Users/amc/git/libDaisy/build/libdaisy.a(daisy_seed.o) (daisy::Wm8731::Init(daisy::Wm8731::Config const&, daisy::I2CHandle))
/Users/amc/git/libDaisy/build/libdaisy.a(sdram.o)
                              /Users/amc/git/libDaisy/build/libdaisy.a(daisy_seed.o) (SdramHandle::Init())
/Users/amc/git/libDaisy/build/libdaisy.a(audio.o)
                              /Users/amc/git/libDaisy/build/libdaisy.a(daisy_seed.o) (daisy::AudioHandle::Init(daisy::AudioHandle::Config const&, daisy::SaiHandle))
/Users/amc/git/libDaisy/build/libdaisy.a(ctrl.o)
                              build/Pedal.o (daisy::AnalogControl::Init(unsigned short*, float, bool, bool, float))
/Users/amc/git/libDaisy/build/libdaisy.a(encoder.o)
                              build/Pedal.o (daisy::Encoder::Init(dsy_gpio_pin, dsy_gpio_pin, dsy_gpio_pin, float))
/Users/amc/git/libDaisy/build/libdaisy.a(led.o)
                              build/Pedal.o (daisy::Led::Init(dsy_gpio_pin, bool, float))
/Users/amc/git/libDaisy/build/libdaisy.a(midi.o)
                              build/spectral.o (daisy::MidiUartTransport::Config::Config())
/Users/amc/git/libDaisy/build/libdaisy.a(midi_parser.o)
                              build/Pedal.o (daisy::MidiParser::Reset())
/Users/amc/git/libDaisy/build/libdaisy.a(switch.o)
                              build/Pedal.o (daisy::Switch::Init(dsy_gpio_pin, float))
/Users/amc/git/libDaisy/build/libdaisy.a(adc.o)
                              build/Pedal.o (daisy::AdcChannelConfig::InitSingle(dsy_gpio_pin, daisy::AdcChannelConfig::ConversionSpeed))
/Users/amc/git/libDaisy/build/libdaisy.a(gpio.o)
                              build/Pedal.o (daisy::GPIO::Init(daisy::Pin, daisy::GPIO::Mode, daisy::GPIO::Pull, daisy::GPIO::Speed))
/Users/amc/git/libDaisy/build/libdaisy.a(i2c.o)
                              /Users/amc/git/libDaisy/build/libdaisy.a(daisy_seed.o) (daisy::I2CHandle::Init(daisy::I2CHandle::Config const&))
/Users/amc/git/libDaisy/build/libdaisy.a(qspi.o)
                              /Users/amc/git/libDaisy/build/libdaisy.a(daisy_seed.o) (daisy::QSPIHandle::Init(daisy::QSPIHandle::Config const&))
/Users/amc/git/libDaisy/build/libdaisy.a(sai.o)
                              /Users/amc/git/libDaisy/build/libdaisy.a(daisy_seed.o) (daisy::SaiHandle::Init(daisy::SaiHandle::Config const&))
/Users/amc/git/libDaisy/build/libdaisy.a(spi.o)
                              build/Pedal.o (daisy::SpiHandle::Init(daisy::SpiHandle::Config const&))
/Users/amc/git/libDaisy/build/libdaisy.a(uart.o)
                              build/Pedal.o (daisy::UartHandler::Init(daisy::UartHandler::Config const&))
/Users/amc/git/libDaisy/build/libdaisy.a(dma.o)
                              /Users/amc/git/libDaisy/build/libdaisy.a(uart.o) (dsy_dma_invalidate_cache_for_buffer)
/Users/amc/git/libDaisy/build/libdaisy.a(system.o)
                              /Users/amc/git/libDaisy/build/libdaisy.a(daisy_seed.o) (daisy::System::DeInit())
/Users/amc/git/libDaisy/build/libdaisy.a(system_stm32h7xx.o)
                              build/startup_stm32h750xx.o (SystemInit)
/Users/amc/git/libDaisy/build/libdaisy.a(usbd_conf.o)
                              /Users/amc/git/libDaisy/build/libdaisy.a(system.o) (hpcd_USB_OTG_HS)
/Users/amc/git/libDaisy/build/libdaisy.a(usbh_conf.o)
                              /Users/amc/git/libDaisy/build/libdaisy.a(system.o) (hhcd_USB_OTG_HS)
/Users/amc/git/libDaisy/build/libdaisy.a(hal_map.o)
                              /Users/amc/git/libDaisy/build/libdaisy.a(gpio.o) (dsy_hal_map_get_port)
/Users/amc/git/libDaisy/build/libdaisy.a(oled_fonts.o)
                              build/spectral.o (Font_16x26)
/Users/amc/git/libDaisy/build/libdaisy.a(stm32h7xx_hal.o)
                              /Users/amc/git/libDaisy/build/libdaisy.a(system.o) (HAL_Init)
/Users/amc/git/libDaisy/build/libdaisy.a(stm32h7xx_hal_adc.o)
                              /Users/amc/git/libDaisy/build/libdaisy.a(adc.o) (HAL_ADC_ConfigChannel)
/Users/amc/git/libDaisy/build/libdaisy.a(stm32h7xx_hal_adc_ex.o)
                              /Users/amc/git/libDaisy/build/libdaisy.a(adc.o) (HAL_ADCEx_Calibration_Start)
/Users/amc/git/libDaisy/build/libdaisy.a(stm32h7xx_hal_cortex.o)
                              /Users/amc/git/libDaisy/build/libdaisy.a(stm32h7xx_hal.o) (HAL_NVIC_SetPriorityGrouping)
/Users/amc/git/libDaisy/build/libdaisy.a(stm32h7xx_hal_dma.o)
                              /Users/amc/git/libDaisy/build/libdaisy.a(adc.o) (HAL_DMA_Init)
[...]
Memory Configuration

Name             Origin             Length             Attributes
FLASH            0x0000000008000000 0x0000000000020000 xr
DTCMRAM          0x0000000020000000 0x0000000000020000 xrw
SRAM             0x0000000024000000 0x0000000000080000 xrw
RAM_D2           0x0000000030000000 0x0000000000048000 xrw
RAM_D3           0x0000000038000000 0x0000000000010000 xrw
ITCMRAM          0x0000000000000000 0x0000000000010000 xrw
SDRAM            0x00000000c0000000 0x0000000004000000 xrw
QSPIFLASH        0x0000000090000000 0x0000000000800000 xr
*default*        0x0000000000000000 0xffffffffffffffff

Linker script and memory map

LOAD /Applications/ARM/bin/../lib/gcc/arm-none-eabi/10.3.1/thumb/v7e-m+dp/hard/crti.o
LOAD /Applications/ARM/bin/../lib/gcc/arm-none-eabi/10.3.1/thumb/v7e-m+dp/hard/crtbegin.o
LOAD /Applications/ARM/bin/../lib/gcc/arm-none-eabi/10.3.1/../../../../arm-none-eabi/lib/thumb/v7e-m+dp/hard/crt0.o
LOAD build/startup_stm32h750xx.o
LOAD build/spectral.o
LOAD build/Pedal.o
LOAD /Users/amc/git/libDaisy/build/libdaisy.a
LOAD /Applications/ARM/bin/../lib/gcc/arm-none-eabi/10.3.1/../../../../arm-none-eabi/lib/thumb/v7e-m+dp/hard/libnosys.a
LOAD /Users/amc/git/DaisySP/build/libdaisysp.a
LOAD /Applications/ARM/bin/../lib/gcc/arm-none-eabi/10.3.1/../../../../arm-none-eabi/lib/thumb/v7e-m+dp/hard/libstdc++_nano.a
LOAD /Applications/ARM/bin/../lib/gcc/arm-none-eabi/10.3.1/../../../../arm-none-eabi/lib/thumb/v7e-m+dp/hard/libm.a
LOAD /Applications/ARM/bin/../lib/gcc/arm-none-eabi/10.3.1/../../../../arm-none-eabi/lib/thumb/v7e-m+dp/hard/libc_nano.a
START GROUP
LOAD /Applications/ARM/bin/../lib/gcc/arm-none-eabi/10.3.1/thumb/v7e-m+dp/hard/libgcc.a
LOAD /Applications/ARM/bin/../lib/gcc/arm-none-eabi/10.3.1/../../../../arm-none-eabi/lib/thumb/v7e-m+dp/hard/libc_nano.a
END GROUP
START GROUP
LOAD /Applications/ARM/bin/../lib/gcc/arm-none-eabi/10.3.1/thumb/v7e-m+dp/hard/libgcc.a
LOAD /Applications/ARM/bin/../lib/gcc/arm-none-eabi/10.3.1/../../../../arm-none-eabi/lib/thumb/v7e-m+dp/hard/libc_nano.a
LOAD /Applications/ARM/bin/../lib/gcc/arm-none-eabi/10.3.1/../../../../arm-none-eabi/lib/thumb/v7e-m+dp/hard/libnosys.a
END GROUP
START GROUP
LOAD /Applications/ARM/bin/../lib/gcc/arm-none-eabi/10.3.1/thumb/v7e-m+dp/hard/libgcc.a
LOAD /Applications/ARM/bin/../lib/gcc/arm-none-eabi/10.3.1/../../../../arm-none-eabi/lib/thumb/v7e-m+dp/hard/libc_nano.a
LOAD /Applications/ARM/bin/../lib/gcc/arm-none-eabi/10.3.1/../../../../arm-none-eabi/lib/thumb/v7e-m+dp/hard/libnosys.a
END GROUP
LOAD /Applications/ARM/bin/../lib/gcc/arm-none-eabi/10.3.1/thumb/v7e-m+dp/hard/crtend.o
LOAD /Applications/ARM/bin/../lib/gcc/arm-none-eabi/10.3.1/thumb/v7e-m+dp/hard/crtn.o
                0x0000000020020000                _estack = 0x20020000

.isr_vector     0x0000000008000000      0x298
                0x0000000008000000                . = ALIGN (0x4)
 *(.isr_vector)
 .isr_vector    0x0000000008000000      0x298 build/startup_stm32h750xx.o
                0x0000000008000000                g_pfnVectors
                0x0000000008000298                . = ALIGN (0x4)

.text           0x0000000008000298    0x1b008
                0x0000000008000298                . = ALIGN (0x4)
                0x0000000008000298                _stext = .
 *(.text)
 .text          0x0000000008000298       0x40 /Applications/ARM/bin/../lib/gcc/arm-none-eabi/10.3.1/thumb/v7e-m+dp/hard/crtbegin.o
 .text          0x00000000080002d8      0x378 /Applications/ARM/bin/../lib/gcc/arm-none-eabi/10.3.1/thumb/v7e-m+dp/hard/libgcc.a(_arm_addsubdf3.o)
                0x00000000080002d8                __aeabi_drsub
                0x00000000080002e0                __subdf3
                0x00000000080002e0                __aeabi_dsub
                0x00000000080002e4                __aeabi_dadd
                0x00000000080002e4                __adddf3
                0x000000000800055c                __aeabi_ui2d
                0x000000000800055c                __floatunsidf
                0x000000000800057c                __floatsidf
                0x000000000800057c                __aeabi_i2d
                0x00000000080005a0                __extendsfdf2
                0x00000000080005a0                __aeabi_f2d
                0x00000000080005e4                __aeabi_ul2d
                0x00000000080005e4                __floatundidf
                0x00000000080005f4                __aeabi_l2d
                0x00000000080005f4                __floatdidf
 .text          0x0000000008000650       0x30 /Applications/ARM/bin/../lib/gcc/arm-none-eabi/10.3.1/thumb/v7e-m+dp/hard/libgcc.a(_aeabi_uldivmod.o)
                0x0000000008000650                __aeabi_uldivmod
 .text          0x0000000008000680      0x294 /Applications/ARM/bin/../lib/gcc/arm-none-eabi/10.3.1/thumb/v7e-m+dp/hard/libgcc.a(_mulsc3.o)
                0x0000000008000680                __mulsc3
 .text          0x0000000008000914      0x2d0 /Applications/ARM/bin/../lib/gcc/arm-none-eabi/10.3.1/thumb/v7e-m+dp/hard/libgcc.a(_udivmoddi4.o)
                0x0000000008000914                __udivmoddi4
 .text          0x0000000008000be4        0x4 /Applications/ARM/bin/../lib/gcc/arm-none-eabi/10.3.1/thumb/v7e-m+dp/hard/libgcc.a(_dvmd_tls.o)
                0x0000000008000be4                __aeabi_ldiv0
                0x0000000008000be4                __aeabi_idiv0
 *(.text*)
 .text.Default_Handler
                0x0000000008000be8        0x4 build/startup_stm32h750xx.o
                0x0000000008000be8                SAI1_IRQHandler
                0x0000000008000be8                HASH_RNG_IRQHandler
                0x0000000008000be8                EXTI2_IRQHandler
                0x0000000008000be8                TIM8_CC_IRQHandler
                0x0000000008000be8                HRTIM1_Master_IRQHandler
                0x0000000008000be8                DebugMon_Handler
                0x0000000008000be8                TIM1_CC_IRQHandler
                0x0000000008000be8                BDMA_Channel6_IRQHandler
                0x0000000008000be8                DMA2_Stream5_IRQHandler
                0x0000000008000be8                HRTIM1_FLT_IRQHandler
                0x0000000008000be8                JPEG_IRQHandler
                0x0000000008000be8                BDMA_Channel1_IRQHandler
                0x0000000008000be8                HRTIM1_TIMD_IRQHandler
                0x0000000008000be8                TAMP_STAMP_IRQHandler
                0x0000000008000be8                PendSV_Handler
                0x0000000008000be8                NMI_Handler
                0x0000000008000be8                EXTI3_IRQHandler
                0x0000000008000be8                LPTIM4_IRQHandler
                0x0000000008000be8                TIM8_TRG_COM_TIM14_IRQHandler
                0x0000000008000be8                LPTIM2_IRQHandler
                0x0000000008000be8                DFSDM1_FLT1_IRQHandler
                0x0000000008000be8                DMAMUX2_OVR_IRQHandler
                0x0000000008000be8                TIM8_UP_TIM13_IRQHandler
                0x0000000008000be8                I2C3_ER_IRQHandler
                0x0000000008000be8                DFSDM1_FLT2_IRQHandler
                0x0000000008000be8                MDMA_IRQHandler
                0x0000000008000be8                LPTIM3_IRQHandler
                0x0000000008000be8                HSEM1_IRQHandler
                0x0000000008000be8                EXTI0_IRQHandler
                0x0000000008000be8                FPU_IRQHandler
                0x0000000008000be8                OTG_HS_WKUP_IRQHandler
                0x0000000008000be8                FDCAN1_IT1_IRQHandler
                0x0000000008000be8                UsageFault_Handler
                0x0000000008000be8                LTDC_ER_IRQHandler
                0x0000000008000be8                HRTIM1_TIME_IRQHandler
                0x0000000008000be8                TIM6_DAC_IRQHandler
                0x0000000008000be8                DCMI_IRQHandler
                0x0000000008000be8                HRTIM1_TIMC_IRQHandler
                0x0000000008000be8                SAI2_IRQHandler
                0x0000000008000be8                DFSDM1_FLT3_IRQHandler
                0x0000000008000be8                TIM17_IRQHandler
                0x0000000008000be8                CRYP_IRQHandler
                0x0000000008000be8                BDMA_Channel7_IRQHandler
                0x0000000008000be8                LPTIM5_IRQHandler
                0x0000000008000be8                ADC3_IRQHandler
                0x0000000008000be8                DMA2_Stream0_IRQHandler
                0x0000000008000be8                BDMA_Channel2_IRQHandler
                0x0000000008000be8                DMAMUX1_OVR_IRQHandler
                0x0000000008000be8                TIM16_IRQHandler
                0x0000000008000be8                BDMA_Channel5_IRQHandler
                0x0000000008000be8                RCC_IRQHandler
                0x0000000008000be8                TIM8_BRK_TIM12_IRQHandler
                0x0000000008000be8                TIM1_TRG_COM_IRQHandler
                0x0000000008000be8                Default_Handler
                0x0000000008000be8                ECC_IRQHandler
                0x0000000008000be8                CEC_IRQHandler
                0x0000000008000be8                EXTI15_10_IRQHandler
                0x0000000008000be8                BDMA_Channel0_IRQHandler
                0x0000000008000be8                ADC_IRQHandler
                0x0000000008000be8                DMA1_Stream7_IRQHandler
                0x0000000008000be8                HRTIM1_TIMA_IRQHandler
                0x0000000008000be8                TIM7_IRQHandler
                0x0000000008000be8                SDMMC1_IRQHandler
                0x0000000008000be8                DMA2_Stream7_IRQHandler
                0x0000000008000be8                TIM15_IRQHandler
                0x0000000008000be8                PVD_AVD_IRQHandler
                0x0000000008000be8                EXTI9_5_IRQHandler
                0x0000000008000be8                RTC_WKUP_IRQHandler
                0x0000000008000be8                LTDC_IRQHandler
                0x0000000008000be8                SAI3_IRQHandler
                0x0000000008000be8                ETH_WKUP_IRQHandler
                0x0000000008000be8                SPDIF_RX_IRQHandler
                0x0000000008000be8                MemManage_Handler
                0x0000000008000be8                SVC_Handler
                0x0000000008000be8                CRS_IRQHandler
                0x0000000008000be8                EXTI4_IRQHandler
                0x0000000008000be8                HRTIM1_TIMB_IRQHandler
                0x0000000008000be8                FDCAN2_IT1_IRQHandler
                0x0000000008000be8                ETH_IRQHandler
                0x0000000008000be8                TIM1_UP_IRQHandler
                0x0000000008000be8                BDMA_Channel4_IRQHandler
                0x0000000008000be8                WWDG_IRQHandler
                0x0000000008000be8                SPI6_IRQHandler
                0x0000000008000be8                I2C4_EV_IRQHandler
                0x0000000008000be8                MDIOS_IRQHandler
                0x0000000008000be8                FDCAN2_IT0_IRQHandler
                0x0000000008000be8                FDCAN1_IT0_IRQHandler
                0x0000000008000be8                OTG_FS_WKUP_IRQHandler
                0x0000000008000be8                DMA2D_IRQHandler
                0x0000000008000be8                TIM1_BRK_IRQHandler
                0x0000000008000be8                EXTI1_IRQHandler
                0x0000000008000be8                SDMMC2_IRQHandler
                0x0000000008000be8                OTG_FS_EP1_OUT_IRQHandler
                0x0000000008000be8                BDMA_Channel3_IRQHandler
                0x0000000008000be8                MDIOS_WKUP_IRQHandler
                0x0000000008000be8                DFSDM1_FLT0_IRQHandler
                0x0000000008000be8                SAI4_IRQHandler
                0x0000000008000be8                I2C2_ER_IRQHandler
                0x0000000008000be8                DMA2_Stream1_IRQHandler
                0x0000000008000be8                FLASH_IRQHandler
                0x0000000008000be8                BusFault_Handler
                0x0000000008000be8                OTG_FS_IRQHandler
                0x0000000008000be8                WAKEUP_PIN_IRQHandler
                0x0000000008000be8                OTG_FS_EP1_IN_IRQHandler
                0x0000000008000be8                I2C1_ER_IRQHandler
                0x0000000008000be8                FMC_IRQHandler
                0x0000000008000be8                FDCAN_CAL_IRQHandler
                0x0000000008000be8                SWPMI1_IRQHandler
                0x0000000008000be8                COMP1_IRQHandler
                0x0000000008000be8                LPTIM1_IRQHandler
                0x0000000008000be8                I2C4_ER_IRQHandler
                0x0000000008000be8                DMA2_Stream6_IRQHandler
                0x0000000008000be8                RTC_Alarm_IRQHandler
 .text.Reset_Handler
                0x0000000008000bec       0x44 build/startup_stm32h750xx.o
                0x0000000008000bec                Reset_Handler
 .text._ZN3amc5PedalD2Ev
                0x0000000008000c30        0x4 build/spectral.o
                0x0000000008000c30                amc::Pedal::~Pedal()
                0x0000000008000c30                amc::Pedal::~Pedal()
 .text._ZN5daisy11OledDisplayINS_13SSD130xDriverILj128ELj64ENS_24SSD130x4WireSpiTransportEEEED2Ev
                0x0000000008000c34        0x4 build/spectral.o
                0x0000000008000c34                daisy::OledDisplay<daisy::SSD130xDriver<128u, 64u, daisy::SSD130x4WireSpiTransport> >::~OledDisplay()
                0x0000000008000c34                daisy::OledDisplay<daisy::SSD130xDriver<128u, 64u, daisy::SSD130x4WireSpiTransport> >::~OledDisplay()
 .text._ZN5daisy11OledDisplayINS_13SSD130xDriverILj128ELj64ENS_24SSD130x4WireSpiTransportEEEE4FillEb
                0x0000000008000c38       0x10 build/spectral.o
                0x0000000008000c38                daisy::OledDisplay<daisy::SSD130xDriver<128u, 64u, daisy::SSD130x4WireSpiTransport> >::Fill(bool)
 .text._ZNK5daisy11OledDisplayINS_13SSD130xDriverILj128ELj64ENS_24SSD130x4WireSpiTransportEEEE5WidthEv
                0x0000000008000c48        0x4 build/spectral.o
                0x0000000008000c48                daisy::OledDisplay<daisy::SSD130xDriver<128u, 64u, daisy::SSD130x4WireSpiTransport> >::Width() const
 .text._ZNK5daisy11OledDisplayINS_13SSD130xDriverILj128ELj64ENS_24SSD130x4WireSpiTransportEEEE6HeightEv
                0x0000000008000c4c        0x4 build/spectral.o
                0x0000000008000c4c                daisy::OledDisplay<daisy::SSD130xDriver<128u, 64u, daisy::SSD130x4WireSpiTransport> >::Height() const
 .text._ZNSt17_Function_handlerIFffEN9soundmath5cycleMUlfE_EE10_M_managerERSt9_Any_dataRKS4_St18_Manager_operation
                0x0000000008000c50        0xc build/spectral.o
                0x0000000008000c50                std::_Function_handler<float (float), soundmath::cycle::{lambda(float)#1}>::_M_manager(std::_Any_data&, std::_Function_handler<float (float), soundmath::cycle::{lambda(float)#1}> const&, std::_Manager_operation)
 .text._ZNSt17_Function_handlerIFffEN9soundmath4hannMUlfE_EE10_M_managerERSt9_Any_dataRKS4_St18_Manager_operation
                0x0000000008000c5c        0xc build/spectral.o
                0x0000000008000c5c                std::_Function_handler<float (float), soundmath::hann::{lambda(float)#1}>::_M_manager(std::_Any_data&, std::_Function_handler<float (float), soundmath::hann::{lambda(float)#1}> const&, std::_Manager_operation)
 .text._ZNSt17_Function_handlerIFffEN9soundmath8halfhannMUlfE_EE10_M_managerERSt9_Any_dataRKS4_St18_Manager_operation
                0x0000000008000c68        0xc build/spectral.o
                0x0000000008000c68                std::_Function_handler<float (float), soundmath::halfhann::{lambda(float)#1}>::_M_manager(std::_Any_data&, std::_Function_handler<float (float), soundmath::halfhann::{lambda(float)#1}> const&, std::_Manager_operation)
 .text._ZNSt17_Function_handlerIFffEN9soundmath7limiterMUlfE_EE10_M_managerERSt9_Any_dataRKS4_St18_Manager_operation
                0x0000000008000c74        0xc build/spectral.o
                0x0000000008000c74                std::_Function_handler<float (float), soundmath::limiter::{lambda(float)#1}>::_M_manager(std::_Any_data&, std::_Function_handler<float (float), soundmath::limiter::{lambda(float)#1}> const&, std::_Manager_operation)
 .text._ZN9soundmath4WaveIfED2Ev
                0x0000000008000c80       0x1c build/spectral.o
                0x0000000008000c80                soundmath::Wave<float>::~Wave()
                0x0000000008000c80                soundmath::Wave<float>::~Wave()
 *fill*         0x0000000008000c9c        0x4 
 .text._ZNSt17_Function_handlerIFffEN9soundmath4hannMUlfE_EE9_M_invokeERKSt9_Any_dataOf
                0x0000000008000ca0       0x38 build/spectral.o
                0x0000000008000ca0                std::_Function_handler<float (float), soundmath::hann::{lambda(float)#1}>::_M_invoke(std::_Any_data const&, float&&)
 .text._ZNSt17_Function_handlerIFffEN9soundmath5cycleMUlfE_EE9_M_invokeERKSt9_Any_dataOf
                0x0000000008000cd8       0x28 build/spectral.o
                0x0000000008000cd8                std::_Function_handler<float (float), soundmath::cycle::{lambda(float)#1}>::_M_invoke(std::_Any_data const&, float&&)
 .text._ZNSt17_Function_handlerIFffEN9soundmath8halfhannMUlfE_EE9_M_invokeERKSt9_Any_dataOf
                0x0000000008000d00       0x28 build/spectral.o
                0x0000000008000d00                std::_Function_handler<float (float), soundmath::halfhann::{lambda(float)#1}>::_M_invoke(std::_Any_data const&, float&&)
 .text._Z11pitch_shiftPKfPf
                0x0000000008000d28      0x2fc build/spectral.o
                0x0000000008000d28                pitch_shift(float const*, float*)
 .text._ZN5daisy11OledDisplayINS_13SSD130xDriverILj128ELj64ENS_24SSD130x4WireSpiTransportEEEED0Ev
                0x0000000008001024       0x10 build/spectral.o
                0x0000000008001024                daisy::OledDisplay<daisy::SSD130xDriver<128u, 64u, daisy::SSD130x4WireSpiTransport> >::~OledDisplay()
 *fill*         0x0000000008001034        0x4 
 .text._ZNSt17_Function_handlerIFffEN9soundmath7limiterMUlfE_EE9_M_invokeERKSt9_Any_dataOf
                0x0000000008001038       0x28 build/spectral.o
                0x0000000008001038                std::_Function_handler<float (float), soundmath::limiter::{lambda(float)#1}>::_M_invoke(std::_Any_data const&, float&&)
 .text._ZN5daisy11OledDisplayINS_13SSD130xDriverILj128ELj64ENS_24SSD130x4WireSpiTransportEEEE6UpdateEv
                0x0000000008001060       0x8c build/spectral.o
                0x0000000008001060                daisy::OledDisplay<daisy::SSD130xDriver<128u, 64u, daisy::SSD130x4WireSpiTransport> >::Update()
 .text._ZN5daisy25OneBitGraphicsDisplayImplINS_11OledDisplayINS_13SSD130xDriverILj128ELj64ENS_24SSD130x4WireSpiTransportEEEEEE11WriteStringEPKc7FontDefb
                0x00000000080010ec      0x22c build/spectral.o
                0x00000000080010ec                daisy::OneBitGraphicsDisplayImpl<daisy::OledDisplay<daisy::SSD130xDriver<128u, 64u, daisy::SSD130x4WireSpiTransport> > >::WriteString(char const*, FontDef, bool)
 .text._ZN5daisy11OledDisplayINS_13SSD130xDriverILj128ELj64ENS_24SSD130x4WireSpiTransportEEEE9DrawPixelEjjb
                0x0000000008001318       0x44 build/spectral.o
                0x0000000008001318                daisy::OledDisplay<daisy::SSD130xDriver<128u, 64u, daisy::SSD130x4WireSpiTransport> >::DrawPixel(unsigned int, unsigned int, bool)
 .text._ZN5daisy25OneBitGraphicsDisplayImplINS_11OledDisplayINS_13SSD130xDriverILj128ELj64ENS_24SSD130x4WireSpiTransportEEEEEE18WriteStringAlignedEPKcRK7FontDefNS_9RectangleENS_9AlignmentEb
                0x000000000800135c      0x448 build/spectral.o
                0x000000000800135c                daisy::OneBitGraphicsDisplayImpl<daisy::OledDisplay<daisy::SSD130xDriver<128u, 64u, daisy::SSD130x4WireSpiTransport> > >::WriteStringAligned(char const*, FontDef const&, daisy::Rectangle, daisy::Alignment, bool)
 .text._ZN5daisy25OneBitGraphicsDisplayImplINS_11OledDisplayINS_13SSD130xDriverILj128ELj64ENS_24SSD130x4WireSpiTransportEEEEEE9WriteCharEc7FontDefb
                0x00000000080017a4      0x1e4 build/spectral.o
                0x00000000080017a4                daisy::OneBitGraphicsDisplayImpl<daisy::OledDisplay<daisy::SSD130xDriver<128u, 64u, daisy::SSD130x4WireSpiTransport> > >::WriteChar(char, FontDef, bool)
 .text._ZN5daisy25OneBitGraphicsDisplayImplINS_11OledDisplayINS_13SSD130xDriverILj128ELj64ENS_24SSD130x4WireSpiTransportEEEEEE8DrawLineEjjjjb
                0x0000000008001988      0x178 build/spectral.o
                0x0000000008001988                daisy::OneBitGraphicsDisplayImpl<daisy::OledDisplay<daisy::SSD130xDriver<128u, 64u, daisy::SSD130x4WireSpiTransport> > >::DrawLine(unsigned int, unsigned int, unsigned int, unsigned int, bool)
 .text._ZN5daisy25OneBitGraphicsDisplayImplINS_11OledDisplayINS_13SSD130xDriverILj128ELj64ENS_24SSD130x4WireSpiTransportEEEEEE7DrawArcEjjjiib
                0x0000000008001b00      0x470 build/spectral.o
                0x0000000008001b00                daisy::OneBitGraphicsDisplayImpl<daisy::OledDisplay<daisy::SSD130xDriver<128u, 64u, daisy::SSD130x4WireSpiTransport> > >::DrawArc(unsigned int, unsigned int, unsigned int, int, int, bool)
 .text._ZN5daisy25OneBitGraphicsDisplayImplINS_11OledDisplayINS_13SSD130xDriverILj128ELj64ENS_24SSD130x4WireSpiTransportEEEEEE8DrawRectEjjjjbb
                0x0000000008001f70      0x88c build/spectral.o
                0x0000000008001f70                daisy::OneBitGraphicsDisplayImpl<daisy::OledDisplay<daisy::SSD130xDriver<128u, 64u, daisy::SSD130x4WireSpiTransport> > >::DrawRect(unsigned int, unsigned int, unsigned int, unsigned int, bool, bool)
 .text._Z12handleBypassv
                0x00000000080027fc       0xac build/spectral.o
                0x00000000080027fc                handleBypass()
 .text._Z8handleUIv
                0x00000000080028a8      0x658 build/spectral.o
                0x00000000080028a8                handleUI()
 .text.startup.main
                0x0000000008002f00      0x464 build/spectral.o
                0x0000000008002f00                main
 .text._ZN9soundmath4WaveIfEC2ESt8functionIFffEEffb
                0x0000000008003364       0xf4 build/spectral.o
                0x0000000008003364                soundmath::Wave<float>::Wave(std::function<float (float)>, float, float, bool)
                0x0000000008003364                soundmath::Wave<float>::Wave(std::function<float (float)>, float, float, bool)
 .text._ZN9soundmath7FourierIfLj2048EE7forwardEj
                0x0000000008003458      0x2f4 build/spectral.o
                0x0000000008003458                soundmath::Fourier<float, 2048u>::forward(unsigned int)
 *fill*         0x000000000800374c        0x4 
 .text._ZL8CallbackPKfPfj
                0x0000000008003750      0x8a0 build/spectral.o
 .text.startup._GLOBAL__sub_I__ZN9soundmath5cycleE
                0x0000000008003ff0      0x1dc build/spectral.o
 .text._ZN3amc5Pedal10StartAudioEPFvPKfPfjE
                0x00000000080041cc        0x4 build/Pedal.o
                0x00000000080041cc                amc::Pedal::StartAudio(void (*)(float const*, float*, unsigned int))
 .text._ZN3amc5Pedal12SetBlockSizeEj
                0x00000000080041d0       0x40 build/Pedal.o
                0x00000000080041d0                amc::Pedal::SetBlockSize(unsigned int)
 .text._ZN3amc5Pedal8StartAdcEv
                0x0000000008004210        0x8 build/Pedal.o
                0x0000000008004210                amc::Pedal::StartAdc()
 .text._ZN3amc5Pedal13ProcessAnalogEv
                0x0000000008004218       0x18 build/Pedal.o
                0x0000000008004218                amc::Pedal::ProcessAnalog()
 .text._ZN3amc5Pedal14ProcessDigitalEv
                0x0000000008004230       0x20 build/Pedal.o
                0x0000000008004230                amc::Pedal::ProcessDigital()
 .text._ZN3amc5Pedal9SetBypassEb
                0x0000000008004250       0x1c build/Pedal.o
                0x0000000008004250                amc::Pedal::SetBypass(bool)
 .text._ZN3amc5Pedal7SetMuteEb
                0x000000000800426c       0x14 build/Pedal.o
                0x000000000800426c                amc::Pedal::SetMute(bool)
 .text._ZN3amc5Pedal6SetLedENS0_4LedIEf
                0x0000000008004280       0x20 build/Pedal.o
                0x0000000008004280                amc::Pedal::SetLed(amc::Pedal::LedI, float)
 .text._ZN3amc5Pedal10UpdateLedsEv
                0x00000000080042a0       0x18 build/Pedal.o
                0x00000000080042a0                amc::Pedal::UpdateLeds()
 .text._ZN3amc5Pedal18InitAnalogControlsEv
                0x00000000080042b8       0xcc build/Pedal.o
                0x00000000080042b8                amc::Pedal::InitAnalogControls()
 .text._ZN3amc5Pedal8InitMidiEv
                0x0000000008004384       0xa8 build/Pedal.o
                0x0000000008004384                amc::Pedal::InitMidi()
 *fill*         0x000000000800442c        0x4 
 .text._ZN3amc5Pedal4InitEb
                0x0000000008004430      0x4d4 build/Pedal.o
                0x0000000008004430                amc::Pedal::Init(bool)
 .text._ZN5daisy9DaisySeed6GetPinEh
                0x0000000008004904       0x2c /Users/amc/git/libDaisy/build/libdaisy.a(daisy_seed.o)
                0x0000000008004904                daisy::DaisySeed::GetPin(unsigned char)
 .text._ZN5daisy9DaisySeed10StartAudioEPFvPKfPfjE
                0x0000000008004930        0x8 /Users/amc/git/libDaisy/build/libdaisy.a(daisy_seed.o)
                0x0000000008004930                daisy::DaisySeed::StartAudio(void (*)(float const*, float*, unsigned int))
 .text._ZN5daisy9DaisySeed9StopAudioEv
                0x0000000008004938        0x8 /Users/amc/git/libDaisy/build/libdaisy.a(daisy_seed.o)
                0x0000000008004938                daisy::DaisySeed::StopAudio()
 .text._ZN5daisy9DaisySeed18SetAudioSampleRateENS_9SaiHandle6Config10SampleRateE
                0x0000000008004940       0x38 /Users/amc/git/libDaisy/build/libdaisy.a(daisy_seed.o)
                0x0000000008004940                daisy::DaisySeed::SetAudioSampleRate(daisy::SaiHandle::Config::SampleRate)
 .text._ZN5daisy9DaisySeed17SetAudioBlockSizeEj
                0x0000000008004978       0x38 /Users/amc/git/libDaisy/build/libdaisy.a(daisy_seed.o)
                0x0000000008004978                daisy::DaisySeed::SetAudioBlockSize(unsigned int)
 .text._ZNK5daisy9DaisySeed17AudioCallbackRateEv
                0x00000000080049b0        0x8 /Users/amc/git/libDaisy/build/libdaisy.a(daisy_seed.o)
                0x00000000080049b0                daisy::DaisySeed::AudioCallbackRate() const
 .text._ZN5daisy9DaisySeed17CheckBoardVersionEv
                0x00000000080049b8       0x6c /Users/amc/git/libDaisy/build/libdaisy.a(daisy_seed.o)
                0x00000000080049b8                daisy::DaisySeed::CheckBoardVersion()
 .text._ZN5daisy9DaisySeed14ConfigureAudioEv
                0x0000000008004a24      0x10c /Users/amc/git/libDaisy/build/libdaisy.a(daisy_seed.o)
                0x0000000008004a24                daisy::DaisySeed::ConfigureAudio()
 .text._ZN5daisy9DaisySeed4InitEb
                0x0000000008004b30       0xf0 /Users/amc/git/libDaisy/build/libdaisy.a(daisy_seed.o)
                0x0000000008004b30                daisy::DaisySeed::Init(bool)
 .text._ZN5daisy6Ak45564InitE12dsy_gpio_pin
                0x0000000008004c20       0x44 /Users/amc/git/libDaisy/build/libdaisy.a(codec_ak4556.o)
                0x0000000008004c20                daisy::Ak4556::Init(dsy_gpio_pin)
 .text._ZN5daisy6Wm873120WriteControlRegisterEht
                0x0000000008004c64       0x3c /Users/amc/git/libDaisy/build/libdaisy.a(codec_wm8731.o)
                0x0000000008004c64                daisy::Wm8731::WriteControlRegister(unsigned char, unsigned short)
 .text._ZN5daisy6Wm87314InitERKNS0_6ConfigENS_9I2CHandleE
                0x0000000008004ca0      0x1bc /Users/amc/git/libDaisy/build/libdaisy.a(codec_wm8731.o)
                0x0000000008004ca0                daisy::Wm8731::Init(daisy::Wm8731::Config const&, daisy::I2CHandle)
 .text._ZN11SdramHandle10DeviceInitEv
                0x0000000008004e5c       0x98 /Users/amc/git/libDaisy/build/libdaisy.a(sdram.o)
                0x0000000008004e5c                SdramHandle::DeviceInit()
 .text._ZN11SdramHandle4InitEv
                0x0000000008004ef4       0x7c /Users/amc/git/libDaisy/build/libdaisy.a(sdram.o)
                0x0000000008004ef4                SdramHandle::Init()
 .text.HAL_SDRAM_MspInit
                0x0000000008004f70      0x1a8 /Users/amc/git/libDaisy/build/libdaisy.a(sdram.o)
                0x0000000008004f70                HAL_SDRAM_MspInit
 .text._ZN5daisy11AudioHandle4Impl16InternalCallbackEPlS2_j
                0x0000000008005118      0xbbc /Users/amc/git/libDaisy/build/libdaisy.a(audio.o)
                0x0000000008005118                daisy::AudioHandle::Impl::InternalCallback(long*, long*, unsigned int)
 .text._ZN5daisy11AudioHandle4InitERKNS0_6ConfigENS_9SaiHandleE
                0x0000000008005cd4       0x70 /Users/amc/git/libDaisy/build/libdaisy.a(audio.o)
                0x0000000008005cd4                daisy::AudioHandle::Init(daisy::AudioHandle::Config const&, daisy::SaiHandle)
 .text._ZNK5daisy11AudioHandle9GetConfigEv
                0x0000000008005d44        0x8 /Users/amc/git/libDaisy/build/libdaisy.a(audio.o)
                0x0000000008005d44                daisy::AudioHandle::GetConfig() const
 .text._ZN5daisy11AudioHandle12SetBlockSizeEj
                0x0000000008005d4c       0x1c /Users/amc/git/libDaisy/build/libdaisy.a(audio.o)
                0x0000000008005d4c                daisy::AudioHandle::SetBlockSize(unsigned int)
 .text._ZN5daisy11AudioHandle13GetSampleRateEv
                0x0000000008005d68        0x8 /Users/amc/git/libDaisy/build/libdaisy.a(audio.o)
                0x0000000008005d68                daisy::AudioHandle::GetSampleRate()
 .text._ZN5daisy11AudioHandle13SetSampleRateENS_9SaiHandle6Config10SampleRateE
                0x0000000008005d70       0x88 /Users/amc/git/libDaisy/build/libdaisy.a(audio.o)
                0x0000000008005d70                daisy::AudioHandle::SetSampleRate(daisy::SaiHandle::Config::SampleRate)
 .text._ZN5daisy11AudioHandle5StartEPFvPKfPfjE
                0x0000000008005df8       0x2c /Users/amc/git/libDaisy/build/libdaisy.a(audio.o)
                0x0000000008005df8                daisy::AudioHandle::Start(void (*)(float const*, float*, unsigned int))
 .text._ZN5daisy11AudioHandle4StopEv
                0x0000000008005e24       0x20 /Users/amc/git/libDaisy/build/libdaisy.a(audio.o)
                0x0000000008005e24                daisy::AudioHandle::Stop()
 .text.startup._GLOBAL__sub_I__ZN5daisy11AudioHandle4Impl4InitENS0_6ConfigENS_9SaiHandleE
                0x0000000008005e44       0x24 /Users/amc/git/libDaisy/build/libdaisy.a(audio.o)
 .text._ZN5daisy13AnalogControl4InitEPtfbbf
                0x0000000008005e68       0x64 /Users/amc/git/libDaisy/build/libdaisy.a(ctrl.o)
                0x0000000008005e68                daisy::AnalogControl::Init(unsigned short*, float, bool, bool, float)
 .text._ZN5daisy13AnalogControl7ProcessEv
                0x0000000008005ecc       0x48 /Users/amc/git/libDaisy/build/libdaisy.a(ctrl.o)
                0x0000000008005ecc                daisy::AnalogControl::Process()
 .text._ZN5daisy13AnalogControl13SetSampleRateEf
                0x0000000008005f14       0x58 /Users/amc/git/libDaisy/build/libdaisy.a(ctrl.o)
                0x0000000008005f14                daisy::AnalogControl::SetSampleRate(float)
 .text._ZN5daisy7Encoder4InitE12dsy_gpio_pinS1_S1_f
                0x0000000008005f6c       0x60 /Users/amc/git/libDaisy/build/libdaisy.a(encoder.o)
                0x0000000008005f6c                daisy::Encoder::Init(dsy_gpio_pin, dsy_gpio_pin, dsy_gpio_pin, float)
 .text._ZN5daisy7Encoder8DebounceEv
                0x0000000008005fcc       0x7c /Users/amc/git/libDaisy/build/libdaisy.a(encoder.o)
                0x0000000008005fcc                daisy::Encoder::Debounce()
 .text._ZN5daisy3Led4InitE12dsy_gpio_pinbf
                0x0000000008006048       0x48 /Users/amc/git/libDaisy/build/libdaisy.a(led.o)
                0x0000000008006048                daisy::Led::Init(dsy_gpio_pin, bool, float)
 .text._ZN5daisy3Led3SetEf
                0x0000000008006090       0x24 /Users/amc/git/libDaisy/build/libdaisy.a(led.o)
                0x0000000008006090                daisy::Led::Set(float)
 .text._ZN5daisy3Led6UpdateEv
                0x00000000080060b4       0x48 /Users/amc/git/libDaisy/build/libdaisy.a(led.o)
                0x00000000080060b4                daisy::Led::Update()
 .text._ZN5daisy17MidiUartTransport6ConfigC2Ev
                0x00000000080060fc       0x28 /Users/amc/git/libDaisy/build/libdaisy.a(midi.o)
                0x00000000080060fc                daisy::MidiUartTransport::Config::Config()
                0x00000000080060fc                daisy::MidiUartTransport::Config::Config()
 .text._ZN5daisy10MidiParser5ResetEv
                0x0000000008006124        0xc /Users/amc/git/libDaisy/build/libdaisy.a(midi_parser.o)
                0x0000000008006124                daisy::MidiParser::Reset()
 .text._ZN5daisy6Switch4InitE12dsy_gpio_pinf
                0x0000000008006130       0x34 /Users/amc/git/libDaisy/build/libdaisy.a(switch.o)
                0x0000000008006130                daisy::Switch::Init(dsy_gpio_pin, float)
 .text._ZN5daisy6Switch8DebounceEv
                0x0000000008006164       0x5c /Users/amc/git/libDaisy/build/libdaisy.a(switch.o)
                0x0000000008006164                daisy::Switch::Debounce()
 .text._ZN5daisy16AdcChannelConfig10InitSingleE12dsy_gpio_pinNS0_15ConversionSpeedE
                0x00000000080061c0       0x28 /Users/amc/git/libDaisy/build/libdaisy.a(adc.o)
                0x00000000080061c0                daisy::AdcChannelConfig::InitSingle(dsy_gpio_pin, daisy::AdcChannelConfig::ConversionSpeed)
 .text._ZN5daisy9AdcHandle4InitEPNS_16AdcChannelConfigEjNS0_12OverSamplingE
                0x00000000080061e8      0x41c /Users/amc/git/libDaisy/build/libdaisy.a(adc.o)
                0x00000000080061e8                daisy::AdcHandle::Init(daisy::AdcChannelConfig*, unsigned int, daisy::AdcHandle::OverSampling)
 .text._ZN5daisy9AdcHandle5StartEv
                0x0000000008006604       0x2c /Users/amc/git/libDaisy/build/libdaisy.a(adc.o)
                0x0000000008006604                daisy::AdcHandle::Start()
 .text._ZNK5daisy9AdcHandle6GetPtrEh
                0x0000000008006630       0x14 /Users/amc/git/libDaisy/build/libdaisy.a(adc.o)
                0x0000000008006630                daisy::AdcHandle::GetPtr(unsigned char) const
 .text.HAL_ADC_MspInit
                0x0000000008006644       0x98 /Users/amc/git/libDaisy/build/libdaisy.a(adc.o)
                0x0000000008006644                HAL_ADC_MspInit
 .text.DMA1_Stream2_IRQHandler
                0x00000000080066dc        0xc /Users/amc/git/libDaisy/build/libdaisy.a(adc.o)
                0x00000000080066dc                DMA1_Stream2_IRQHandler
 .text.HAL_ADC_ConvCpltCallback
                0x00000000080066e8      0x148 /Users/amc/git/libDaisy/build/libdaisy.a(adc.o)
                0x00000000080066e8                HAL_ADC_ConvCpltCallback
 .text.HAL_ADC_ErrorCallback
                0x0000000008006830        0x4 /Users/amc/git/libDaisy/build/libdaisy.a(adc.o)
                0x0000000008006830                HAL_ADC_ErrorCallback
 .text._ZN5daisy4GPIO4InitENS_3PinENS0_4ModeENS0_4PullENS0_5SpeedE
                0x0000000008006834      0x1cc /Users/amc/git/libDaisy/build/libdaisy.a(gpio.o)
                0x0000000008006834                daisy::GPIO::Init(daisy::Pin, daisy::GPIO::Mode, daisy::GPIO::Pull, daisy::GPIO::Speed)
 .text._ZN5daisy4GPIO4ReadEv
                0x0000000008006a00       0x18 /Users/amc/git/libDaisy/build/libdaisy.a(gpio.o)
                0x0000000008006a00                daisy::GPIO::Read()
 .text._ZN5daisy4GPIO5WriteEb
                0x0000000008006a18       0x14 /Users/amc/git/libDaisy/build/libdaisy.a(gpio.o)
                0x0000000008006a18                daisy::GPIO::Write(bool)
 .text.dsy_gpio_init
                0x0000000008006a2c      0x1b8 /Users/amc/git/libDaisy/build/libdaisy.a(gpio.o)
                0x0000000008006a2c                dsy_gpio_init
 .text.dsy_gpio_read
                0x0000000008006be4       0x1c /Users/amc/git/libDaisy/build/libdaisy.a(gpio.o)
                0x0000000008006be4                dsy_gpio_read
 .text.dsy_gpio_write
                0x0000000008006c00       0x24 /Users/amc/git/libDaisy/build/libdaisy.a(gpio.o)
                0x0000000008006c00                dsy_gpio_write
 .text._ZN5daisy9I2CHandle4Impl8InitPinsEv
                0x0000000008006c24       0x58 /Users/amc/git/libDaisy/build/libdaisy.a(i2c.o)
                0x0000000008006c24                daisy::I2CHandle::Impl::InitPins()
 .text.HAL_I2C_MspInit
                0x0000000008006c7c      0x1b4 /Users/amc/git/libDaisy/build/libdaisy.a(i2c.o)
                0x0000000008006c7c                HAL_I2C_MspInit
 .text.dsy_i2c_global_init
                0x0000000008006e30       0x78 /Users/amc/git/libDaisy/build/libdaisy.a(i2c.o)
                0x0000000008006e30                dsy_i2c_global_init
 .text.DMA1_Stream6_IRQHandler
                0x0000000008006ea8       0x34 /Users/amc/git/libDaisy/build/libdaisy.a(i2c.o)
                0x0000000008006ea8                DMA1_Stream6_IRQHandler
 .text.I2C1_EV_IRQHandler
                0x0000000008006edc        0xc /Users/amc/git/libDaisy/build/libdaisy.a(i2c.o)
                0x0000000008006edc                I2C1_EV_IRQHandler
 .text.I2C2_EV_IRQHandler
                0x0000000008006ee8        0xc /Users/amc/git/libDaisy/build/libdaisy.a(i2c.o)
                0x0000000008006ee8                I2C2_EV_IRQHandler
 .text.I2C3_EV_IRQHandler
                0x0000000008006ef4        0xc /Users/amc/git/libDaisy/build/libdaisy.a(i2c.o)
                0x0000000008006ef4                I2C3_EV_IRQHandler
 .text._ZN5daisy9I2CHandle4InitERKNS0_6ConfigE
                0x0000000008006f00      0x12c /Users/amc/git/libDaisy/build/libdaisy.a(i2c.o)
                0x0000000008006f00                daisy::I2CHandle::Init(daisy::I2CHandle::Config const&)
 .text._ZN5daisy9I2CHandle16TransmitBlockingEtPhtm
                0x000000000800702c       0x50 /Users/amc/git/libDaisy/build/libdaisy.a(i2c.o)
                0x000000000800702c                daisy::I2CHandle::TransmitBlocking(unsigned short, unsigned char*, unsigned short, unsigned long)
 .text.startup._GLOBAL__sub_I__ZN5daisy9I2CHandle4Impl10GlobalInitEv
                0x000000000800707c       0x18 /Users/amc/git/libDaisy/build/libdaisy.a(i2c.o)
 .text._ZN5daisy10QSPIHandle4Impl11WriteEnableEv
                0x0000000008007094       0x8c /Users/amc/git/libDaisy/build/libdaisy.a(qspi.o)
                0x0000000008007094                daisy::QSPIHandle::Impl::WriteEnable()
 .text._ZN5daisy10QSPIHandle4Impl17DummyCyclesConfigENS0_6Config6DeviceE
                0x0000000008007120      0x118 /Users/amc/git/libDaisy/build/libdaisy.a(qspi.o)
                0x0000000008007120                daisy::QSPIHandle::Impl::DummyCyclesConfig(daisy::QSPIHandle::Config::Device)
 .text._ZN5daisy10QSPIHandle4Impl10QuadEnableEv
                0x0000000008007238      0x158 /Users/amc/git/libDaisy/build/libdaisy.a(qspi.o)
                0x0000000008007238                daisy::QSPIHandle::Impl::QuadEnable()
 .text._ZN5daisy10QSPIHandle4InitERKNS0_6ConfigE
                0x0000000008007390      0x198 /Users/amc/git/libDaisy/build/libdaisy.a(qspi.o)
                0x0000000008007390                daisy::QSPIHandle::Init(daisy::QSPIHandle::Config const&)
 .text.HAL_QSPI_MspInit
                0x0000000008007528      0x11c /Users/amc/git/libDaisy/build/libdaisy.a(qspi.o)
                0x0000000008007528                HAL_QSPI_MspInit
 .text.HAL_QSPI_MspDeInit
                0x0000000008007644       0x54 /Users/amc/git/libDaisy/build/libdaisy.a(qspi.o)
                0x0000000008007644                HAL_QSPI_MspDeInit
 .text.QUADSPI_IRQHandler
                0x0000000008007698        0xc /Users/amc/git/libDaisy/build/libdaisy.a(qspi.o)
                0x0000000008007698                QUADSPI_IRQHandler
 .text.startup._GLOBAL__sub_I__ZN5daisy10QSPIHandle4Impl4InitERKNS0_6ConfigE
                0x00000000080076a4       0x28 /Users/amc/git/libDaisy/build/libdaisy.a(qspi.o)
 .text._ZN5daisy9SaiHandle4Impl7InitDmaENS1_15PeripheralBlockE
                0x00000000080076cc       0xa0 /Users/amc/git/libDaisy/build/libdaisy.a(sai.o)
                0x00000000080076cc                daisy::SaiHandle::Impl::InitDma(daisy::SaiHandle::Impl::PeripheralBlock)
 .text._ZN5daisy9SaiHandle4Impl8InitPinsEv
                0x000000000800776c       0xa8 /Users/amc/git/libDaisy/build/libdaisy.a(sai.o)
                0x000000000800776c                daisy::SaiHandle::Impl::InitPins()
 .text.HAL_SAI_MspInit
                0x0000000008007814      0x164 /Users/amc/git/libDaisy/build/libdaisy.a(sai.o)
                0x0000000008007814                HAL_SAI_MspInit
 .text.DMA1_Stream0_IRQHandler
                0x0000000008007978        0xc /Users/amc/git/libDaisy/build/libdaisy.a(sai.o)
                0x0000000008007978                DMA1_Stream0_IRQHandler
 .text.DMA1_Stream1_IRQHandler
                0x0000000008007984        0xc /Users/amc/git/libDaisy/build/libdaisy.a(sai.o)
                0x0000000008007984                DMA1_Stream1_IRQHandler
 .text.DMA1_Stream3_IRQHandler
                0x0000000008007990        0xc /Users/amc/git/libDaisy/build/libdaisy.a(sai.o)
                0x0000000008007990                DMA1_Stream3_IRQHandler
 .text.DMA1_Stream4_IRQHandler
                0x000000000800799c        0xc /Users/amc/git/libDaisy/build/libdaisy.a(sai.o)
                0x000000000800799c                DMA1_Stream4_IRQHandler
 .text.HAL_SAI_RxHalfCpltCallback
                0x00000000080079a8       0x78 /Users/amc/git/libDaisy/build/libdaisy.a(sai.o)
                0x00000000080079a8                HAL_SAI_RxHalfCpltCallback
 .text.HAL_SAI_RxCpltCallback
                0x0000000008007a20       0x70 /Users/amc/git/libDaisy/build/libdaisy.a(sai.o)
                0x0000000008007a20                HAL_SAI_RxCpltCallback
 .text._ZN5daisy9SaiHandle4InitERKNS0_6ConfigE
                0x0000000008007a90      0x1f0 /Users/amc/git/libDaisy/build/libdaisy.a(sai.o)
                0x0000000008007a90                daisy::SaiHandle::Init(daisy::SaiHandle::Config const&)
 .text._ZNK5daisy9SaiHandle9GetConfigEv
                0x0000000008007c80        0x4 /Users/amc/git/libDaisy/build/libdaisy.a(sai.o)
                0x0000000008007c80                daisy::SaiHandle::GetConfig() const
 .text._ZN5daisy9SaiHandle8StartDmaEPlS1_jPFvS1_S1_jE
                0x0000000008007c84       0xbc /Users/amc/git/libDaisy/build/libdaisy.a(sai.o)
                0x0000000008007c84                daisy::SaiHandle::StartDma(long*, long*, unsigned int, void (*)(long*, long*, unsigned int))
 .text._ZN5daisy9SaiHandle7StopDmaEv
                0x0000000008007d40       0x18 /Users/amc/git/libDaisy/build/libdaisy.a(sai.o)
                0x0000000008007d40                daisy::SaiHandle::StopDma()
 .text._ZN5daisy9SaiHandle13GetSampleRateEv
                0x0000000008007d58       0x24 /Users/amc/git/libDaisy/build/libdaisy.a(sai.o)
                0x0000000008007d58                daisy::SaiHandle::GetSampleRate()
 .text._ZNK5daisy9SaiHandle9GetOffsetEv
                0x0000000008007d7c        0x8 /Users/amc/git/libDaisy/build/libdaisy.a(sai.o)
                0x0000000008007d7c                daisy::SaiHandle::GetOffset() const
 .text._ZN5daisy9SpiHandle4Impl7InitDmaEv
                0x0000000008007d84       0xec /Users/amc/git/libDaisy/build/libdaisy.a(spi.o)
                0x0000000008007d84                daisy::SpiHandle::Impl::InitDma()
 .text._ZN5daisy9SpiHandle4Impl10StartDmaTxEPhjPFvPvEPFvS3_NS0_6ResultEES3_
                0x0000000008007e70       0xc8 /Users/amc/git/libDaisy/build/libdaisy.a(spi.o)
                0x0000000008007e70                daisy::SpiHandle::Impl::StartDmaTx(unsigned char*, unsigned int, void (*)(void*), void (*)(void*, daisy::SpiHandle::Result), void*)
 .text._ZN5daisy9SpiHandle4Impl10StartDmaRxEPhjPFvPvEPFvS3_NS0_6ResultEES3_
                0x0000000008007f38       0xc8 /Users/amc/git/libDaisy/build/libdaisy.a(spi.o)
                0x0000000008007f38                daisy::SpiHandle::Impl::StartDmaRx(unsigned char*, unsigned int, void (*)(void*), void (*)(void*, daisy::SpiHandle::Result), void*)
 .text._ZN5daisy9SpiHandle4Impl12StartDmaRxTxEPhS2_jPFvPvEPFvS3_NS0_6ResultEES3_
                0x0000000008008000       0xcc /Users/amc/git/libDaisy/build/libdaisy.a(spi.o)
                0x0000000008008000                daisy::SpiHandle::Impl::StartDmaRxTx(unsigned char*, unsigned char*, unsigned int, void (*)(void*), void (*)(void*, daisy::SpiHandle::Result), void*)
 .text._ZN5daisy9SpiHandle4Impl8InitPinsEv
                0x00000000080080cc      0x274 /Users/amc/git/libDaisy/build/libdaisy.a(spi.o)
                0x00000000080080cc                daisy::SpiHandle::Impl::InitPins()
 .text.HAL_SPI_MspInit
                0x0000000008008340      0x1a8 /Users/amc/git/libDaisy/build/libdaisy.a(spi.o)
                0x0000000008008340                HAL_SPI_MspInit
 .text.dsy_spi_global_init
                0x00000000080084e8       0x80 /Users/amc/git/libDaisy/build/libdaisy.a(spi.o)
                0x00000000080084e8                dsy_spi_global_init
 .text.SPI1_IRQHandler
                0x0000000008008568        0xc /Users/amc/git/libDaisy/build/libdaisy.a(spi.o)
                0x0000000008008568                SPI1_IRQHandler
 .text.SPI2_IRQHandler
                0x0000000008008574        0xc /Users/amc/git/libDaisy/build/libdaisy.a(spi.o)
                0x0000000008008574                SPI2_IRQHandler
 .text.SPI3_IRQHandler
                0x0000000008008580        0xc /Users/amc/git/libDaisy/build/libdaisy.a(spi.o)
                0x0000000008008580                SPI3_IRQHandler
 .text.SPI4_IRQHandler
                0x000000000800858c        0xc /Users/amc/git/libDaisy/build/libdaisy.a(spi.o)
                0x000000000800858c                SPI4_IRQHandler
 .text.SPI5_IRQHandler
                0x0000000008008598        0xc /Users/amc/git/libDaisy/build/libdaisy.a(spi.o)
                0x0000000008008598                SPI5_IRQHandler
 .text.DMA2_Stream2_IRQHandler
                0x00000000080085a4       0x34 /Users/amc/git/libDaisy/build/libdaisy.a(spi.o)
                0x00000000080085a4                DMA2_Stream2_IRQHandler
 .text.DMA2_Stream3_IRQHandler
                0x00000000080085d8       0x38 /Users/amc/git/libDaisy/build/libdaisy.a(spi.o)
                0x00000000080085d8                DMA2_Stream3_IRQHandler
 .text.HAL_SPI_TxCpltCallback
                0x0000000008008610       0xc4 /Users/amc/git/libDaisy/build/libdaisy.a(spi.o)
                0x0000000008008610                HAL_SPI_TxCpltCallback
 .text.HAL_SPI_RxCpltCallback
                0x00000000080086d4       0xc4 /Users/amc/git/libDaisy/build/libdaisy.a(spi.o)
                0x00000000080086d4                HAL_SPI_RxCpltCallback
 .text.HAL_SPI_TxRxCpltCallback
                0x0000000008008798       0xc4 /Users/amc/git/libDaisy/build/libdaisy.a(spi.o)
                0x0000000008008798                HAL_SPI_TxRxCpltCallback
 .text.HAL_SPI_ErrorCallback
                0x000000000800885c       0xc8 /Users/amc/git/libDaisy/build/libdaisy.a(spi.o)
                0x000000000800885c                HAL_SPI_ErrorCallback
 .text._ZN5daisy9SpiHandle4InitERKNS0_6ConfigE
                0x0000000008008924      0x110 /Users/amc/git/libDaisy/build/libdaisy.a(spi.o)
                0x0000000008008924                daisy::SpiHandle::Init(daisy::SpiHandle::Config const&)
 .text._ZN5daisy9SpiHandle16BlockingTransmitEPhjm
                0x0000000008008a34       0x14 /Users/amc/git/libDaisy/build/libdaisy.a(spi.o)
                0x0000000008008a34                daisy::SpiHandle::BlockingTransmit(unsigned char*, unsigned int, unsigned long)
 .text.startup._GLOBAL__sub_I__Z19MapInstanceToHandleP11SPI_TypeDef
                0x0000000008008a48      0x1b0 /Users/amc/git/libDaisy/build/libdaisy.a(spi.o)
 .text._ZL20UART_CheckRxListenerPN5daisy11UartHandler4ImplE
                0x0000000008008bf8       0x84 /Users/amc/git/libDaisy/build/libdaisy.a(uart.o)
 .text._ZN5daisy11UartHandler4Impl10StartDmaTxEPhjPFvPvEPFvS3_NS0_6ResultEES3_
                0x0000000008008c7c      0x184 /Users/amc/git/libDaisy/build/libdaisy.a(uart.o)
                0x0000000008008c7c                daisy::UartHandler::Impl::StartDmaTx(unsigned char*, unsigned int, void (*)(void*), void (*)(void*, daisy::UartHandler::Result), void*)
 .text._ZN5daisy11UartHandler4Impl10StartDmaRxEPhjPFvPvEPFvS3_NS0_6ResultEES3_
                0x0000000008008e00      0x184 /Users/amc/git/libDaisy/build/libdaisy.a(uart.o)
                0x0000000008008e00                daisy::UartHandler::Impl::StartDmaRx(unsigned char*, unsigned int, void (*)(void*), void (*)(void*, daisy::UartHandler::Result), void*)
 .text._ZN5daisy11UartHandler4Impl19DmaTransferFinishedEP20__UART_HandleTypeDefNS0_6ResultE
                0x0000000008008f84       0xc0 /Users/amc/git/libDaisy/build/libdaisy.a(uart.o)
                0x0000000008008f84                daisy::UartHandler::Impl::DmaTransferFinished(__UART_HandleTypeDef*, daisy::UartHandler::Result)
 .text._ZN5daisy11UartHandler4Impl8InitPinsEv
                0x0000000008009044      0x154 /Users/amc/git/libDaisy/build/libdaisy.a(uart.o)
                0x0000000008009044                daisy::UartHandler::Impl::InitPins()
 .text.HAL_UART_MspInit
                0x0000000008009198      0x210 /Users/amc/git/libDaisy/build/libdaisy.a(uart.o)
                0x0000000008009198                HAL_UART_MspInit
 .text.dsy_uart_global_init
                0x00000000080093a8       0xfc /Users/amc/git/libDaisy/build/libdaisy.a(uart.o)
                0x00000000080093a8                dsy_uart_global_init
 .text.USART1_IRQHandler
                0x00000000080094a4       0x2c /Users/amc/git/libDaisy/build/libdaisy.a(uart.o)
                0x00000000080094a4                USART1_IRQHandler
 .text.USART2_IRQHandler
                0x00000000080094d0       0x34 /Users/amc/git/libDaisy/build/libdaisy.a(uart.o)
                0x00000000080094d0                USART2_IRQHandler
 .text.USART3_IRQHandler
                0x0000000008009504       0x34 /Users/amc/git/libDaisy/build/libdaisy.a(uart.o)
                0x0000000008009504                USART3_IRQHandler
 .text.UART4_IRQHandler
                0x0000000008009538       0x34 /Users/amc/git/libDaisy/build/libdaisy.a(uart.o)
                0x0000000008009538                UART4_IRQHandler
 .text.UART5_IRQHandler
                0x000000000800956c       0x34 /Users/amc/git/libDaisy/build/libdaisy.a(uart.o)
                0x000000000800956c                UART5_IRQHandler
 .text.USART6_IRQHandler
                0x00000000080095a0       0x34 /Users/amc/git/libDaisy/build/libdaisy.a(uart.o)
                0x00000000080095a0                USART6_IRQHandler
 .text.UART7_IRQHandler
                0x00000000080095d4       0x34 /Users/amc/git/libDaisy/build/libdaisy.a(uart.o)
                0x00000000080095d4                UART7_IRQHandler
 .text.UART8_IRQHandler
                0x0000000008009608       0x34 /Users/amc/git/libDaisy/build/libdaisy.a(uart.o)
                0x0000000008009608                UART8_IRQHandler
 .text.LPUART1_IRQHandler
                0x000000000800963c       0x34 /Users/amc/git/libDaisy/build/libdaisy.a(uart.o)
                0x000000000800963c                LPUART1_IRQHandler
 .text.DMA1_Stream5_IRQHandler
                0x0000000008009670       0x34 /Users/amc/git/libDaisy/build/libdaisy.a(uart.o)
                0x0000000008009670                DMA1_Stream5_IRQHandler
 .text.DMA2_Stream4_IRQHandler
                0x00000000080096a4       0x38 /Users/amc/git/libDaisy/build/libdaisy.a(uart.o)
                0x00000000080096a4                DMA2_Stream4_IRQHandler
 .text.HAL_UART_TxCpltCallback
                0x00000000080096dc        0x8 /Users/amc/git/libDaisy/build/libdaisy.a(uart.o)
                0x00000000080096dc                HAL_UART_TxCpltCallback
 .text.HAL_UART_RxCpltCallback
                0x00000000080096e4       0x94 /Users/amc/git/libDaisy/build/libdaisy.a(uart.o)
                0x00000000080096e4                HAL_UART_RxCpltCallback
 .text.HAL_UART_RxHalfCpltCallback
                0x0000000008009778       0x90 /Users/amc/git/libDaisy/build/libdaisy.a(uart.o)
                0x0000000008009778                HAL_UART_RxHalfCpltCallback
 .text.HAL_UART_ErrorCallback
                0x0000000008009808        0x8 /Users/amc/git/libDaisy/build/libdaisy.a(uart.o)
                0x0000000008009808                HAL_UART_ErrorCallback
 .text._ZN5daisy11UartHandler4InitERKNS0_6ConfigE
                0x0000000008009810       0xd4 /Users/amc/git/libDaisy/build/libdaisy.a(uart.o)
                0x0000000008009810                daisy::UartHandler::Init(daisy::UartHandler::Config const&)
 .text.startup._GLOBAL__sub_I__Z19MapInstanceToHandleP13USART_TypeDef
                0x00000000080098e4      0x194 /Users/amc/git/libDaisy/build/libdaisy.a(uart.o)
 .text.dsy_dma_init
                0x0000000008009a78      0x100 /Users/amc/git/libDaisy/build/libdaisy.a(dma.o)
                0x0000000008009a78                dsy_dma_init
 .text.dsy_dma_invalidate_cache_for_buffer
                0x0000000008009b78       0x2c /Users/amc/git/libDaisy/build/libdaisy.a(dma.o)
                0x0000000008009b78                dsy_dma_invalidate_cache_for_buffer
 .text._ZN5daisy11TimerHandleD2Ev
                0x0000000008009ba4        0x4 /Users/amc/git/libDaisy/build/libdaisy.a(system.o)
                0x0000000008009ba4                daisy::TimerHandle::~TimerHandle()
                0x0000000008009ba4                daisy::TimerHandle::~TimerHandle()
 .text.SysTick_Handler
                0x0000000008009ba8       0x10 /Users/amc/git/libDaisy/build/libdaisy.a(system.o)
                0x0000000008009ba8                SysTick_Handler
 .text.OTG_HS_EP1_OUT_IRQHandler
                0x0000000008009bb8       0x24 /Users/amc/git/libDaisy/build/libdaisy.a(system.o)
                0x0000000008009bb8                OTG_HS_EP1_OUT_IRQHandler
 .text.OTG_HS_EP1_IN_IRQHandler
                0x0000000008009bdc       0x24 /Users/amc/git/libDaisy/build/libdaisy.a(system.o)
                0x0000000008009bdc                OTG_HS_EP1_IN_IRQHandler
 .text.OTG_HS_IRQHandler
                0x0000000008009c00       0x24 /Users/amc/git/libDaisy/build/libdaisy.a(system.o)
                0x0000000008009c00                OTG_HS_IRQHandler
 .text.HardFault_Handler
                0x0000000008009c24       0xe0 /Users/amc/git/libDaisy/build/libdaisy.a(system.o)
                0x0000000008009c24                HardFault_Handler
 .text._ZN5daisy6System6GetNowEv
                0x0000000008009d04        0x4 /Users/amc/git/libDaisy/build/libdaisy.a(system.o)
                0x0000000008009d04                daisy::System::GetNow()
 .text._ZN5daisy6System7GetTickEv
                0x0000000008009d08        0xc /Users/amc/git/libDaisy/build/libdaisy.a(system.o)
                0x0000000008009d08                daisy::System::GetTick()
 .text._ZN5daisy6System5DelayEm
                0x0000000008009d14        0x4 /Users/amc/git/libDaisy/build/libdaisy.a(system.o)
                0x0000000008009d14                daisy::System::Delay(unsigned long)
 .text._ZN5daisy6System10DelayTicksEm
                0x0000000008009d18        0xc /Users/amc/git/libDaisy/build/libdaisy.a(system.o)
                0x0000000008009d18                daisy::System::DelayTicks(unsigned long)
 .text._ZN5daisy6System17ResetToBootloaderEv
                0x0000000008009d24       0x38 /Users/amc/git/libDaisy/build/libdaisy.a(system.o)
                0x0000000008009d24                daisy::System::ResetToBootloader()
 .text._ZN5daisy6System15ConfigureClocksEv
                0x0000000008009d5c      0x194 /Users/amc/git/libDaisy/build/libdaisy.a(system.o)
                0x0000000008009d5c                daisy::System::ConfigureClocks()
 .text._ZN5daisy6System4InitERKNS0_6ConfigE
                0x0000000008009ef0      0x140 /Users/amc/git/libDaisy/build/libdaisy.a(system.o)
                0x0000000008009ef0                daisy::System::Init(daisy::System::Config const&)
 .text._ZN5daisy6System12GetPClk1FreqEv
                0x000000000800a030        0x4 /Users/amc/git/libDaisy/build/libdaisy.a(system.o)
                0x000000000800a030                daisy::System::GetPClk1Freq()
 .text._ZN5daisy6System11GetTickFreqEv
                0x000000000800a034        0xc /Users/amc/git/libDaisy/build/libdaisy.a(system.o)
                0x000000000800a034                daisy::System::GetTickFreq()
 .text._ZN5daisy6System22GetProgramMemoryRegionEv
                0x000000000800a040       0x78 /Users/amc/git/libDaisy/build/libdaisy.a(system.o)
                0x000000000800a040                daisy::System::GetProgramMemoryRegion()
 .text.startup._GLOBAL__sub_I_SysTick_Handler
                0x000000000800a0b8       0x1c /Users/amc/git/libDaisy/build/libdaisy.a(system.o)
 .text.SystemInit
                0x000000000800a0d4       0x9c /Users/amc/git/libDaisy/build/libdaisy.a(system_stm32h7xx.o)
                0x000000000800a0d4                SystemInit
 .text.HAL_PCD_SetupStageCallback
                0x000000000800a170        0xc /Users/amc/git/libDaisy/build/libdaisy.a(usbd_conf.o)
                0x000000000800a170                HAL_PCD_SetupStageCallback
 .text.HAL_PCD_DataOutStageCallback
                0x000000000800a17c       0x14 /Users/amc/git/libDaisy/build/libdaisy.a(usbd_conf.o)
                0x000000000800a17c                HAL_PCD_DataOutStageCallback
 .text.HAL_PCD_DataInStageCallback
                0x000000000800a190       0x14 /Users/amc/git/libDaisy/build/libdaisy.a(usbd_conf.o)
                0x000000000800a190                HAL_PCD_DataInStageCallback
 .text.HAL_PCD_SOFCallback
                0x000000000800a1a4        0x8 /Users/amc/git/libDaisy/build/libdaisy.a(usbd_conf.o)
                0x000000000800a1a4                HAL_PCD_SOFCallback
 .text.HAL_PCD_ResetCallback
                0x000000000800a1ac       0x24 /Users/amc/git/libDaisy/build/libdaisy.a(usbd_conf.o)
                0x000000000800a1ac                HAL_PCD_ResetCallback
 .text.HAL_PCD_SuspendCallback
                0x000000000800a1d0       0x30 /Users/amc/git/libDaisy/build/libdaisy.a(usbd_conf.o)
                0x000000000800a1d0                HAL_PCD_SuspendCallback
 .text.HAL_PCD_ResumeCallback
                0x000000000800a200        0x8 /Users/amc/git/libDaisy/build/libdaisy.a(usbd_conf.o)
                0x000000000800a200                HAL_PCD_ResumeCallback
 .text.HAL_PCD_ISOOUTIncompleteCallback
                0x000000000800a208        0x8 /Users/amc/git/libDaisy/build/libdaisy.a(usbd_conf.o)
                0x000000000800a208                HAL_PCD_ISOOUTIncompleteCallback
 .text.HAL_PCD_ISOINIncompleteCallback
                0x000000000800a210        0x8 /Users/amc/git/libDaisy/build/libdaisy.a(usbd_conf.o)
                0x000000000800a210                HAL_PCD_ISOINIncompleteCallback
 .text.HAL_PCD_ConnectCallback
                0x000000000800a218        0x8 /Users/amc/git/libDaisy/build/libdaisy.a(usbd_conf.o)
                0x000000000800a218                HAL_PCD_ConnectCallback
 .text.HAL_PCD_DisconnectCallback
                0x000000000800a220        0x8 /Users/amc/git/libDaisy/build/libdaisy.a(usbd_conf.o)
                0x000000000800a220                HAL_PCD_DisconnectCallback
 .text.USBD_LL_OpenEP
                0x000000000800a228       0x24 /Users/amc/git/libDaisy/build/libdaisy.a(usbd_conf.o)
                0x000000000800a228                USBD_LL_OpenEP
 .text.USBD_LL_StallEP
                0x000000000800a24c       0x1c /Users/amc/git/libDaisy/build/libdaisy.a(usbd_conf.o)
                0x000000000800a24c                USBD_LL_StallEP
 .text.USBD_LL_ClearStallEP
                0x000000000800a268       0x1c /Users/amc/git/libDaisy/build/libdaisy.a(usbd_conf.o)
                0x000000000800a268                USBD_LL_ClearStallEP
 .text.USBD_LL_IsStallEP
                0x000000000800a284       0x28 /Users/amc/git/libDaisy/build/libdaisy.a(usbd_conf.o)
                0x000000000800a284                USBD_LL_IsStallEP
 .text.USBD_LL_SetUSBAddress
                0x000000000800a2ac       0x1c /Users/amc/git/libDaisy/build/libdaisy.a(usbd_conf.o)
                0x000000000800a2ac                USBD_LL_SetUSBAddress
 .text.USBD_LL_Transmit
                0x000000000800a2c8       0x1c /Users/amc/git/libDaisy/build/libdaisy.a(usbd_conf.o)
                0x000000000800a2c8                USBD_LL_Transmit
 .text.USBD_LL_PrepareReceive
                0x000000000800a2e4       0x1c /Users/amc/git/libDaisy/build/libdaisy.a(usbd_conf.o)
                0x000000000800a2e4                USBD_LL_PrepareReceive
 .text.HAL_HCD_SOF_Callback
                0x000000000800a300        0x8 /Users/amc/git/libDaisy/build/libdaisy.a(usbh_conf.o)
                0x000000000800a300                HAL_HCD_SOF_Callback
 .text.HAL_HCD_Connect_Callback
                0x000000000800a308        0x8 /Users/amc/git/libDaisy/build/libdaisy.a(usbh_conf.o)
                0x000000000800a308                HAL_HCD_Connect_Callback
 .text.HAL_HCD_Disconnect_Callback
                0x000000000800a310        0x8 /Users/amc/git/libDaisy/build/libdaisy.a(usbh_conf.o)
                0x000000000800a310                HAL_HCD_Disconnect_Callback
 .text.HAL_HCD_HC_NotifyURBChange_Callback
                0x000000000800a318        0x4 /Users/amc/git/libDaisy/build/libdaisy.a(usbh_conf.o)
                0x000000000800a318                HAL_HCD_HC_NotifyURBChange_Callback
 .text.HAL_HCD_PortEnabled_Callback
                0x000000000800a31c        0x8 /Users/amc/git/libDaisy/build/libdaisy.a(usbh_conf.o)
                0x000000000800a31c                HAL_HCD_PortEnabled_Callback
 .text.HAL_HCD_PortDisabled_Callback
                0x000000000800a324        0x8 /Users/amc/git/libDaisy/build/libdaisy.a(usbh_conf.o)
                0x000000000800a324                HAL_HCD_PortDisabled_Callback
 .text.USBH_LL_Stop
                0x000000000800a32c       0x1c /Users/amc/git/libDaisy/build/libdaisy.a(usbh_conf.o)
                0x000000000800a32c                USBH_LL_Stop
 .text.dsy_hal_map_get_port
                0x000000000800a348       0x10 /Users/amc/git/libDaisy/build/libdaisy.a(hal_map.o)
                0x000000000800a348                dsy_hal_map_get_port
 .text.dsy_hal_map_get_pin
                0x000000000800a358       0x10 /Users/amc/git/libDaisy/build/libdaisy.a(hal_map.o)
                0x000000000800a358                dsy_hal_map_get_pin
 .text.dsy_hal_map_gpio_clk_enable
                0x000000000800a368      0x150 /Users/amc/git/libDaisy/build/libdaisy.a(hal_map.o)
                0x000000000800a368                dsy_hal_map_gpio_clk_enable
 .text.HAL_MspInit
                0x000000000800a4b8        0x4 /Users/amc/git/libDaisy/build/libdaisy.a(stm32h7xx_hal.o)
                0x000000000800a4b8                HAL_MspInit
 .text.HAL_InitTick
                0x000000000800a4bc       0x4c /Users/amc/git/libDaisy/build/libdaisy.a(stm32h7xx_hal.o)
                0x000000000800a4bc                HAL_InitTick
 .text.HAL_Init
                0x000000000800a508       0x60 /Users/amc/git/libDaisy/build/libdaisy.a(stm32h7xx_hal.o)
                0x000000000800a508                HAL_Init
 .text.HAL_IncTick
                0x000000000800a568       0x18 /Users/amc/git/libDaisy/build/libdaisy.a(stm32h7xx_hal.o)
                0x000000000800a568                HAL_IncTick
 .text.HAL_GetTick
                0x000000000800a580        0xc /Users/amc/git/libDaisy/build/libdaisy.a(stm32h7xx_hal.o)
                0x000000000800a580                HAL_GetTick
 .text.HAL_Delay
                0x000000000800a58c       0x24 /Users/amc/git/libDaisy/build/libdaisy.a(stm32h7xx_hal.o)
                0x000000000800a58c                HAL_Delay
 .text.HAL_GetREVID
                0x000000000800a5b0        0xc /Users/amc/git/libDaisy/build/libdaisy.a(stm32h7xx_hal.o)
                0x000000000800a5b0                HAL_GetREVID
 .text.HAL_ADC_ConvHalfCpltCallback
                0x000000000800a5bc        0x4 /Users/amc/git/libDaisy/build/libdaisy.a(stm32h7xx_hal_adc.o)
                0x000000000800a5bc                HAL_ADC_ConvHalfCpltCallback
 .text.ADC_DMAHalfConvCplt
                0x000000000800a5c0        0xc /Users/amc/git/libDaisy/build/libdaisy.a(stm32h7xx_hal_adc.o)
                0x000000000800a5c0                ADC_DMAHalfConvCplt
 .text.ADC_DMAConvCplt
                0x000000000800a5cc       0x6c /Users/amc/git/libDaisy/build/libdaisy.a(stm32h7xx_hal_adc.o)
                0x000000000800a5cc                ADC_DMAConvCplt
 .text.ADC_DMAError
                0x000000000800a638       0x1c /Users/amc/git/libDaisy/build/libdaisy.a(stm32h7xx_hal_adc.o)
                0x000000000800a638                ADC_DMAError
 .text.HAL_ADC_ConfigChannel
                0x000000000800a654      0x3fc /Users/amc/git/libDaisy/build/libdaisy.a(stm32h7xx_hal_adc.o)
                0x000000000800a654                HAL_ADC_ConfigChannel
 .text.ADC_Enable
                0x000000000800aa50       0xac /Users/amc/git/libDaisy/build/libdaisy.a(stm32h7xx_hal_adc.o)
                0x000000000800aa50                ADC_Enable
 .text.HAL_ADC_Start_DMA
                0x000000000800aafc      0x114 /Users/amc/git/libDaisy/build/libdaisy.a(stm32h7xx_hal_adc.o)
                0x000000000800aafc                HAL_ADC_Start_DMA
 .text.ADC_Disable
                0x000000000800ac10       0x68 /Users/amc/git/libDaisy/build/libdaisy.a(stm32h7xx_hal_adc.o)
                0x000000000800ac10                ADC_Disable
 .text.ADC_ConfigureBoostMode
                0x000000000800ac78      0x184 /Users/amc/git/libDaisy/build/libdaisy.a(stm32h7xx_hal_adc.o)
                0x000000000800ac78                ADC_ConfigureBoostMode
 .text.HAL_ADC_Init
                0x000000000800adfc      0x218 /Users/amc/git/libDaisy/build/libdaisy.a(stm32h7xx_hal_adc.o)
                0x000000000800adfc                HAL_ADC_Init
 .text.HAL_ADCEx_Calibration_Start
                0x000000000800b014       0xa4 /Users/amc/git/libDaisy/build/libdaisy.a(stm32h7xx_hal_adc_ex.o)
                0x000000000800b014                HAL_ADCEx_Calibration_Start
 .text.HAL_ADCEx_MultiModeConfigChannel
                0x000000000800b0b8       0xc4 /Users/amc/git/libDaisy/build/libdaisy.a(stm32h7xx_hal_adc_ex.o)
                0x000000000800b0b8                HAL_ADCEx_MultiModeConfigChannel
 .text.HAL_NVIC_SetPriorityGrouping
                0x000000000800b17c       0x24 /Users/amc/git/libDaisy/build/libdaisy.a(stm32h7xx_hal_cortex.o)
                0x000000000800b17c                HAL_NVIC_SetPriorityGrouping
 .text.HAL_NVIC_SetPriority
                0x000000000800b1a0       0x7c /Users/amc/git/libDaisy/build/libdaisy.a(stm32h7xx_hal_cortex.o)
                0x000000000800b1a0                HAL_NVIC_SetPriority
 .text.HAL_NVIC_EnableIRQ
                0x000000000800b21c       0x1c /Users/amc/git/libDaisy/build/libdaisy.a(stm32h7xx_hal_cortex.o)
                0x000000000800b21c                HAL_NVIC_EnableIRQ
 .text.HAL_NVIC_DisableIRQ
                0x000000000800b238       0x28 /Users/amc/git/libDaisy/build/libdaisy.a(stm32h7xx_hal_cortex.o)
                0x000000000800b238                HAL_NVIC_DisableIRQ
 .text.HAL_NVIC_SystemReset
                0x000000000800b260       0x24 /Users/amc/git/libDaisy/build/libdaisy.a(stm32h7xx_hal_cortex.o)
                0x000000000800b260                HAL_NVIC_SystemReset
 .text.HAL_SYSTICK_Config
                0x000000000800b284       0x2c /Users/amc/git/libDaisy/build/libdaisy.a(stm32h7xx_hal_cortex.o)
                0x000000000800b284                HAL_SYSTICK_Config
 .text.HAL_MPU_Disable
                0x000000000800b2b0       0x1c /Users/amc/git/libDaisy/build/libdaisy.a(stm32h7xx_hal_cortex.o)
                0x000000000800b2b0                HAL_MPU_Disable
 .text.HAL_MPU_Enable
                0x000000000800b2cc       0x20 /Users/amc/git/libDaisy/build/libdaisy.a(stm32h7xx_hal_cortex.o)
                0x000000000800b2cc                HAL_MPU_Enable
 .text.HAL_MPU_ConfigRegion
                0x000000000800b2ec       0x64 /Users/amc/git/libDaisy/build/libdaisy.a(stm32h7xx_hal_cortex.o)
                0x000000000800b2ec                HAL_MPU_ConfigRegion
 .text.HAL_SYSTICK_Callback
                0x000000000800b350        0x4 /Users/amc/git/libDaisy/build/libdaisy.a(stm32h7xx_hal_cortex.o)
                0x000000000800b350                HAL_SYSTICK_Callback
 .text.HAL_SYSTICK_IRQHandler
                0x000000000800b354        0x8 /Users/amc/git/libDaisy/build/libdaisy.a(stm32h7xx_hal_cortex.o)
                0x000000000800b354                HAL_SYSTICK_IRQHandler
 .text.DMA_CalcBaseAndBitshift
                0x000000000800b35c       0xf4 /Users/amc/git/libDaisy/build/libdaisy.a(stm32h7xx_hal_dma.o)
 .text.DMA_CalcDMAMUXChannelBaseAndMask
                0x000000000800b450       0xd8 /Users/amc/git/libDaisy/build/libdaisy.a(stm32h7xx_hal_dma.o)
 .text.HAL_DMA_Init
                0x000000000800b528      0x37c /Users/amc/git/libDaisy/build/libdaisy.a(stm32h7xx_hal_dma.o)
                0x000000000800b528                HAL_DMA_Init
 .text.HAL_DMA_Start_IT
                0x000000000800b8a4      0x240 /Users/amc/git/libDaisy/build/libdaisy.a(stm32h7xx_hal_dma.o)
                0x000000000800b8a4                HAL_DMA_Start_IT
 .text.HAL_DMA_Abort
                0x000000000800bae4      0x21c /Users/amc/git/libDaisy/build/libdaisy.a(stm32h7xx_hal_dma.o)
                0x000000000800bae4                HAL_DMA_Abort
 .text.HAL_DMA_Abort_IT
                0x000000000800bd00      0x134 /Users/amc/git/libDaisy/build/libdaisy.a(stm32h7xx_hal_dma.o)
                0x000000000800bd00                HAL_DMA_Abort_IT
 .text.HAL_DMA_IRQHandler
                0x000000000800be34      0x6a0 /Users/amc/git/libDaisy/build/libdaisy.a(stm32h7xx_hal_dma.o)
                0x000000000800be34                HAL_DMA_IRQHandler
 .text.HAL_DMA_GetError
                0x000000000800c4d4        0x4 /Users/amc/git/libDaisy/build/libdaisy.a(stm32h7xx_hal_dma.o)
                0x000000000800c4d4                HAL_DMA_GetError
 .text.HAL_GPIO_Init
                0x000000000800c4d8      0x280 /Users/amc/git/libDaisy/build/libdaisy.a(stm32h7xx_hal_gpio.o)
                0x000000000800c4d8                HAL_GPIO_Init
 .text.HAL_GPIO_DeInit
                0x000000000800c758      0x190 /Users/amc/git/libDaisy/build/libdaisy.a(stm32h7xx_hal_gpio.o)
                0x000000000800c758                HAL_GPIO_DeInit
 .text.HAL_GPIO_ReadPin
                0x000000000800c8e8        0xc /Users/amc/git/libDaisy/build/libdaisy.a(stm32h7xx_hal_gpio.o)
                0x000000000800c8e8                HAL_GPIO_ReadPin
 .text.HAL_GPIO_WritePin
                0x000000000800c8f4        0x8 /Users/amc/git/libDaisy/build/libdaisy.a(stm32h7xx_hal_gpio.o)
                0x000000000800c8f4                HAL_GPIO_WritePin
 .text.HAL_HCD_IRQHandler
                0x000000000800c8fc      0x780 /Users/amc/git/libDaisy/build/libdaisy.a(stm32h7xx_hal_hcd.o)
                0x000000000800c8fc                HAL_HCD_IRQHandler
 .text.HAL_HCD_Stop
                0x000000000800d07c       0x28 /Users/amc/git/libDaisy/build/libdaisy.a(stm32h7xx_hal_hcd.o)
                0x000000000800d07c                HAL_HCD_Stop
 .text.I2C_WaitOnTXISFlagUntilTimeout
                0x000000000800d0a4       0xb8 /Users/amc/git/libDaisy/build/libdaisy.a(stm32h7xx_hal_i2c.o)
 .text.I2C_WaitOnSTOPFlagUntilTimeout
                0x000000000800d15c       0xac /Users/amc/git/libDaisy/build/libdaisy.a(stm32h7xx_hal_i2c.o)
 .text.HAL_I2C_Init
                0x000000000800d208       0xac /Users/amc/git/libDaisy/build/libdaisy.a(stm32h7xx_hal_i2c.o)
                0x000000000800d208                HAL_I2C_Init
 .text.HAL_I2C_Master_Transmit
                0x000000000800d2b4      0x1a8 /Users/amc/git/libDaisy/build/libdaisy.a(stm32h7xx_hal_i2c.o)
                0x000000000800d2b4                HAL_I2C_Master_Transmit
 .text.HAL_I2C_Slave_Transmit
                0x000000000800d45c      0x1c8 /Users/amc/git/libDaisy/build/libdaisy.a(stm32h7xx_hal_i2c.o)
                0x000000000800d45c                HAL_I2C_Slave_Transmit
 .text.HAL_I2C_EV_IRQHandler
                0x000000000800d624       0x10 /Users/amc/git/libDaisy/build/libdaisy.a(stm32h7xx_hal_i2c.o)
                0x000000000800d624                HAL_I2C_EV_IRQHandler
 .text.HAL_I2C_GetState
                0x000000000800d634        0x8 /Users/amc/git/libDaisy/build/libdaisy.a(stm32h7xx_hal_i2c.o)
                0x000000000800d634                HAL_I2C_GetState
 .text.HAL_I2CEx_ConfigAnalogFilter
                0x000000000800d63c       0x54 /Users/amc/git/libDaisy/build/libdaisy.a(stm32h7xx_hal_i2c_ex.o)
                0x000000000800d63c                HAL_I2CEx_ConfigAnalogFilter
 .text.HAL_I2CEx_ConfigDigitalFilter
                0x000000000800d690       0x58 /Users/amc/git/libDaisy/build/libdaisy.a(stm32h7xx_hal_i2c_ex.o)
                0x000000000800d690                HAL_I2CEx_ConfigDigitalFilter
 .text.HAL_PCD_IRQHandler
                0x000000000800d6e8      0x69c /Users/amc/git/libDaisy/build/libdaisy.a(stm32h7xx_hal_pcd.o)
                0x000000000800d6e8                HAL_PCD_IRQHandler
 .text.HAL_PCD_SetAddress
                0x000000000800dd84       0x2c /Users/amc/git/libDaisy/build/libdaisy.a(stm32h7xx_hal_pcd.o)
                0x000000000800dd84                HAL_PCD_SetAddress
 .text.HAL_PCD_EP_Open
                0x000000000800ddb0       0x7c /Users/amc/git/libDaisy/build/libdaisy.a(stm32h7xx_hal_pcd.o)
                0x000000000800ddb0                HAL_PCD_EP_Open
 .text.HAL_PCD_EP_Receive
                0x000000000800de2c       0x50 /Users/amc/git/libDaisy/build/libdaisy.a(stm32h7xx_hal_pcd.o)
                0x000000000800de2c                HAL_PCD_EP_Receive
 .text.HAL_PCD_EP_Transmit
                0x000000000800de7c       0x50 /Users/amc/git/libDaisy/build/libdaisy.a(stm32h7xx_hal_pcd.o)
                0x000000000800de7c                HAL_PCD_EP_Transmit
 .text.HAL_PCD_EP_SetStall
                0x000000000800decc       0x88 /Users/amc/git/libDaisy/build/libdaisy.a(stm32h7xx_hal_pcd.o)
                0x000000000800decc                HAL_PCD_EP_SetStall
 .text.HAL_PCD_EP_ClrStall
                0x000000000800df54       0x78 /Users/amc/git/libDaisy/build/libdaisy.a(stm32h7xx_hal_pcd.o)
                0x000000000800df54                HAL_PCD_EP_ClrStall
 .text.HAL_PCDEx_LPM_Callback
                0x000000000800dfcc        0x4 /Users/amc/git/libDaisy/build/libdaisy.a(stm32h7xx_hal_pcd_ex.o)
                0x000000000800dfcc                HAL_PCDEx_LPM_Callback
 .text.HAL_PWREx_ConfigSupply
                0x000000000800dfd0       0x4c /Users/amc/git/libDaisy/build/libdaisy.a(stm32h7xx_hal_pwr_ex.o)
                0x000000000800dfd0                HAL_PWREx_ConfigSupply
 .text.HAL_PWREx_EnableUSBVoltageDetector
                0x000000000800e01c       0x10 /Users/amc/git/libDaisy/build/libdaisy.a(stm32h7xx_hal_pwr_ex.o)
                0x000000000800e01c                HAL_PWREx_EnableUSBVoltageDetector
 .text.QSPI_Config
                0x000000000800e02c      0x174 /Users/amc/git/libDaisy/build/libdaisy.a(stm32h7xx_hal_qspi.o)
 .text.HAL_QSPI_Init
                0x000000000800e1a0       0xd8 /Users/amc/git/libDaisy/build/libdaisy.a(stm32h7xx_hal_qspi.o)
                0x000000000800e1a0                HAL_QSPI_Init
 .text.HAL_QSPI_DeInit
                0x000000000800e278       0x3c /Users/amc/git/libDaisy/build/libdaisy.a(stm32h7xx_hal_qspi.o)
                0x000000000800e278                HAL_QSPI_DeInit
 .text.HAL_QSPI_Command
                0x000000000800e2b4       0xd4 /Users/amc/git/libDaisy/build/libdaisy.a(stm32h7xx_hal_qspi.o)
                0x000000000800e2b4                HAL_QSPI_Command
 .text.HAL_QSPI_Transmit
                0x000000000800e388       0xfc /Users/amc/git/libDaisy/build/libdaisy.a(stm32h7xx_hal_qspi.o)
                0x000000000800e388                HAL_QSPI_Transmit
 .text.HAL_QSPI_Receive
                0x000000000800e484      0x108 /Users/amc/git/libDaisy/build/libdaisy.a(stm32h7xx_hal_qspi.o)
                0x000000000800e484                HAL_QSPI_Receive
 .text.HAL_QSPI_AutoPolling
                0x000000000800e58c       0xf0 /Users/amc/git/libDaisy/build/libdaisy.a(stm32h7xx_hal_qspi.o)
                0x000000000800e58c                HAL_QSPI_AutoPolling
 .text.HAL_QSPI_MemoryMapped
                0x000000000800e67c       0xc0 /Users/amc/git/libDaisy/build/libdaisy.a(stm32h7xx_hal_qspi.o)
                0x000000000800e67c                HAL_QSPI_MemoryMapped
 .text.HAL_QSPI_ErrorCallback
                0x000000000800e73c        0x4 /Users/amc/git/libDaisy/build/libdaisy.a(stm32h7xx_hal_qspi.o)
                0x000000000800e73c                HAL_QSPI_ErrorCallback
 .text.QSPI_DMAAbortCplt
                0x000000000800e740       0x38 /Users/amc/git/libDaisy/build/libdaisy.a(stm32h7xx_hal_qspi.o)
 .text.HAL_QSPI_AbortCpltCallback
                0x000000000800e778        0x4 /Users/amc/git/libDaisy/build/libdaisy.a(stm32h7xx_hal_qspi.o)
                0x000000000800e778                HAL_QSPI_AbortCpltCallback
 .text.HAL_QSPI_CmdCpltCallback
                0x000000000800e77c        0x4 /Users/amc/git/libDaisy/build/libdaisy.a(stm32h7xx_hal_qspi.o)
                0x000000000800e77c                HAL_QSPI_CmdCpltCallback
 .text.HAL_QSPI_RxCpltCallback
                0x000000000800e780        0x4 /Users/amc/git/libDaisy/build/libdaisy.a(stm32h7xx_hal_qspi.o)
                0x000000000800e780                HAL_QSPI_RxCpltCallback
 .text.HAL_QSPI_TxCpltCallback
                0x000000000800e784        0x4 /Users/amc/git/libDaisy/build/libdaisy.a(stm32h7xx_hal_qspi.o)
                0x000000000800e784                HAL_QSPI_TxCpltCallback
 .text.HAL_QSPI_FifoThresholdCallback
                0x000000000800e788        0x4 /Users/amc/git/libDaisy/build/libdaisy.a(stm32h7xx_hal_qspi.o)
                0x000000000800e788                HAL_QSPI_FifoThresholdCallback
 .text.HAL_QSPI_StatusMatchCallback
                0x000000000800e78c        0x4 /Users/amc/git/libDaisy/build/libdaisy.a(stm32h7xx_hal_qspi.o)
                0x000000000800e78c                HAL_QSPI_StatusMatchCallback
 .text.HAL_QSPI_TimeOutCallback
                0x000000000800e790        0x4 /Users/amc/git/libDaisy/build/libdaisy.a(stm32h7xx_hal_qspi.o)
                0x000000000800e790                HAL_QSPI_TimeOutCallback
 .text.HAL_QSPI_IRQHandler
                0x000000000800e794      0x210 /Users/amc/git/libDaisy/build/libdaisy.a(stm32h7xx_hal_qspi.o)
                0x000000000800e794                HAL_QSPI_IRQHandler
 .text.HAL_RCC_OscConfig
                0x000000000800e9a4      0x51c /Users/amc/git/libDaisy/build/libdaisy.a(stm32h7xx_hal_rcc.o)
                0x000000000800e9a4                HAL_RCC_OscConfig
 .text.HAL_RCC_GetSysClockFreq
                0x000000000800eec0      0x140 /Users/amc/git/libDaisy/build/libdaisy.a(stm32h7xx_hal_rcc.o)
                0x000000000800eec0                HAL_RCC_GetSysClockFreq
 .text.HAL_RCC_ClockConfig
                0x000000000800f000      0x234 /Users/amc/git/libDaisy/build/libdaisy.a(stm32h7xx_hal_rcc.o)
                0x000000000800f000                HAL_RCC_ClockConfig
 .text.HAL_RCC_GetHCLKFreq
                0x000000000800f234       0x2c /Users/amc/git/libDaisy/build/libdaisy.a(stm32h7xx_hal_rcc.o)
                0x000000000800f234                HAL_RCC_GetHCLKFreq
 .text.HAL_RCC_GetPCLK1Freq
                0x000000000800f260       0x38 /Users/amc/git/libDaisy/build/libdaisy.a(stm32h7xx_hal_rcc.o)
                0x000000000800f260                HAL_RCC_GetPCLK1Freq
 .text.HAL_RCC_GetPCLK2Freq
                0x000000000800f298       0x38 /Users/amc/git/libDaisy/build/libdaisy.a(stm32h7xx_hal_rcc.o)
                0x000000000800f298                HAL_RCC_GetPCLK2Freq
 .text.RCCEx_PLL2_Config
                0x000000000800f2d0       0xf4 /Users/amc/git/libDaisy/build/libdaisy.a(stm32h7xx_hal_rcc_ex.o)
 .text.RCCEx_PLL3_Config
                0x000000000800f3c4       0xf4 /Users/amc/git/libDaisy/build/libdaisy.a(stm32h7xx_hal_rcc_ex.o)
 .text.HAL_RCCEx_PeriphCLKConfig
                0x000000000800f4b8      0xa7c /Users/amc/git/libDaisy/build/libdaisy.a(stm32h7xx_hal_rcc_ex.o)
                0x000000000800f4b8                HAL_RCCEx_PeriphCLKConfig
 .text.HAL_RCCEx_GetD3PCLK1Freq
                0x000000000800ff34       0x24 /Users/amc/git/libDaisy/build/libdaisy.a(stm32h7xx_hal_rcc_ex.o)
                0x000000000800ff34                HAL_RCCEx_GetD3PCLK1Freq
 .text.HAL_RCCEx_GetPLL2ClockFreq
                0x000000000800ff58      0x17c /Users/amc/git/libDaisy/build/libdaisy.a(stm32h7xx_hal_rcc_ex.o)
                0x000000000800ff58                HAL_RCCEx_GetPLL2ClockFreq
 .text.HAL_RCCEx_GetPLL3ClockFreq
                0x00000000080100d4      0x17c /Users/amc/git/libDaisy/build/libdaisy.a(stm32h7xx_hal_rcc_ex.o)
                0x00000000080100d4                HAL_RCCEx_GetPLL3ClockFreq
 .text.HAL_RCCEx_GetPLL1ClockFreq
                0x0000000008010250      0x17c /Users/amc/git/libDaisy/build/libdaisy.a(stm32h7xx_hal_rcc_ex.o)
                0x0000000008010250                HAL_RCCEx_GetPLL1ClockFreq
 .text.HAL_RCCEx_GetPeriphCLKFreq
                0x00000000080103cc      0x198 /Users/amc/git/libDaisy/build/libdaisy.a(stm32h7xx_hal_rcc_ex.o)
                0x00000000080103cc                HAL_RCCEx_GetPeriphCLKFreq
 .text.HAL_RCCEx_GetD1SysClockFreq
                0x0000000008010564       0x2c /Users/amc/git/libDaisy/build/libdaisy.a(stm32h7xx_hal_rcc_ex.o)
                0x0000000008010564                HAL_RCCEx_GetD1SysClockFreq
 .text.HAL_SAI_Init.part.0
                0x0000000008010590      0x348 /Users/amc/git/libDaisy/build/libdaisy.a(stm32h7xx_hal_sai.o)
 .text.HAL_SAI_InitProtocol
                0x00000000080108d8      0x178 /Users/amc/git/libDaisy/build/libdaisy.a(stm32h7xx_hal_sai.o)
                0x00000000080108d8                HAL_SAI_InitProtocol
 .text.HAL_SAI_DMAStop
                0x0000000008010a50       0xd8 /Users/amc/git/libDaisy/build/libdaisy.a(stm32h7xx_hal_sai.o)
                0x0000000008010a50                HAL_SAI_DMAStop
 .text.HAL_SAI_Transmit_DMA
                0x0000000008010b28      0x124 /Users/amc/git/libDaisy/build/libdaisy.a(stm32h7xx_hal_sai.o)
                0x0000000008010b28                HAL_SAI_Transmit_DMA
 .text.HAL_SAI_Receive_DMA
                0x0000000008010c4c       0xd0 /Users/amc/git/libDaisy/build/libdaisy.a(stm32h7xx_hal_sai.o)
                0x0000000008010c4c                HAL_SAI_Receive_DMA
 .text.HAL_SAI_TxCpltCallback
                0x0000000008010d1c        0x4 /Users/amc/git/libDaisy/build/libdaisy.a(stm32h7xx_hal_sai.o)
                0x0000000008010d1c                HAL_SAI_TxCpltCallback
 .text.SAI_DMATxCplt
                0x0000000008010d20       0x64 /Users/amc/git/libDaisy/build/libdaisy.a(stm32h7xx_hal_sai.o)
 .text.HAL_SAI_TxHalfCpltCallback
                0x0000000008010d84        0x4 /Users/amc/git/libDaisy/build/libdaisy.a(stm32h7xx_hal_sai.o)
                0x0000000008010d84                HAL_SAI_TxHalfCpltCallback
 .text.SAI_DMATxHalfCplt
                0x0000000008010d88        0xc /Users/amc/git/libDaisy/build/libdaisy.a(stm32h7xx_hal_sai.o)
 .text.SAI_DMARxCplt
                0x0000000008010d94       0x64 /Users/amc/git/libDaisy/build/libdaisy.a(stm32h7xx_hal_sai.o)
 .text.SAI_DMARxHalfCplt
                0x0000000008010df8        0xc /Users/amc/git/libDaisy/build/libdaisy.a(stm32h7xx_hal_sai.o)
 .text.HAL_SAI_ErrorCallback
                0x0000000008010e04        0x4 /Users/amc/git/libDaisy/build/libdaisy.a(stm32h7xx_hal_sai.o)
                0x0000000008010e04                HAL_SAI_ErrorCallback
 .text.SAI_DMAError
                0x0000000008010e08       0x6c /Users/amc/git/libDaisy/build/libdaisy.a(stm32h7xx_hal_sai.o)
 .text.HAL_SDRAM_Init
                0x0000000008010e74       0x54 /Users/amc/git/libDaisy/build/libdaisy.a(stm32h7xx_hal_sdram.o)
                0x0000000008010e74                HAL_SDRAM_Init
 .text.HAL_SDRAM_SendCommand
                0x0000000008010ec8       0x40 /Users/amc/git/libDaisy/build/libdaisy.a(stm32h7xx_hal_sdram.o)
                0x0000000008010ec8                HAL_SDRAM_SendCommand
 .text.HAL_SDRAM_ProgramRefreshRate
                0x0000000008010f08       0x30 /Users/amc/git/libDaisy/build/libdaisy.a(stm32h7xx_hal_sdram.o)
                0x0000000008010f08                HAL_SDRAM_ProgramRefreshRate
 .text.SPI_CloseTransfer
                0x0000000008010f38       0xb8 /Users/amc/git/libDaisy/build/libdaisy.a(stm32h7xx_hal_spi.o)
 .text.HAL_SPI_Init
                0x0000000008010ff0      0x15c /Users/amc/git/libDaisy/build/libdaisy.a(stm32h7xx_hal_spi.o)
                0x0000000008010ff0                HAL_SPI_Init
 .text.HAL_SPI_Transmit
                0x000000000801114c      0x314 /Users/amc/git/libDaisy/build/libdaisy.a(stm32h7xx_hal_spi.o)
                0x000000000801114c                HAL_SPI_Transmit
 .text.HAL_SPI_Transmit_DMA
                0x0000000008011460      0x170 /Users/amc/git/libDaisy/build/libdaisy.a(stm32h7xx_hal_spi.o)
                0x0000000008011460                HAL_SPI_Transmit_DMA
 .text.HAL_SPI_TransmitReceive_DMA
                0x00000000080115d0      0x218 /Users/amc/git/libDaisy/build/libdaisy.a(stm32h7xx_hal_spi.o)
                0x00000000080115d0                HAL_SPI_TransmitReceive_DMA
 .text.HAL_SPI_Receive_DMA
                0x00000000080117e8      0x1b4 /Users/amc/git/libDaisy/build/libdaisy.a(stm32h7xx_hal_spi.o)
                0x00000000080117e8                HAL_SPI_Receive_DMA
 .text.SPI_DMATransmitCplt
                0x000000000801199c       0x28 /Users/amc/git/libDaisy/build/libdaisy.a(stm32h7xx_hal_spi.o)
 .text.SPI_DMAReceiveCplt
                0x00000000080119c4       0x28 /Users/amc/git/libDaisy/build/libdaisy.a(stm32h7xx_hal_spi.o)
 .text.SPI_DMATransmitReceiveCplt
                0x00000000080119ec       0x28 /Users/amc/git/libDaisy/build/libdaisy.a(stm32h7xx_hal_spi.o)
 .text.HAL_SPI_TxHalfCpltCallback
                0x0000000008011a14        0x4 /Users/amc/git/libDaisy/build/libdaisy.a(stm32h7xx_hal_spi.o)
                0x0000000008011a14                HAL_SPI_TxHalfCpltCallback
 .text.SPI_DMAHalfTransmitCplt
                0x0000000008011a18        0xc /Users/amc/git/libDaisy/build/libdaisy.a(stm32h7xx_hal_spi.o)
 .text.HAL_SPI_RxHalfCpltCallback
                0x0000000008011a24        0x4 /Users/amc/git/libDaisy/build/libdaisy.a(stm32h7xx_hal_spi.o)
                0x0000000008011a24                HAL_SPI_RxHalfCpltCallback
 .text.SPI_DMAHalfReceiveCplt
                0x0000000008011a28        0xc /Users/amc/git/libDaisy/build/libdaisy.a(stm32h7xx_hal_spi.o)
 .text.HAL_SPI_TxRxHalfCpltCallback
                0x0000000008011a34        0x4 /Users/amc/git/libDaisy/build/libdaisy.a(stm32h7xx_hal_spi.o)
                0x0000000008011a34                HAL_SPI_TxRxHalfCpltCallback
 .text.SPI_DMAHalfTransmitReceiveCplt
                0x0000000008011a38        0xc /Users/amc/git/libDaisy/build/libdaisy.a(stm32h7xx_hal_spi.o)
 .text.SPI_DMAError
                0x0000000008011a44       0xd8 /Users/amc/git/libDaisy/build/libdaisy.a(stm32h7xx_hal_spi.o)
 .text.HAL_SPI_IRQHandler
                0x0000000008011b1c      0x23c /Users/amc/git/libDaisy/build/libdaisy.a(stm32h7xx_hal_spi.o)
                0x0000000008011b1c                HAL_SPI_IRQHandler
 .text.SPI_DMAAbortOnError
                0x0000000008011d58       0x1c /Users/amc/git/libDaisy/build/libdaisy.a(stm32h7xx_hal_spi.o)
 .text.HAL_SPI_GetState
                0x0000000008011d74        0x8 /Users/amc/git/libDaisy/build/libdaisy.a(stm32h7xx_hal_spi.o)
                0x0000000008011d74                HAL_SPI_GetState
 .text.HAL_UART_Transmit_DMA
                0x0000000008011d7c       0xa4 /Users/amc/git/libDaisy/build/libdaisy.a(stm32h7xx_hal_uart.o)
                0x0000000008011d7c                HAL_UART_Transmit_DMA
 .text.HAL_UART_Receive_DMA
                0x0000000008011e20       0xac /Users/amc/git/libDaisy/build/libdaisy.a(stm32h7xx_hal_uart.o)
                0x0000000008011e20                HAL_UART_Receive_DMA
 .text.UART_DMATransmitCplt
                0x0000000008011ecc       0x2c /Users/amc/git/libDaisy/build/libdaisy.a(stm32h7xx_hal_uart.o)
 .text.HAL_UART_TxHalfCpltCallback
                0x0000000008011ef8        0x4 /Users/amc/git/libDaisy/build/libdaisy.a(stm32h7xx_hal_uart.o)
                0x0000000008011ef8                HAL_UART_TxHalfCpltCallback
 .text.UART_DMATxHalfCplt
                0x0000000008011efc        0xc /Users/amc/git/libDaisy/build/libdaisy.a(stm32h7xx_hal_uart.o)
 .text.UART_DMAReceiveCplt
                0x0000000008011f08       0x38 /Users/amc/git/libDaisy/build/libdaisy.a(stm32h7xx_hal_uart.o)
 .text.UART_DMARxHalfCplt
                0x0000000008011f40        0xc /Users/amc/git/libDaisy/build/libdaisy.a(stm32h7xx_hal_uart.o)
 .text.UART_DMAError
                0x0000000008011f4c       0x78 /Users/amc/git/libDaisy/build/libdaisy.a(stm32h7xx_hal_uart.o)
 .text.HAL_UART_IRQHandler
                0x0000000008011fc4      0x1d0 /Users/amc/git/libDaisy/build/libdaisy.a(stm32h7xx_hal_uart.o)
                0x0000000008011fc4                HAL_UART_IRQHandler
 .text.UART_DMAAbortOnError
                0x0000000008012194       0x14 /Users/amc/git/libDaisy/build/libdaisy.a(stm32h7xx_hal_uart.o)
 .text.HAL_UART_GetState
                0x00000000080121a8        0xc /Users/amc/git/libDaisy/build/libdaisy.a(stm32h7xx_hal_uart.o)
                0x00000000080121a8                HAL_UART_GetState
 .text.UART_SetConfig
                0x00000000080121b4     0x14b8 /Users/amc/git/libDaisy/build/libdaisy.a(stm32h7xx_hal_uart.o)
                0x00000000080121b4                UART_SetConfig
 .text.UART_AdvFeatureConfig
                0x000000000801366c       0xb0 /Users/amc/git/libDaisy/build/libdaisy.a(stm32h7xx_hal_uart.o)
                0x000000000801366c                UART_AdvFeatureConfig
 .text.UART_CheckIdleState
                0x000000000801371c       0x84 /Users/amc/git/libDaisy/build/libdaisy.a(stm32h7xx_hal_uart.o)
                0x000000000801371c                UART_CheckIdleState
 .text.HAL_UART_Init
                0x00000000080137a0       0x68 /Users/amc/git/libDaisy/build/libdaisy.a(stm32h7xx_hal_uart.o)
                0x00000000080137a0                HAL_UART_Init
 .text.HAL_UARTEx_WakeupCallback
                0x0000000008013808        0x4 /Users/amc/git/libDaisy/build/libdaisy.a(stm32h7xx_hal_uart_ex.o)
                0x0000000008013808                HAL_UARTEx_WakeupCallback
 .text.HAL_UARTEx_RxFifoFullCallback
                0x000000000801380c        0x4 /Users/amc/git/libDaisy/build/libdaisy.a(stm32h7xx_hal_uart_ex.o)
                0x000000000801380c                HAL_UARTEx_RxFifoFullCallback
 .text.HAL_UARTEx_TxFifoEmptyCallback
                0x0000000008013810        0x4 /Users/amc/git/libDaisy/build/libdaisy.a(stm32h7xx_hal_uart_ex.o)
                0x0000000008013810                HAL_UARTEx_TxFifoEmptyCallback
 .text.HAL_UARTEx_DisableFifoMode
                0x0000000008013814       0x3c /Users/amc/git/libDaisy/build/libdaisy.a(stm32h7xx_hal_uart_ex.o)
                0x0000000008013814                HAL_UARTEx_DisableFifoMode
 .text.HAL_UARTEx_SetTxFifoThreshold
                0x0000000008013850       0xa4 /Users/amc/git/libDaisy/build/libdaisy.a(stm32h7xx_hal_uart_ex.o)
                0x0000000008013850                HAL_UARTEx_SetTxFifoThreshold
 .text.HAL_UARTEx_SetRxFifoThreshold
                0x00000000080138f4       0xa4 /Users/amc/git/libDaisy/build/libdaisy.a(stm32h7xx_hal_uart_ex.o)
                0x00000000080138f4                HAL_UARTEx_SetRxFifoThreshold
 .text.FMC_SDRAM_Init
                0x0000000008013998       0x7c /Users/amc/git/libDaisy/build/libdaisy.a(stm32h7xx_ll_fmc.o)
                0x0000000008013998                FMC_SDRAM_Init
 .text.FMC_SDRAM_Timing_Init
                0x0000000008013a14       0x98 /Users/amc/git/libDaisy/build/libdaisy.a(stm32h7xx_ll_fmc.o)
                0x0000000008013a14                FMC_SDRAM_Timing_Init
 .text.FMC_SDRAM_SendCommand
                0x0000000008013aac       0x28 /Users/amc/git/libDaisy/build/libdaisy.a(stm32h7xx_ll_fmc.o)
                0x0000000008013aac                FMC_SDRAM_SendCommand
 .text.FMC_SDRAM_ProgramRefreshRate
                0x0000000008013ad4       0x1c /Users/amc/git/libDaisy/build/libdaisy.a(stm32h7xx_ll_fmc.o)
                0x0000000008013ad4                FMC_SDRAM_ProgramRefreshRate
 .text.USB_SetTurnaroundTime
                0x0000000008013af0      0x104 /Users/amc/git/libDaisy/build/libdaisy.a(stm32h7xx_ll_usb.o)
                0x0000000008013af0                USB_SetTurnaroundTime
 .text.USB_FlushTxFifo