Archive member included to satisfy reference by file (symbol)

/Users/amc/git/libDaisy/build/libdaisy.a(daisy_seed.o)
                              build/Pedal.o (daisy::DaisySeed::GetPin(unsigned char))
/Users/amc/git/libDaisy/build/libdaisy.a(codec_ak4556.o)
                              /Users/amc/git/libDaisy/build/libdaisy.a(daisy_seed.o) (daisy::Ak4556::Init(dsy_gpio_pin))
/Users/amc/git/libDaisy/build/libdaisy.a(codec_wm8731.o)
                              /Users/amc/git/libDaisy/build/libdaisy.a(daisy_seed.o) (daisy::Wm8731::Init(daisy::Wm8731::Config const&, daisy::I2CHandle))
/Users/amc/git/libDaisy/build/libdaisy.a(sdram.o)
                              /Users/amc/git/libDaisy/build/libdaisy.a(daisy_seed.o) (SdramHandle::Init())
/Users/amc/git/libDaisy/build/libdaisy.a(audio.o)
                              /Users/amc/git/libDaisy/build/libdaisy.a(daisy_seed.o) (daisy::AudioHandle::Init(daisy::AudioHandle::Config const&, daisy::SaiHandle))
/Users/amc/git/libDaisy/build/libdaisy.a(ctrl.o)
                              build/Pedal.o (daisy::AnalogControl::Init(unsigned short*, float, bool, bool, float))
/Users/amc/git/libDaisy/build/libdaisy.a(encoder.o)
                              build/Pedal.o (daisy::Encoder::Init(dsy_gpio_pin, dsy_gpio_pin, dsy_gpio_pin, float))
/Users/amc/git/libDaisy/build/libdaisy.a(led.o)
                              build/Pedal.o (daisy::Led::Init(dsy_gpio_pin, bool, float))
/Users/amc/git/libDaisy/build/libdaisy.a(midi.o)
                              build/main.o (daisy::MidiUartTransport::Config::Config())
/Users/amc/git/libDaisy/build/libdaisy.a(midi_parser.o)
                              build/Pedal.o (daisy::MidiParser::Reset())
/Users/amc/git/libDaisy/build/libdaisy.a(switch.o)
                              build/Pedal.o (daisy::Switch::Init(dsy_gpio_pin, float))
/Users/amc/git/libDaisy/build/libdaisy.a(adc.o)
                              build/Pedal.o (daisy::AdcChannelConfig::InitSingle(dsy_gpio_pin, daisy::AdcChannelConfig::ConversionSpeed))
/Users/amc/git/libDaisy/build/libdaisy.a(gpio.o)
                              build/Pedal.o (daisy::GPIO::Init(daisy::Pin, daisy::GPIO::Mode, daisy::GPIO::Pull, daisy::GPIO::Speed))
/Users/amc/git/libDaisy/build/libdaisy.a(i2c.o)
                              /Users/amc/git/libDaisy/build/libdaisy.a(daisy_seed.o) (daisy::I2CHandle::Init(daisy::I2CHandle::Config const&))
/Users/amc/git/libDaisy/build/libdaisy.a(qspi.o)
                              /Users/amc/git/libDaisy/build/libdaisy.a(daisy_seed.o) (daisy::QSPIHandle::Init(daisy::QSPIHandle::Config const&))
/Users/amc/git/libDaisy/build/libdaisy.a(sai.o)
                              /Users/amc/git/libDaisy/build/libdaisy.a(daisy_seed.o) (daisy::SaiHandle::Init(daisy::SaiHandle::Config const&))
/Users/amc/git/libDaisy/build/libdaisy.a(spi.o)
                              build/Pedal.o (daisy::SpiHandle::Init(daisy::SpiHandle::Config const&))
/Users/amc/git/libDaisy/build/libdaisy.a(uart.o)
                              build/Pedal.o (daisy::UartHandler::Init(daisy::UartHandler::Config const&))
/Users/amc/git/libDaisy/build/libdaisy.a(dma.o)
                              /Users/amc/git/libDaisy/build/libdaisy.a(uart.o) (dsy_dma_invalidate_cache_for_buffer)
/Users/amc/git/libDaisy/build/libdaisy.a(system.o)
                              /Users/amc/git/libDaisy/build/libdaisy.a(daisy_seed.o) (daisy::System::DeInit())
/Users/amc/git/libDaisy/build/libdaisy.a(system_stm32h7xx.o)
                              build/startup_stm32h750xx.o (SystemInit)
/Users/amc/git/libDaisy/build/libdaisy.a(usbd_conf.o)
                              /Users/amc/git/libDaisy/build/libdaisy.a(system.o) (hpcd_USB_OTG_HS)
/Users/amc/git/libDaisy/build/libdaisy.a(usbh_conf.o)
                              /Users/amc/git/libDaisy/build/libdaisy.a(system.o) (hhcd_USB_OTG_HS)
/Users/amc/git/libDaisy/build/libdaisy.a(hal_map.o)
                              /Users/amc/git/libDaisy/build/libdaisy.a(gpio.o) (dsy_hal_map_get_port)
/Users/amc/git/libDaisy/build/libdaisy.a(oled_fonts.o)
                              build/main.o (Font_16x26)
/Users/amc/git/libDaisy/build/libdaisy.a(stm32h7xx_hal.o)
                              /Users/amc/git/libDaisy/build/libdaisy.a(system.o) (HAL_Init)
/Users/amc/git/libDaisy/build/libdaisy.a(stm32h7xx_hal_adc.o)
                              /Users/amc/git/libDaisy/build/libdaisy.a(adc.o) (HAL_ADC_ConfigChannel)
/Users/amc/git/libDaisy/build/libdaisy.a(stm32h7xx_hal_adc_ex.o)
                              /Users/amc/git/libDaisy/build/libdaisy.a(adc.o) (HAL_ADCEx_Calibration_Start)
/Users/amc/git/libDaisy/build/libdaisy.a(stm32h7xx_hal_cortex.o)
                              /Users/amc/git/libDaisy/build/libdaisy.a(stm32h7xx_hal.o) (HAL_NVIC_SetPriorityGrouping)
/Users/amc/git/libDaisy/build/libdaisy.a(stm32h7xx_hal_dma.o)
                              /Users/amc/git/libDaisy/build/libdaisy.a(adc.o) (HAL_DMA_Init)
[...]
Memory Configuration

Name             Origin             Length             Attributes
FLASH            0x08000000         0x00020000         xr
DTCMRAM          0x20000000         0x00020000         xrw
SRAM             0x24000000         0x00080000         xrw
RAM_D2           0x30000000         0x00048000         xrw
RAM_D3           0x38000000         0x00010000         xrw
BACKUP_SRAM      0x38800000         0x00001000         xrw
ITCMRAM          0x00000000         0x00010000         xrw
SDRAM            0xc0000000         0x04000000         xrw
QSPIFLASH        0x90000000         0x00800000         xr
*default*        0x00000000         0xffffffff

Linker script and memory map

LOAD /Applications/ArmGNUToolchain/13.2.Rel1/arm-none-eabi/bin/../lib/gcc/arm-none-eabi/13.2.1/thumb/v7e-m+dp/hard/crti.o
LOAD /Applications/ArmGNUToolchain/13.2.Rel1/arm-none-eabi/bin/../lib/gcc/arm-none-eabi/13.2.1/thumb/v7e-m+dp/hard/crtbegin.o
LOAD /Applications/ArmGNUToolchain/13.2.Rel1/arm-none-eabi/bin/../lib/gcc/arm-none-eabi/13.2.1/../../../../arm-none-eabi/lib/thumb/v7e-m+dp/hard/crt0.o
LOAD build/startup_stm32h750xx.o
LOAD build/main.o
LOAD build/Pedal.o
LOAD /Users/amc/git/libDaisy/build/libdaisy.a
LOAD /Applications/ArmGNUToolchain/13.2.Rel1/arm-none-eabi/bin/../lib/gcc/arm-none-eabi/13.2.1/../../../../arm-none-eabi/lib/thumb/v7e-m+dp/hard/libnosys.a
LOAD /Users/amc/git/DaisySP/build/libdaisysp.a
LOAD /Applications/ArmGNUToolchain/13.2.Rel1/arm-none-eabi/bin/../lib/gcc/arm-none-eabi/13.2.1/../../../../arm-none-eabi/lib/thumb/v7e-m+dp/hard/libstdc++_nano.a
LOAD /Applications/ArmGNUToolchain/13.2.Rel1/arm-none-eabi/bin/../lib/gcc/arm-none-eabi/13.2.1/../../../../arm-none-eabi/lib/thumb/v7e-m+dp/hard/libm.a
LOAD /Applications/ArmGNUToolchain/13.2.Rel1/arm-none-eabi/bin/../lib/gcc/arm-none-eabi/13.2.1/../../../../arm-none-eabi/lib/thumb/v7e-m+dp/hard/libc_nano.a
START GROUP
LOAD /Applications/ArmGNUToolchain/13.2.Rel1/arm-none-eabi/bin/../lib/gcc/arm-none-eabi/13.2.1/thumb/v7e-m+dp/hard/libgcc.a
LOAD /Applications/ArmGNUToolchain/13.2.Rel1/arm-none-eabi/bin/../lib/gcc/arm-none-eabi/13.2.1/../../../../arm-none-eabi/lib/thumb/v7e-m+dp/hard/libc_nano.a
END GROUP
START GROUP
LOAD /Applications/ArmGNUToolchain/13.2.Rel1/arm-none-eabi/bin/../lib/gcc/arm-none-eabi/13.2.1/thumb/v7e-m+dp/hard/libgcc.a
LOAD /Applications/ArmGNUToolchain/13.2.Rel1/arm-none-eabi/bin/../lib/gcc/arm-none-eabi/13.2.1/../../../../arm-none-eabi/lib/thumb/v7e-m+dp/hard/libc_nano.a
LOAD /Applications/ArmGNUToolchain/13.2.Rel1/arm-none-eabi/bin/../lib/gcc/arm-none-eabi/13.2.1/../../../../arm-none-eabi/lib/thumb/v7e-m+dp/hard/libnosys.a
END GROUP
START GROUP
LOAD /Applications/ArmGNUToolchain/13.2.Rel1/arm-none-eabi/bin/../lib/gcc/arm-none-eabi/13.2.1/thumb/v7e-m+dp/hard/libgcc.a
LOAD /Applications/ArmGNUToolchain/13.2.Rel1/arm-none-eabi/bin/../lib/gcc/arm-none-eabi/13.2.1/../../../../arm-none-eabi/lib/thumb/v7e-m+dp/hard/libc_nano.a
LOAD /Applications/ArmGNUToolchain/13.2.Rel1/arm-none-eabi/bin/../lib/gcc/arm-none-eabi/13.2.1/../../../../arm-none-eabi/lib/thumb/v7e-m+dp/hard/libnosys.a
END GROUP
LOAD /Applications/ArmGNUToolchain/13.2.Rel1/arm-none-eabi/bin/../lib/gcc/arm-none-eabi/13.2.1/thumb/v7e-m+dp/hard/crtend.o
LOAD /Applications/ArmGNUToolchain/13.2.Rel1/arm-none-eabi/bin/../lib/gcc/arm-none-eabi/13.2.1/thumb/v7e-m+dp/hard/crtn.o
                0x20020000                        _estack = 0x20020000

.isr_vector     0x08000000      0x298
                0x08000000                        . = ALIGN (0x4)
 *(.isr_vector)
 .isr_vector    0x08000000      0x298 build/startup_stm32h750xx.o
                0x08000000                g_pfnVectors
                0x08000298                        . = ALIGN (0x4)

.text           0x08000298    0x17300
                0x08000298                        . = ALIGN (0x4)
                0x08000298                        _stext = .
 *(.text)
 .text          0x08000298       0x10 /Applications/ArmGNUToolchain/13.2.Rel1/arm-none-eabi/bin/../lib/gcc/arm-none-eabi/13.2.1/../../../../arm-none-eabi/lib/thumb/v7e-m+dp/hard/libc_nano.a(libc_a-strlen.o)
                0x08000298                strlen
 .text          0x080002a8      0x378 /Applications/ArmGNUToolchain/13.2.Rel1/arm-none-eabi/bin/../lib/gcc/arm-none-eabi/13.2.1/thumb/v7e-m+dp/hard/libgcc.a(_arm_addsubdf3.o)
                0x080002a8                __aeabi_drsub
                0x080002b0                __subdf3
                0x080002b0                __aeabi_dsub
                0x080002b4                __aeabi_dadd
                0x080002b4                __adddf3
                0x0800052c                __aeabi_ui2d
                0x0800052c                __floatunsidf
                0x0800054c                __floatsidf
                0x0800054c                __aeabi_i2d
                0x08000570                __extendsfdf2
                0x08000570                __aeabi_f2d
                0x080005b4                __aeabi_ul2d
                0x080005b4                __floatundidf
                0x080005c4                __aeabi_l2d
                0x080005c4                __floatdidf
 .text          0x08000620       0x30 /Applications/ArmGNUToolchain/13.2.Rel1/arm-none-eabi/bin/../lib/gcc/arm-none-eabi/13.2.1/thumb/v7e-m+dp/hard/libgcc.a(_aeabi_uldivmod.o)
                0x08000620                __aeabi_uldivmod
 .text          0x08000650        0x4 /Applications/ArmGNUToolchain/13.2.Rel1/arm-none-eabi/bin/../lib/gcc/arm-none-eabi/13.2.1/thumb/v7e-m+dp/hard/libgcc.a(_dvmd_tls.o)
                0x08000650                __aeabi_ldiv0
                0x08000650                __aeabi_idiv0
 *(.text*)
 .text.deregister_tm_clones
                0x08000654       0x1c /Applications/ArmGNUToolchain/13.2.Rel1/arm-none-eabi/bin/../lib/gcc/arm-none-eabi/13.2.1/thumb/v7e-m+dp/hard/crtbegin.o
 .text.register_tm_clones
                0x08000670       0x24 /Applications/ArmGNUToolchain/13.2.Rel1/arm-none-eabi/bin/../lib/gcc/arm-none-eabi/13.2.1/thumb/v7e-m+dp/hard/crtbegin.o
 .text.__do_global_dtors_aux
                0x08000694       0x28 /Applications/ArmGNUToolchain/13.2.Rel1/arm-none-eabi/bin/../lib/gcc/arm-none-eabi/13.2.1/thumb/v7e-m+dp/hard/crtbegin.o
 .text.frame_dummy
                0x080006bc       0x24 /Applications/ArmGNUToolchain/13.2.Rel1/arm-none-eabi/bin/../lib/gcc/arm-none-eabi/13.2.1/thumb/v7e-m+dp/hard/crtbegin.o
 .text.Default_Handler
                0x080006e0        0x4 build/startup_stm32h750xx.o
                0x080006e0                SAI1_IRQHandler
                0x080006e0                HASH_RNG_IRQHandler
                0x080006e0                EXTI2_IRQHandler
                0x080006e0                TIM8_CC_IRQHandler
                0x080006e0                HRTIM1_Master_IRQHandler
                0x080006e0                DebugMon_Handler
                0x080006e0                TIM1_CC_IRQHandler
                0x080006e0                BDMA_Channel6_IRQHandler
                0x080006e0                DMA2_Stream5_IRQHandler
                0x080006e0                HRTIM1_FLT_IRQHandler
                0x080006e0                JPEG_IRQHandler
                0x080006e0                BDMA_Channel1_IRQHandler
                0x080006e0                HRTIM1_TIMD_IRQHandler
                0x080006e0                TAMP_STAMP_IRQHandler
                0x080006e0                PendSV_Handler
                0x080006e0                NMI_Handler
                0x080006e0                EXTI3_IRQHandler
                0x080006e0                LPTIM4_IRQHandler
                0x080006e0                TIM8_TRG_COM_TIM14_IRQHandler
                0x080006e0                LPTIM2_IRQHandler
                0x080006e0                DFSDM1_FLT1_IRQHandler
                0x080006e0                DMAMUX2_OVR_IRQHandler
                0x080006e0                TIM8_UP_TIM13_IRQHandler
                0x080006e0                I2C3_ER_IRQHandler
                0x080006e0                DFSDM1_FLT2_IRQHandler
                0x080006e0                MDMA_IRQHandler
                0x080006e0                LPTIM3_IRQHandler
                0x080006e0                HSEM1_IRQHandler
                0x080006e0                EXTI0_IRQHandler
                0x080006e0                FPU_IRQHandler
                0x080006e0                OTG_HS_WKUP_IRQHandler
                0x080006e0                FDCAN1_IT1_IRQHandler
                0x080006e0                UsageFault_Handler
                0x080006e0                LTDC_ER_IRQHandler
                0x080006e0                HRTIM1_TIME_IRQHandler
                0x080006e0                TIM6_DAC_IRQHandler
                0x080006e0                DCMI_IRQHandler
                0x080006e0                HRTIM1_TIMC_IRQHandler
                0x080006e0                SAI2_IRQHandler
                0x080006e0                DFSDM1_FLT3_IRQHandler
                0x080006e0                TIM17_IRQHandler
                0x080006e0                CRYP_IRQHandler
                0x080006e0                BDMA_Channel7_IRQHandler
                0x080006e0                LPTIM5_IRQHandler
                0x080006e0                ADC3_IRQHandler
                0x080006e0                DMA2_Stream0_IRQHandler
                0x080006e0                BDMA_Channel2_IRQHandler
                0x080006e0                DMAMUX1_OVR_IRQHandler
                0x080006e0                TIM16_IRQHandler
                0x080006e0                BDMA_Channel5_IRQHandler
                0x080006e0                RCC_IRQHandler
                0x080006e0                TIM8_BRK_TIM12_IRQHandler
                0x080006e0                TIM1_TRG_COM_IRQHandler
                0x080006e0                Default_Handler
                0x080006e0                ECC_IRQHandler
                0x080006e0                CEC_IRQHandler
                0x080006e0                EXTI15_10_IRQHandler
                0x080006e0                BDMA_Channel0_IRQHandler
                0x080006e0                ADC_IRQHandler
                0x080006e0                DMA1_Stream7_IRQHandler
                0x080006e0                HRTIM1_TIMA_IRQHandler
                0x080006e0                TIM7_IRQHandler
                0x080006e0                SDMMC1_IRQHandler
                0x080006e0                DMA2_Stream7_IRQHandler
                0x080006e0                TIM15_IRQHandler
                0x080006e0                PVD_AVD_IRQHandler
                0x080006e0                EXTI9_5_IRQHandler
                0x080006e0                RTC_WKUP_IRQHandler
                0x080006e0                LTDC_IRQHandler
                0x080006e0                SAI3_IRQHandler
                0x080006e0                ETH_WKUP_IRQHandler
                0x080006e0                SPDIF_RX_IRQHandler
                0x080006e0                MemManage_Handler
                0x080006e0                SVC_Handler
                0x080006e0                CRS_IRQHandler
                0x080006e0                EXTI4_IRQHandler
                0x080006e0                HRTIM1_TIMB_IRQHandler
                0x080006e0                FDCAN2_IT1_IRQHandler
                0x080006e0                ETH_IRQHandler
                0x080006e0                TIM1_UP_IRQHandler
                0x080006e0                BDMA_Channel4_IRQHandler
                0x080006e0                WWDG_IRQHandler
                0x080006e0                SPI6_IRQHandler
                0x080006e0                I2C4_EV_IRQHandler
                0x080006e0                MDIOS_IRQHandler
                0x080006e0                FDCAN2_IT0_IRQHandler
                0x080006e0                FDCAN1_IT0_IRQHandler
                0x080006e0                OTG_FS_WKUP_IRQHandler
                0x080006e0                DMA2D_IRQHandler
                0x080006e0                TIM1_BRK_IRQHandler
                0x080006e0                EXTI1_IRQHandler
                0x080006e0                SDMMC2_IRQHandler
                0x080006e0                OTG_FS_EP1_OUT_IRQHandler
                0x080006e0                BDMA_Channel3_IRQHandler
                0x080006e0                MDIOS_WKUP_IRQHandler
                0x080006e0                DFSDM1_FLT0_IRQHandler
                0x080006e0                SAI4_IRQHandler
                0x080006e0                I2C2_ER_IRQHandler
                0x080006e0                DMA2_Stream1_IRQHandler
                0x080006e0                FLASH_IRQHandler
                0x080006e0                BusFault_Handler
                0x080006e0                OTG_FS_IRQHandler
                0x080006e0                WAKEUP_PIN_IRQHandler
                0x080006e0                OTG_FS_EP1_IN_IRQHandler
                0x080006e0                I2C1_ER_IRQHandler
                0x080006e0                FMC_IRQHandler
                0x080006e0                FDCAN_CAL_IRQHandler
                0x080006e0                SWPMI1_IRQHandler
                0x080006e0                COMP1_IRQHandler
                0x080006e0                LPTIM1_IRQHandler
                0x080006e0                I2C4_ER_IRQHandler
                0x080006e0                DMA2_Stream6_IRQHandler
                0x080006e0                RTC_Alarm_IRQHandler
 .text.Reset_Handler
                0x080006e4       0x44 build/startup_stm32h750xx.o
                0x080006e4                Reset_Handler
 .text._ZN7daisysp9OverdriveD2Ev
                0x08000728        0x4 build/main.o
                0x08000728                daisysp::Overdrive::~Overdrive()
                0x08000728                daisysp::Overdrive::~Overdrive()
 .text._ZN3amc5PedalD2Ev
                0x0800072c        0x4 build/main.o
                0x0800072c                amc::Pedal::~Pedal()
                0x0800072c                amc::Pedal::~Pedal()
 .text._ZN5daisy11OledDisplayINS_13SSD130xDriverILj128ELj64ENS_24SSD130x4WireSpiTransportEEEED2Ev
                0x08000730        0x4 build/main.o
                0x08000730                daisy::OledDisplay<daisy::SSD130xDriver<128u, 64u, daisy::SSD130x4WireSpiTransport> >::~OledDisplay()
                0x08000730                daisy::OledDisplay<daisy::SSD130xDriver<128u, 64u, daisy::SSD130x4WireSpiTransport> >::~OledDisplay()
 .text._ZN5daisy11OledDisplayINS_13SSD130xDriverILj128ELj64ENS_24SSD130x4WireSpiTransportEEEE4FillEb
                0x08000734       0x10 build/main.o
                0x08000734                daisy::OledDisplay<daisy::SSD130xDriver<128u, 64u, daisy::SSD130x4WireSpiTransport> >::Fill(bool)
 .text._ZNK5daisy11OledDisplayINS_13SSD130xDriverILj128ELj64ENS_24SSD130x4WireSpiTransportEEEE6HeightEv
                0x08000744        0x4 build/main.o
                0x08000744                daisy::OledDisplay<daisy::SSD130xDriver<128u, 64u, daisy::SSD130x4WireSpiTransport> >::Height() const
 .text._ZNK5daisy11OledDisplayINS_13SSD130xDriverILj128ELj64ENS_24SSD130x4WireSpiTransportEEEE5WidthEv
                0x08000748        0x4 build/main.o
                0x08000748                daisy::OledDisplay<daisy::SSD130xDriver<128u, 64u, daisy::SSD130x4WireSpiTransport> >::Width() const
 .text._ZN9soundmath7FBufferIfED2Ev
                0x0800074c       0x10 build/main.o
                0x0800074c                soundmath::FBuffer<float>::~FBuffer()
                0x0800074c                soundmath::FBuffer<float>::~FBuffer()
 .text._ZN5daisy11OledDisplayINS_13SSD130xDriverILj128ELj64ENS_24SSD130x4WireSpiTransportEEEED0Ev
                0x0800075c       0x10 build/main.o
                0x0800075c                daisy::OledDisplay<daisy::SSD130xDriver<128u, 64u, daisy::SSD130x4WireSpiTransport> >::~OledDisplay()
 .text.__tcf_0  0x0800076c       0x2c build/main.o
 .text.startup._ZNSt7__cxx1112basic_stringIcSt11char_traitsIcESaIcEEC2IS3_EEPKcRKS3_.constprop.0.isra.0
                0x08000798       0x64 build/main.o
 .text._ZN5daisy11OledDisplayINS_13SSD130xDriverILj128ELj64ENS_24SSD130x4WireSpiTransportEEEE6UpdateEv
                0x080007fc       0x90 build/main.o
                0x080007fc                daisy::OledDisplay<daisy::SSD130xDriver<128u, 64u, daisy::SSD130x4WireSpiTransport> >::Update()
 .text._ZL8CallbackPKfPfj
                0x0800088c      0xaf4 build/main.o
 .text._ZN5daisy25OneBitGraphicsDisplayImplINS_11OledDisplayINS_13SSD130xDriverILj128ELj64ENS_24SSD130x4WireSpiTransportEEEEEE11WriteStringEPKc7FontDefb
                0x08001380      0x420 build/main.o
                0x08001380                daisy::OneBitGraphicsDisplayImpl<daisy::OledDisplay<daisy::SSD130xDriver<128u, 64u, daisy::SSD130x4WireSpiTransport> > >::WriteString(char const*, FontDef, bool)
 .text._ZN5daisy11OledDisplayINS_13SSD130xDriverILj128ELj64ENS_24SSD130x4WireSpiTransportEEEE9DrawPixelEjjb
                0x080017a0       0x30 build/main.o
                0x080017a0                daisy::OledDisplay<daisy::SSD130xDriver<128u, 64u, daisy::SSD130x4WireSpiTransport> >::DrawPixel(unsigned int, unsigned int, bool)
 .text._ZN5daisy25OneBitGraphicsDisplayImplINS_11OledDisplayINS_13SSD130xDriverILj128ELj64ENS_24SSD130x4WireSpiTransportEEEEEE18WriteStringAlignedEPKcRK7FontDefNS_9RectangleENS_9AlignmentEb
                0x080017d0      0x650 build/main.o
                0x080017d0                daisy::OneBitGraphicsDisplayImpl<daisy::OledDisplay<daisy::SSD130xDriver<128u, 64u, daisy::SSD130x4WireSpiTransport> > >::WriteStringAligned(char const*, FontDef const&, daisy::Rectangle, daisy::Alignment, bool)
 .text._ZN5daisy25OneBitGraphicsDisplayImplINS_11OledDisplayINS_13SSD130xDriverILj128ELj64ENS_24SSD130x4WireSpiTransportEEEEEE9WriteCharEc7FontDefb
                0x08001e20      0x280 build/main.o
                0x08001e20                daisy::OneBitGraphicsDisplayImpl<daisy::OledDisplay<daisy::SSD130xDriver<128u, 64u, daisy::SSD130x4WireSpiTransport> > >::WriteChar(char, FontDef, bool)
 .text._ZN5daisy25OneBitGraphicsDisplayImplINS_11OledDisplayINS_13SSD130xDriverILj128ELj64ENS_24SSD130x4WireSpiTransportEEEEEE8DrawLineEjjjjb
                0x080020a0      0x14c build/main.o
                0x080020a0                daisy::OneBitGraphicsDisplayImpl<daisy::OledDisplay<daisy::SSD130xDriver<128u, 64u, daisy::SSD130x4WireSpiTransport> > >::DrawLine(unsigned int, unsigned int, unsigned int, unsigned int, bool)
 *fill*         0x080021ec        0x4 
 .text._ZN5daisy25OneBitGraphicsDisplayImplINS_11OledDisplayINS_13SSD130xDriverILj128ELj64ENS_24SSD130x4WireSpiTransportEEEEEE7DrawArcEjjjiib
                0x080021f0      0x670 build/main.o
                0x080021f0                daisy::OneBitGraphicsDisplayImpl<daisy::OledDisplay<daisy::SSD130xDriver<128u, 64u, daisy::SSD130x4WireSpiTransport> > >::DrawArc(unsigned int, unsigned int, unsigned int, int, int, bool)
 .text._ZN5daisy25OneBitGraphicsDisplayImplINS_11OledDisplayINS_13SSD130xDriverILj128ELj64ENS_24SSD130x4WireSpiTransportEEEEEE8DrawRectEjjjjbb
                0x08002860      0x8a0 build/main.o
                0x08002860                daisy::OneBitGraphicsDisplayImpl<daisy::OledDisplay<daisy::SSD130xDriver<128u, 64u, daisy::SSD130x4WireSpiTransport> > >::DrawRect(unsigned int, unsigned int, unsigned int, unsigned int, bool, bool)
 .text._Z8handleUIv
                0x08003100      0x430 build/main.o
                0x08003100                handleUI()
 .text._Z12handleBypassv
                0x08003530       0xa4 build/main.o
                0x08003530                handleBypass()
 *fill*         0x080035d4        0x4 
 .text.startup.main
                0x080035d8      0x218 build/main.o
                0x080035d8                main
 .text.startup._GLOBAL__sub_I_processed
                0x080037f0      0x2a0 build/main.o
 .text._ZN3amc5Pedal10StartAudioEPFvPKfPfjE
                0x08003a90        0x4 build/Pedal.o
                0x08003a90                amc::Pedal::StartAudio(void (*)(float const*, float*, unsigned int))
 .text._ZN3amc5Pedal12SetAudioRateEN5daisy9SaiHandle6Config10SampleRateE
                0x08003a94       0x40 build/Pedal.o
                0x08003a94                amc::Pedal::SetAudioRate(daisy::SaiHandle::Config::SampleRate)
 .text._ZN3amc5Pedal12SetBlockSizeEj
                0x08003ad4       0x40 build/Pedal.o
                0x08003ad4                amc::Pedal::SetBlockSize(unsigned int)
 .text._ZN3amc5Pedal8StartAdcEv
                0x08003b14        0x8 build/Pedal.o
                0x08003b14                amc::Pedal::StartAdc()
 .text._ZN3amc5Pedal13ProcessAnalogEv
                0x08003b1c       0x18 build/Pedal.o
                0x08003b1c                amc::Pedal::ProcessAnalog()
 .text._ZN3amc5Pedal14ProcessDigitalEv
                0x08003b34       0x20 build/Pedal.o
                0x08003b34                amc::Pedal::ProcessDigital()
 .text._ZN3amc5Pedal9SetBypassEb
                0x08003b54       0x1c build/Pedal.o
                0x08003b54                amc::Pedal::SetBypass(bool)
 .text._ZN3amc5Pedal7SetMuteEb
                0x08003b70       0x14 build/Pedal.o
                0x08003b70                amc::Pedal::SetMute(bool)
 .text._ZN3amc5Pedal6SetLedENS0_4LedIEf
                0x08003b84       0x20 build/Pedal.o
                0x08003b84                amc::Pedal::SetLed(amc::Pedal::LedI, float)
 .text._ZN3amc5Pedal10UpdateLedsEv
                0x08003ba4       0x18 build/Pedal.o
                0x08003ba4                amc::Pedal::UpdateLeds()
 .text._ZN3amc5Pedal18InitAnalogControlsEv
                0x08003bbc       0xd0 build/Pedal.o
                0x08003bbc                amc::Pedal::InitAnalogControls()
 .text._ZN3amc5Pedal8InitMidiEv
                0x08003c8c       0x94 build/Pedal.o
                0x08003c8c                amc::Pedal::InitMidi()
 .text._ZN3amc5Pedal4InitEb
                0x08003d20      0x4d8 build/Pedal.o
                0x08003d20                amc::Pedal::Init(bool)
 .text._ZN5daisy9DaisySeed6GetPinEh
                0x080041f8       0x2c /Users/amc/git/libDaisy/build/libdaisy.a(daisy_seed.o)
                0x080041f8                daisy::DaisySeed::GetPin(unsigned char)
 .text._ZN5daisy9DaisySeed10StartAudioEPFvPKfPfjE
                0x08004224        0x8 /Users/amc/git/libDaisy/build/libdaisy.a(daisy_seed.o)
                0x08004224                daisy::DaisySeed::StartAudio(void (*)(float const*, float*, unsigned int))
 .text._ZN5daisy9DaisySeed9StopAudioEv
                0x0800422c        0x8 /Users/amc/git/libDaisy/build/libdaisy.a(daisy_seed.o)
                0x0800422c                daisy::DaisySeed::StopAudio()
 .text._ZN5daisy9DaisySeed18SetAudioSampleRateENS_9SaiHandle6Config10SampleRateE
                0x08004234       0x38 /Users/amc/git/libDaisy/build/libdaisy.a(daisy_seed.o)
                0x08004234                daisy::DaisySeed::SetAudioSampleRate(daisy::SaiHandle::Config::SampleRate)
 .text._ZN5daisy9DaisySeed17SetAudioBlockSizeEj
                0x0800426c       0x38 /Users/amc/git/libDaisy/build/libdaisy.a(daisy_seed.o)
                0x0800426c                daisy::DaisySeed::SetAudioBlockSize(unsigned int)
 .text._ZNK5daisy9DaisySeed17AudioCallbackRateEv
                0x080042a4        0x8 /Users/amc/git/libDaisy/build/libdaisy.a(daisy_seed.o)
                0x080042a4                daisy::DaisySeed::AudioCallbackRate() const
 .text._ZN5daisy9DaisySeed17CheckBoardVersionEv
                0x080042ac       0x6c /Users/amc/git/libDaisy/build/libdaisy.a(daisy_seed.o)
                0x080042ac                daisy::DaisySeed::CheckBoardVersion()
 .text._ZN5daisy9DaisySeed14ConfigureAudioEv
                0x08004318      0x108 /Users/amc/git/libDaisy/build/libdaisy.a(daisy_seed.o)
                0x08004318                daisy::DaisySeed::ConfigureAudio()
 .text._ZN5daisy9DaisySeed4InitEb
                0x08004420       0xf4 /Users/amc/git/libDaisy/build/libdaisy.a(daisy_seed.o)
                0x08004420                daisy::DaisySeed::Init(bool)
 .text._ZN5daisy6Ak45564InitE12dsy_gpio_pin
                0x08004514       0x40 /Users/amc/git/libDaisy/build/libdaisy.a(codec_ak4556.o)
                0x08004514                daisy::Ak4556::Init(dsy_gpio_pin)
 .text._ZN5daisy6Wm873120WriteControlRegisterEht
                0x08004554       0x3c /Users/amc/git/libDaisy/build/libdaisy.a(codec_wm8731.o)
                0x08004554                daisy::Wm8731::WriteControlRegister(unsigned char, unsigned short)
 .text._ZN5daisy6Wm87314InitERKNS0_6ConfigENS_9I2CHandleE
                0x08004590      0x1b4 /Users/amc/git/libDaisy/build/libdaisy.a(codec_wm8731.o)
                0x08004590                daisy::Wm8731::Init(daisy::Wm8731::Config const&, daisy::I2CHandle)
 .text._ZN11SdramHandle10DeviceInitEv
                0x08004744       0x8c /Users/amc/git/libDaisy/build/libdaisy.a(sdram.o)
                0x08004744                SdramHandle::DeviceInit()
 .text._ZN11SdramHandle4InitEv
                0x080047d0       0x88 /Users/amc/git/libDaisy/build/libdaisy.a(sdram.o)
                0x080047d0                SdramHandle::Init()
 .text.HAL_SDRAM_MspInit
                0x08004858      0x19c /Users/amc/git/libDaisy/build/libdaisy.a(sdram.o)
                0x08004858                HAL_SDRAM_MspInit
 .text._ZN5daisy11AudioHandle4Impl16InternalCallbackEPlS2_j
                0x080049f4      0xd70 /Users/amc/git/libDaisy/build/libdaisy.a(audio.o)
                0x080049f4                daisy::AudioHandle::Impl::InternalCallback(long*, long*, unsigned int)
 .text._ZN5daisy11AudioHandle4InitERKNS0_6ConfigENS_9SaiHandleE
                0x08005764       0x70 /Users/amc/git/libDaisy/build/libdaisy.a(audio.o)
                0x08005764                daisy::AudioHandle::Init(daisy::AudioHandle::Config const&, daisy::SaiHandle)
 .text._ZNK5daisy11AudioHandle9GetConfigEv
                0x080057d4        0x8 /Users/amc/git/libDaisy/build/libdaisy.a(audio.o)
                0x080057d4                daisy::AudioHandle::GetConfig() const
 .text._ZN5daisy11AudioHandle12SetBlockSizeEj
                0x080057dc       0x1c /Users/amc/git/libDaisy/build/libdaisy.a(audio.o)
                0x080057dc                daisy::AudioHandle::SetBlockSize(unsigned int)
 .text._ZN5daisy11AudioHandle13GetSampleRateEv
                0x080057f8        0x8 /Users/amc/git/libDaisy/build/libdaisy.a(audio.o)
                0x080057f8                daisy::AudioHandle::GetSampleRate()
 .text._ZN5daisy11AudioHandle13SetSampleRateENS_9SaiHandle6Config10SampleRateE
                0x08005800       0x84 /Users/amc/git/libDaisy/build/libdaisy.a(audio.o)
                0x08005800                daisy::AudioHandle::SetSampleRate(daisy::SaiHandle::Config::SampleRate)
 .text._ZN5daisy11AudioHandle5StartEPFvPKfPfjE
                0x08005884       0x2c /Users/amc/git/libDaisy/build/libdaisy.a(audio.o)
                0x08005884                daisy::AudioHandle::Start(void (*)(float const*, float*, unsigned int))
 .text._ZN5daisy11AudioHandle4StopEv
                0x080058b0       0x20 /Users/amc/git/libDaisy/build/libdaisy.a(audio.o)
                0x080058b0                daisy::AudioHandle::Stop()
 .text.startup._GLOBAL__sub_I__ZN5daisy11AudioHandle4Impl4InitENS0_6ConfigENS_9SaiHandleE
                0x080058d0       0x20 /Users/amc/git/libDaisy/build/libdaisy.a(audio.o)
 .text._ZN5daisy13AnalogControl4InitEPtfbbf
                0x080058f0       0x64 /Users/amc/git/libDaisy/build/libdaisy.a(ctrl.o)
                0x080058f0                daisy::AnalogControl::Init(unsigned short*, float, bool, bool, float)
 .text._ZN5daisy13AnalogControl7ProcessEv
                0x08005954       0x48 /Users/amc/git/libDaisy/build/libdaisy.a(ctrl.o)
                0x08005954                daisy::AnalogControl::Process()
 .text._ZN5daisy13AnalogControl13SetSampleRateEf
                0x0800599c       0x58 /Users/amc/git/libDaisy/build/libdaisy.a(ctrl.o)
                0x0800599c                daisy::AnalogControl::SetSampleRate(float)
 .text._ZN5daisy7Encoder4InitE12dsy_gpio_pinS1_S1_f
                0x080059f4       0x60 /Users/amc/git/libDaisy/build/libdaisy.a(encoder.o)
                0x080059f4                daisy::Encoder::Init(dsy_gpio_pin, dsy_gpio_pin, dsy_gpio_pin, float)
 .text._ZN5daisy7Encoder8DebounceEv
                0x08005a54       0x78 /Users/amc/git/libDaisy/build/libdaisy.a(encoder.o)
                0x08005a54                daisy::Encoder::Debounce()
 .text._ZN5daisy3Led4InitE12dsy_gpio_pinbf
                0x08005acc       0x48 /Users/amc/git/libDaisy/build/libdaisy.a(led.o)
                0x08005acc                daisy::Led::Init(dsy_gpio_pin, bool, float)
 .text._ZN5daisy3Led3SetEf
                0x08005b14       0x24 /Users/amc/git/libDaisy/build/libdaisy.a(led.o)
                0x08005b14                daisy::Led::Set(float)
 .text._ZN5daisy3Led6UpdateEv
                0x08005b38       0x48 /Users/amc/git/libDaisy/build/libdaisy.a(led.o)
                0x08005b38                daisy::Led::Update()
 .text._ZN5daisy17MidiUartTransport6ConfigC2Ev
                0x08005b80       0x28 /Users/amc/git/libDaisy/build/libdaisy.a(midi.o)
                0x08005b80                daisy::MidiUartTransport::Config::Config()
                0x08005b80                daisy::MidiUartTransport::Config::Config()
 .text._ZN5daisy10MidiParser5ResetEv
                0x08005ba8        0xc /Users/amc/git/libDaisy/build/libdaisy.a(midi_parser.o)
                0x08005ba8                daisy::MidiParser::Reset()
 .text._ZN5daisy6Switch4InitE12dsy_gpio_pinf
                0x08005bb4       0x30 /Users/amc/git/libDaisy/build/libdaisy.a(switch.o)
                0x08005bb4                daisy::Switch::Init(dsy_gpio_pin, float)
 .text._ZN5daisy6Switch8DebounceEv
                0x08005be4       0x60 /Users/amc/git/libDaisy/build/libdaisy.a(switch.o)
                0x08005be4                daisy::Switch::Debounce()
 .text._ZN5daisy16AdcChannelConfig10InitSingleE12dsy_gpio_pinNS0_15ConversionSpeedE
                0x08005c44       0x28 /Users/amc/git/libDaisy/build/libdaisy.a(adc.o)
                0x08005c44                daisy::AdcChannelConfig::InitSingle(dsy_gpio_pin, daisy::AdcChannelConfig::ConversionSpeed)
 .text._ZN5daisy9AdcHandle4InitEPNS_16AdcChannelConfigEjNS0_12OverSamplingE
                0x08005c6c      0x3ec /Users/amc/git/libDaisy/build/libdaisy.a(adc.o)
                0x08005c6c                daisy::AdcHandle::Init(daisy::AdcChannelConfig*, unsigned int, daisy::AdcHandle::OverSampling)
 .text._ZN5daisy9AdcHandle5StartEv
                0x08006058       0x28 /Users/amc/git/libDaisy/build/libdaisy.a(adc.o)
                0x08006058                daisy::AdcHandle::Start()
 .text._ZNK5daisy9AdcHandle6GetPtrEh
                0x08006080       0x14 /Users/amc/git/libDaisy/build/libdaisy.a(adc.o)
                0x08006080                daisy::AdcHandle::GetPtr(unsigned char) const
 .text.HAL_ADC_MspInit
                0x08006094       0x94 /Users/amc/git/libDaisy/build/libdaisy.a(adc.o)
                0x08006094                HAL_ADC_MspInit
 .text.DMA1_Stream2_IRQHandler
                0x08006128        0xc /Users/amc/git/libDaisy/build/libdaisy.a(adc.o)
                0x08006128                DMA1_Stream2_IRQHandler
 .text.HAL_ADC_ConvCpltCallback
                0x08006134      0x11c /Users/amc/git/libDaisy/build/libdaisy.a(adc.o)
                0x08006134                HAL_ADC_ConvCpltCallback
 .text.HAL_ADC_ErrorCallback
                0x08006250        0x4 /Users/amc/git/libDaisy/build/libdaisy.a(adc.o)
                0x08006250                HAL_ADC_ErrorCallback
 .text._ZN5daisy4GPIO4InitENS_3PinENS0_4ModeENS0_4PullENS0_5SpeedE
                0x08006254      0x21c /Users/amc/git/libDaisy/build/libdaisy.a(gpio.o)
                0x08006254                daisy::GPIO::Init(daisy::Pin, daisy::GPIO::Mode, daisy::GPIO::Pull, daisy::GPIO::Speed)
 .text._ZN5daisy4GPIO4ReadEv
                0x08006470       0x18 /Users/amc/git/libDaisy/build/libdaisy.a(gpio.o)
                0x08006470                daisy::GPIO::Read()
 .text._ZN5daisy4GPIO5WriteEb
                0x08006488       0x14 /Users/amc/git/libDaisy/build/libdaisy.a(gpio.o)
                0x08006488                daisy::GPIO::Write(bool)
 .text.dsy_gpio_init
                0x0800649c      0x1bc /Users/amc/git/libDaisy/build/libdaisy.a(gpio.o)
                0x0800649c                dsy_gpio_init
 .text.dsy_gpio_read
                0x08006658       0x1c /Users/amc/git/libDaisy/build/libdaisy.a(gpio.o)
                0x08006658                dsy_gpio_read
 .text.dsy_gpio_write
                0x08006674       0x24 /Users/amc/git/libDaisy/build/libdaisy.a(gpio.o)
                0x08006674                dsy_gpio_write
 .text._ZN5daisy9I2CHandle4Impl8InitPinsEv
                0x08006698       0x58 /Users/amc/git/libDaisy/build/libdaisy.a(i2c.o)
                0x08006698                daisy::I2CHandle::Impl::InitPins()
 .text.HAL_I2C_MspInit
                0x080066f0      0x1b4 /Users/amc/git/libDaisy/build/libdaisy.a(i2c.o)
                0x080066f0                HAL_I2C_MspInit
 .text.dsy_i2c_global_init
                0x080068a4       0x70 /Users/amc/git/libDaisy/build/libdaisy.a(i2c.o)
                0x080068a4                dsy_i2c_global_init
 .text.DMA1_Stream6_IRQHandler
                0x08006914       0x30 /Users/amc/git/libDaisy/build/libdaisy.a(i2c.o)
                0x08006914                DMA1_Stream6_IRQHandler
 .text.I2C1_EV_IRQHandler
                0x08006944        0xc /Users/amc/git/libDaisy/build/libdaisy.a(i2c.o)
                0x08006944                I2C1_EV_IRQHandler
 .text.I2C2_EV_IRQHandler
                0x08006950        0xc /Users/amc/git/libDaisy/build/libdaisy.a(i2c.o)
                0x08006950                I2C2_EV_IRQHandler
 .text.I2C3_EV_IRQHandler
                0x0800695c        0xc /Users/amc/git/libDaisy/build/libdaisy.a(i2c.o)
                0x0800695c                I2C3_EV_IRQHandler
 .text._ZN5daisy9I2CHandle4InitERKNS0_6ConfigE
                0x08006968      0x120 /Users/amc/git/libDaisy/build/libdaisy.a(i2c.o)
                0x08006968                daisy::I2CHandle::Init(daisy::I2CHandle::Config const&)
 .text._ZN5daisy9I2CHandle16TransmitBlockingEtPhtm
                0x08006a88       0x50 /Users/amc/git/libDaisy/build/libdaisy.a(i2c.o)
                0x08006a88                daisy::I2CHandle::TransmitBlocking(unsigned short, unsigned char*, unsigned short, unsigned long)
 .text.startup._GLOBAL__sub_I__ZN5daisy9I2CHandle4Impl10GlobalInitEv
                0x08006ad8       0x18 /Users/amc/git/libDaisy/build/libdaisy.a(i2c.o)
 .text._ZN5daisy10QSPIHandle4Impl11WriteEnableEv
                0x08006af0       0x88 /Users/amc/git/libDaisy/build/libdaisy.a(qspi.o)
                0x08006af0                daisy::QSPIHandle::Impl::WriteEnable()
 .text._ZN5daisy10QSPIHandle4Impl17DummyCyclesConfigENS0_6Config6DeviceE
                0x08006b78      0x108 /Users/amc/git/libDaisy/build/libdaisy.a(qspi.o)
                0x08006b78                daisy::QSPIHandle::Impl::DummyCyclesConfig(daisy::QSPIHandle::Config::Device)
 .text._ZN5daisy10QSPIHandle4Impl10QuadEnableEv
                0x08006c80      0x140 /Users/amc/git/libDaisy/build/libdaisy.a(qspi.o)
                0x08006c80                daisy::QSPIHandle::Impl::QuadEnable()
 .text._ZN5daisy10QSPIHandle4InitERKNS0_6ConfigE
                0x08006dc0      0x180 /Users/amc/git/libDaisy/build/libdaisy.a(qspi.o)
                0x08006dc0                daisy::QSPIHandle::Init(daisy::QSPIHandle::Config const&)
 .text.HAL_QSPI_MspInit
                0x08006f40      0x11c /Users/amc/git/libDaisy/build/libdaisy.a(qspi.o)
                0x08006f40                HAL_QSPI_MspInit
 .text.HAL_QSPI_MspDeInit
                0x0800705c       0x54 /Users/amc/git/libDaisy/build/libdaisy.a(qspi.o)
                0x0800705c                HAL_QSPI_MspDeInit
 .text.QUADSPI_IRQHandler
                0x080070b0        0xc /Users/amc/git/libDaisy/build/libdaisy.a(qspi.o)
                0x080070b0                QUADSPI_IRQHandler
 .text.startup._GLOBAL__sub_I__ZN5daisy10QSPIHandle4Impl4InitERKNS0_6ConfigE
                0x080070bc       0x28 /Users/amc/git/libDaisy/build/libdaisy.a(qspi.o)
 .text._ZN5daisy9SaiHandle4Impl8InitPinsEv
                0x080070e4       0xac /Users/amc/git/libDaisy/build/libdaisy.a(sai.o)
                0x080070e4                daisy::SaiHandle::Impl::InitPins()
 .text.HAL_SAI_MspInit
                0x08007190      0x2a8 /Users/amc/git/libDaisy/build/libdaisy.a(sai.o)
                0x08007190                HAL_SAI_MspInit
 .text.DMA1_Stream0_IRQHandler
                0x08007438        0xc /Users/amc/git/libDaisy/build/libdaisy.a(sai.o)
                0x08007438                DMA1_Stream0_IRQHandler
 .text.DMA1_Stream1_IRQHandler
                0x08007444        0xc /Users/amc/git/libDaisy/build/libdaisy.a(sai.o)
                0x08007444                DMA1_Stream1_IRQHandler
 .text.DMA1_Stream3_IRQHandler
                0x08007450        0xc /Users/amc/git/libDaisy/build/libdaisy.a(sai.o)
                0x08007450                DMA1_Stream3_IRQHandler
 .text.DMA1_Stream4_IRQHandler
                0x0800745c        0xc /Users/amc/git/libDaisy/build/libdaisy.a(sai.o)
                0x0800745c                DMA1_Stream4_IRQHandler
 .text.HAL_SAI_RxHalfCpltCallback
                0x08007468       0x78 /Users/amc/git/libDaisy/build/libdaisy.a(sai.o)
                0x08007468                HAL_SAI_RxHalfCpltCallback
 .text.HAL_SAI_RxCpltCallback
                0x080074e0       0x70 /Users/amc/git/libDaisy/build/libdaisy.a(sai.o)
                0x080074e0                HAL_SAI_RxCpltCallback
 .text._ZN5daisy9SaiHandle4InitERKNS0_6ConfigE
                0x08007550      0x204 /Users/amc/git/libDaisy/build/libdaisy.a(sai.o)
                0x08007550                daisy::SaiHandle::Init(daisy::SaiHandle::Config const&)
 .text._ZNK5daisy9SaiHandle9GetConfigEv
                0x08007754        0x4 /Users/amc/git/libDaisy/build/libdaisy.a(sai.o)
                0x08007754                daisy::SaiHandle::GetConfig() const
 .text._ZN5daisy9SaiHandle8StartDmaEPlS1_jPFvS1_S1_jE
                0x08007758       0xac /Users/amc/git/libDaisy/build/libdaisy.a(sai.o)
                0x08007758                daisy::SaiHandle::StartDma(long*, long*, unsigned int, void (*)(long*, long*, unsigned int))
 .text._ZN5daisy9SaiHandle7StopDmaEv
                0x08007804       0x18 /Users/amc/git/libDaisy/build/libdaisy.a(sai.o)
                0x08007804                daisy::SaiHandle::StopDma()
 .text._ZN5daisy9SaiHandle13GetSampleRateEv
                0x0800781c       0x24 /Users/amc/git/libDaisy/build/libdaisy.a(sai.o)
                0x0800781c                daisy::SaiHandle::GetSampleRate()
 .text._ZNK5daisy9SaiHandle9GetOffsetEv
                0x08007840        0x8 /Users/amc/git/libDaisy/build/libdaisy.a(sai.o)
                0x08007840                daisy::SaiHandle::GetOffset() const
 .text._ZN5daisy9SpiHandle4Impl7InitDmaEv
                0x08007848       0xec /Users/amc/git/libDaisy/build/libdaisy.a(spi.o)
                0x08007848                daisy::SpiHandle::Impl::InitDma()
 .text._ZN5daisy9SpiHandle4Impl10StartDmaTxEPhjPFvPvEPFvS3_NS0_6ResultEES3_
                0x08007934       0xbc /Users/amc/git/libDaisy/build/libdaisy.a(spi.o)
                0x08007934                daisy::SpiHandle::Impl::StartDmaTx(unsigned char*, unsigned int, void (*)(void*), void (*)(void*, daisy::SpiHandle::Result), void*)
 .text._ZN5daisy9SpiHandle4Impl10StartDmaRxEPhjPFvPvEPFvS3_NS0_6ResultEES3_
                0x080079f0       0xbc /Users/amc/git/libDaisy/build/libdaisy.a(spi.o)
                0x080079f0                daisy::SpiHandle::Impl::StartDmaRx(unsigned char*, unsigned int, void (*)(void*), void (*)(void*, daisy::SpiHandle::Result), void*)
 .text._ZN5daisy9SpiHandle4Impl12StartDmaRxTxEPhS2_jPFvPvEPFvS3_NS0_6ResultEES3_
                0x08007aac       0xbc /Users/amc/git/libDaisy/build/libdaisy.a(spi.o)
                0x08007aac                daisy::SpiHandle::Impl::StartDmaRxTx(unsigned char*, unsigned char*, unsigned int, void (*)(void*), void (*)(void*, daisy::SpiHandle::Result), void*)
 .text._ZN5daisy9SpiHandle4Impl8InitPinsEv
                0x08007b68      0x214 /Users/amc/git/libDaisy/build/libdaisy.a(spi.o)
                0x08007b68                daisy::SpiHandle::Impl::InitPins()
 .text.HAL_SPI_MspInit
                0x08007d7c      0x1a8 /Users/amc/git/libDaisy/build/libdaisy.a(spi.o)
                0x08007d7c                HAL_SPI_MspInit
 .text.dsy_spi_global_init
                0x08007f24       0x80 /Users/amc/git/libDaisy/build/libdaisy.a(spi.o)
                0x08007f24                dsy_spi_global_init
 .text.SPI1_IRQHandler
                0x08007fa4        0xc /Users/amc/git/libDaisy/build/libdaisy.a(spi.o)
                0x08007fa4                SPI1_IRQHandler
 .text.SPI2_IRQHandler
                0x08007fb0        0xc /Users/amc/git/libDaisy/build/libdaisy.a(spi.o)
                0x08007fb0                SPI2_IRQHandler
 .text.SPI3_IRQHandler
                0x08007fbc        0xc /Users/amc/git/libDaisy/build/libdaisy.a(spi.o)
                0x08007fbc                SPI3_IRQHandler
 .text.SPI4_IRQHandler
                0x08007fc8        0xc /Users/amc/git/libDaisy/build/libdaisy.a(spi.o)
                0x08007fc8                SPI4_IRQHandler
 .text.SPI5_IRQHandler
                0x08007fd4        0xc /Users/amc/git/libDaisy/build/libdaisy.a(spi.o)
                0x08007fd4                SPI5_IRQHandler
 .text.DMA2_Stream2_IRQHandler
                0x08007fe0       0x34 /Users/amc/git/libDaisy/build/libdaisy.a(spi.o)
                0x08007fe0                DMA2_Stream2_IRQHandler
 .text.DMA2_Stream3_IRQHandler
                0x08008014       0x34 /Users/amc/git/libDaisy/build/libdaisy.a(spi.o)
                0x08008014                DMA2_Stream3_IRQHandler
 .text.HAL_SPI_TxCpltCallback
                0x08008048       0xc0 /Users/amc/git/libDaisy/build/libdaisy.a(spi.o)
                0x08008048                HAL_SPI_TxCpltCallback
 .text.HAL_SPI_RxCpltCallback
                0x08008108       0xc0 /Users/amc/git/libDaisy/build/libdaisy.a(spi.o)
                0x08008108                HAL_SPI_RxCpltCallback
 .text.HAL_SPI_TxRxCpltCallback
                0x080081c8       0xc0 /Users/amc/git/libDaisy/build/libdaisy.a(spi.o)
                0x080081c8                HAL_SPI_TxRxCpltCallback
 .text.HAL_SPI_ErrorCallback
                0x08008288       0xc4 /Users/amc/git/libDaisy/build/libdaisy.a(spi.o)
                0x08008288                HAL_SPI_ErrorCallback
 .text._ZN5daisy9SpiHandle4InitERKNS0_6ConfigE
                0x0800834c      0x124 /Users/amc/git/libDaisy/build/libdaisy.a(spi.o)
                0x0800834c                daisy::SpiHandle::Init(daisy::SpiHandle::Config const&)
 .text._ZN5daisy9SpiHandle16BlockingTransmitEPhjm
                0x08008470       0x14 /Users/amc/git/libDaisy/build/libdaisy.a(spi.o)
                0x08008470                daisy::SpiHandle::BlockingTransmit(unsigned char*, unsigned int, unsigned long)
 *fill*         0x08008484        0x4 
 .text.startup._GLOBAL__sub_I__Z19MapInstanceToHandleP11SPI_TypeDef
                0x08008488      0x1bc /Users/amc/git/libDaisy/build/libdaisy.a(spi.o)
 .text._ZL20UART_CheckRxListenerPN5daisy11UartHandler4ImplE
                0x08008644       0x84 /Users/amc/git/libDaisy/build/libdaisy.a(uart.o)
 .text._ZN5daisy11UartHandler4Impl10StartDmaTxEPhjPFvPvEPFvS3_NS0_6ResultEES3_
                0x080086c8      0x174 /Users/amc/git/libDaisy/build/libdaisy.a(uart.o)
                0x080086c8                daisy::UartHandler::Impl::StartDmaTx(unsigned char*, unsigned int, void (*)(void*), void (*)(void*, daisy::UartHandler::Result), void*)
 .text._ZN5daisy11UartHandler4Impl10StartDmaRxEPhjPFvPvEPFvS3_NS0_6ResultEES3_
                0x0800883c      0x174 /Users/amc/git/libDaisy/build/libdaisy.a(uart.o)
                0x0800883c                daisy::UartHandler::Impl::StartDmaRx(unsigned char*, unsigned int, void (*)(void*), void (*)(void*, daisy::UartHandler::Result), void*)
 .text._ZN5daisy11UartHandler4Impl19DmaTransferFinishedEP20__UART_HandleTypeDefNS0_6ResultE
                0x080089b0       0xc0 /Users/amc/git/libDaisy/build/libdaisy.a(uart.o)
                0x080089b0                daisy::UartHandler::Impl::DmaTransferFinished(__UART_HandleTypeDef*, daisy::UartHandler::Result)
 .text._ZN5daisy11UartHandler4Impl8InitPinsEv
                0x08008a70      0x154 /Users/amc/git/libDaisy/build/libdaisy.a(uart.o)
                0x08008a70                daisy::UartHandler::Impl::InitPins()
 .text.HAL_UART_MspInit
                0x08008bc4      0x210 /Users/amc/git/libDaisy/build/libdaisy.a(uart.o)
                0x08008bc4                HAL_UART_MspInit
 .text.dsy_uart_global_init
                0x08008dd4       0xfc /Users/amc/git/libDaisy/build/libdaisy.a(uart.o)
                0x08008dd4                dsy_uart_global_init
 .text.USART1_IRQHandler
                0x08008ed0       0x30 /Users/amc/git/libDaisy/build/libdaisy.a(uart.o)
                0x08008ed0                USART1_IRQHandler
 .text.USART2_IRQHandler
                0x08008f00       0x38 /Users/amc/git/libDaisy/build/libdaisy.a(uart.o)
                0x08008f00                USART2_IRQHandler
 .text.USART3_IRQHandler
                0x08008f38       0x38 /Users/amc/git/libDaisy/build/libdaisy.a(uart.o)
                0x08008f38                USART3_IRQHandler
 .text.UART4_IRQHandler
                0x08008f70       0x38 /Users/amc/git/libDaisy/build/libdaisy.a(uart.o)
                0x08008f70                UART4_IRQHandler
 .text.UART5_IRQHandler
                0x08008fa8       0x38 /Users/amc/git/libDaisy/build/libdaisy.a(uart.o)
                0x08008fa8                UART5_IRQHandler
 .text.USART6_IRQHandler
                0x08008fe0       0x38 /Users/amc/git/libDaisy/build/libdaisy.a(uart.o)
                0x08008fe0                USART6_IRQHandler
 .text.UART7_IRQHandler
                0x08009018       0x38 /Users/amc/git/libDaisy/build/libdaisy.a(uart.o)
                0x08009018                UART7_IRQHandler
 .text.UART8_IRQHandler
                0x08009050       0x38 /Users/amc/git/libDaisy/build/libdaisy.a(uart.o)
                0x08009050                UART8_IRQHandler
 .text.LPUART1_IRQHandler
                0x08009088       0x38 /Users/amc/git/libDaisy/build/libdaisy.a(uart.o)
                0x08009088                LPUART1_IRQHandler
 .text.DMA1_Stream5_IRQHandler
                0x080090c0       0x34 /Users/amc/git/libDaisy/build/libdaisy.a(uart.o)
                0x080090c0                DMA1_Stream5_IRQHandler
 .text.DMA2_Stream4_IRQHandler
                0x080090f4       0x34 /Users/amc/git/libDaisy/build/libdaisy.a(uart.o)
                0x080090f4                DMA2_Stream4_IRQHandler
 .text.HAL_UART_TxCpltCallback
                0x08009128        0x8 /Users/amc/git/libDaisy/build/libdaisy.a(uart.o)
                0x08009128                HAL_UART_TxCpltCallback
 .text.HAL_UART_RxCpltCallback
                0x08009130       0x94 /Users/amc/git/libDaisy/build/libdaisy.a(uart.o)
                0x08009130                HAL_UART_RxCpltCallback
 .text.HAL_UART_RxHalfCpltCallback
                0x080091c4       0x90 /Users/amc/git/libDaisy/build/libdaisy.a(uart.o)
                0x080091c4                HAL_UART_RxHalfCpltCallback
 .text.HAL_UART_ErrorCallback
                0x08009254        0x8 /Users/amc/git/libDaisy/build/libdaisy.a(uart.o)
                0x08009254                HAL_UART_ErrorCallback
 .text._ZN5daisy11UartHandler4InitERKNS0_6ConfigE
                0x0800925c       0xd8 /Users/amc/git/libDaisy/build/libdaisy.a(uart.o)
                0x0800925c                daisy::UartHandler::Init(daisy::UartHandler::Config const&)
 *fill*         0x08009334        0x4 
 .text.startup._GLOBAL__sub_I__Z19MapInstanceToHandleP13USART_TypeDef
                0x08009338      0x19c /Users/amc/git/libDaisy/build/libdaisy.a(uart.o)
 .text.dsy_dma_init
                0x080094d4      0x100 /Users/amc/git/libDaisy/build/libdaisy.a(dma.o)
                0x080094d4                dsy_dma_init
 .text.dsy_dma_invalidate_cache_for_buffer
                0x080095d4       0x2c /Users/amc/git/libDaisy/build/libdaisy.a(dma.o)
                0x080095d4                dsy_dma_invalidate_cache_for_buffer
 .text._ZN5daisy11TimerHandleD2Ev
                0x08009600        0x4 /Users/amc/git/libDaisy/build/libdaisy.a(system.o)
                0x08009600                daisy::TimerHandle::~TimerHandle()
                0x08009600                daisy::TimerHandle::~TimerHandle()
 .text.SysTick_Handler
                0x08009604       0x10 /Users/amc/git/libDaisy/build/libdaisy.a(system.o)
                0x08009604                SysTick_Handler
 .text.OTG_HS_EP1_OUT_IRQHandler
                0x08009614       0x24 /Users/amc/git/libDaisy/build/libdaisy.a(system.o)
                0x08009614                OTG_HS_EP1_OUT_IRQHandler
 .text.OTG_HS_EP1_IN_IRQHandler
                0x08009638       0x24 /Users/amc/git/libDaisy/build/libdaisy.a(system.o)
                0x08009638                OTG_HS_EP1_IN_IRQHandler
 .text.OTG_HS_IRQHandler
                0x0800965c       0x24 /Users/amc/git/libDaisy/build/libdaisy.a(system.o)
                0x0800965c                OTG_HS_IRQHandler
 .text.HardFault_Handler
                0x08009680       0xe0 /Users/amc/git/libDaisy/build/libdaisy.a(system.o)
                0x08009680                HardFault_Handler
 .text._ZN5daisy6System6GetNowEv
                0x08009760        0x4 /Users/amc/git/libDaisy/build/libdaisy.a(system.o)
                0x08009760                daisy::System::GetNow()
 .text._ZN5daisy6System5DelayEm
                0x08009764        0x4 /Users/amc/git/libDaisy/build/libdaisy.a(system.o)
                0x08009764                daisy::System::Delay(unsigned long)
 .text._ZN5daisy6System10DelayTicksEm
                0x08009768        0xc /Users/amc/git/libDaisy/build/libdaisy.a(system.o)
                0x08009768                daisy::System::DelayTicks(unsigned long)
 .text._ZN5daisy6System17ResetToBootloaderENS0_14BootloaderModeE
                0x08009774       0x8c /Users/amc/git/libDaisy/build/libdaisy.a(system.o)
                0x08009774                daisy::System::ResetToBootloader(daisy::System::BootloaderMode)
 .text._ZN5daisy6System20GetBootloaderVersionEv
                0x08009800       0x34 /Users/amc/git/libDaisy/build/libdaisy.a(system.o)
                0x08009800                daisy::System::GetBootloaderVersion()
 .text._ZN5daisy6System15ConfigureClocksEv
                0x08009834      0x188 /Users/amc/git/libDaisy/build/libdaisy.a(system.o)
                0x08009834                daisy::System::ConfigureClocks()
 .text._ZN5daisy6System12ConfigureMpuEv
                0x080099bc       0x7c /Users/amc/git/libDaisy/build/libdaisy.a(system.o)
                0x080099bc                daisy::System::ConfigureMpu()
 .text._ZN5daisy6System4InitERKNS0_6ConfigE
                0x08009a38       0xec /Users/amc/git/libDaisy/build/libdaisy.a(system.o)
                0x08009a38                daisy::System::Init(daisy::System::Config const&)
 .text._ZN5daisy6System12GetPClk1FreqEv
                0x08009b24        0x4 /Users/amc/git/libDaisy/build/libdaisy.a(system.o)
                0x08009b24                daisy::System::GetPClk1Freq()
 .text._ZN5daisy6System11GetTickFreqEv
                0x08009b28        0xc /Users/amc/git/libDaisy/build/libdaisy.a(system.o)
                0x08009b28                daisy::System::GetTickFreq()
 .text._ZN5daisy6System22GetProgramMemoryRegionEv
                0x08009b34       0x78 /Users/amc/git/libDaisy/build/libdaisy.a(system.o)
                0x08009b34                daisy::System::GetProgramMemoryRegion()
 .text.startup._GLOBAL__sub_I__ZN5daisy9boot_infoE
                0x08009bac       0x1c /Users/amc/git/libDaisy/build/libdaisy.a(system.o)
 .text.SystemInit
                0x08009bc8       0x98 /Users/amc/git/libDaisy/build/libdaisy.a(system_stm32h7xx.o)
                0x08009bc8                SystemInit
 .text.HAL_PCD_SetupStageCallback
                0x08009c60        0xc /Users/amc/git/libDaisy/build/libdaisy.a(usbd_conf.o)
                0x08009c60                HAL_PCD_SetupStageCallback
 .text.HAL_PCD_DataOutStageCallback
                0x08009c6c       0x14 /Users/amc/git/libDaisy/build/libdaisy.a(usbd_conf.o)
                0x08009c6c                HAL_PCD_DataOutStageCallback
 .text.HAL_PCD_DataInStageCallback
                0x08009c80       0x14 /Users/amc/git/libDaisy/build/libdaisy.a(usbd_conf.o)
                0x08009c80                HAL_PCD_DataInStageCallback
 .text.HAL_PCD_SOFCallback
                0x08009c94        0x8 /Users/amc/git/libDaisy/build/libdaisy.a(usbd_conf.o)
                0x08009c94                HAL_PCD_SOFCallback
 .text.HAL_PCD_ResetCallback
                0x08009c9c       0x24 /Users/amc/git/libDaisy/build/libdaisy.a(usbd_conf.o)
                0x08009c9c                HAL_PCD_ResetCallback
 .text.HAL_PCD_SuspendCallback
                0x08009cc0       0x30 /Users/amc/git/libDaisy/build/libdaisy.a(usbd_conf.o)
                0x08009cc0                HAL_PCD_SuspendCallback
 .text.HAL_PCD_ResumeCallback
                0x08009cf0        0x8 /Users/amc/git/libDaisy/build/libdaisy.a(usbd_conf.o)
                0x08009cf0                HAL_PCD_ResumeCallback
 .text.HAL_PCD_ISOOUTIncompleteCallback
                0x08009cf8        0x8 /Users/amc/git/libDaisy/build/libdaisy.a(usbd_conf.o)
                0x08009cf8                HAL_PCD_ISOOUTIncompleteCallback
 .text.HAL_PCD_ISOINIncompleteCallback
                0x08009d00        0x8 /Users/amc/git/libDaisy/build/libdaisy.a(usbd_conf.o)
                0x08009d00                HAL_PCD_ISOINIncompleteCallback
 .text.HAL_PCD_ConnectCallback
                0x08009d08        0x8 /Users/amc/git/libDaisy/build/libdaisy.a(usbd_conf.o)
                0x08009d08                HAL_PCD_ConnectCallback
 .text.HAL_PCD_DisconnectCallback
                0x08009d10        0x8 /Users/amc/git/libDaisy/build/libdaisy.a(usbd_conf.o)
                0x08009d10                HAL_PCD_DisconnectCallback
 .text.USBD_LL_OpenEP
                0x08009d18       0x1c /Users/amc/git/libDaisy/build/libdaisy.a(usbd_conf.o)
                0x08009d18                USBD_LL_OpenEP
 .text.USBD_LL_StallEP
                0x08009d34       0x18 /Users/amc/git/libDaisy/build/libdaisy.a(usbd_conf.o)
                0x08009d34                USBD_LL_StallEP
 .text.USBD_LL_ClearStallEP
                0x08009d4c       0x18 /Users/amc/git/libDaisy/build/libdaisy.a(usbd_conf.o)
                0x08009d4c                USBD_LL_ClearStallEP
 .text.USBD_LL_IsStallEP
                0x08009d64       0x28 /Users/amc/git/libDaisy/build/libdaisy.a(usbd_conf.o)
                0x08009d64                USBD_LL_IsStallEP
 .text.USBD_LL_SetUSBAddress
                0x08009d8c       0x18 /Users/amc/git/libDaisy/build/libdaisy.a(usbd_conf.o)
                0x08009d8c                USBD_LL_SetUSBAddress
 .text.USBD_LL_Transmit
                0x08009da4       0x18 /Users/amc/git/libDaisy/build/libdaisy.a(usbd_conf.o)
                0x08009da4                USBD_LL_Transmit
 .text.USBD_LL_PrepareReceive
                0x08009dbc       0x18 /Users/amc/git/libDaisy/build/libdaisy.a(usbd_conf.o)
                0x08009dbc                USBD_LL_PrepareReceive
 .text.HAL_HCD_SOF_Callback
                0x08009dd4        0x8 /Users/amc/git/libDaisy/build/libdaisy.a(usbh_conf.o)
                0x08009dd4                HAL_HCD_SOF_Callback
 .text.HAL_HCD_Connect_Callback
                0x08009ddc        0x8 /Users/amc/git/libDaisy/build/libdaisy.a(usbh_conf.o)
                0x08009ddc                HAL_HCD_Connect_Callback
 .text.HAL_HCD_Disconnect_Callback
                0x08009de4        0x8 /Users/amc/git/libDaisy/build/libdaisy.a(usbh_conf.o)
                0x08009de4                HAL_HCD_Disconnect_Callback
 .text.HAL_HCD_HC_NotifyURBChange_Callback
                0x08009dec        0x4 /Users/amc/git/libDaisy/build/libdaisy.a(usbh_conf.o)
                0x08009dec                HAL_HCD_HC_NotifyURBChange_Callback
 .text.HAL_HCD_PortEnabled_Callback
                0x08009df0        0x8 /Users/amc/git/libDaisy/build/libdaisy.a(usbh_conf.o)
                0x08009df0                HAL_HCD_PortEnabled_Callback
 .text.HAL_HCD_PortDisabled_Callback
                0x08009df8        0x8 /Users/amc/git/libDaisy/build/libdaisy.a(usbh_conf.o)
                0x08009df8                HAL_HCD_PortDisabled_Callback
 .text.USBH_LL_Stop
                0x08009e00       0x18 /Users/amc/git/libDaisy/build/libdaisy.a(usbh_conf.o)
                0x08009e00                USBH_LL_Stop
 .text.dsy_hal_map_get_port
                0x08009e18       0x10 /Users/amc/git/libDaisy/build/libdaisy.a(hal_map.o)
                0x08009e18                dsy_hal_map_get_port
 .text.dsy_hal_map_get_pin
                0x08009e28       0x10 /Users/amc/git/libDaisy/build/libdaisy.a(hal_map.o)
                0x08009e28                dsy_hal_map_get_pin
 .text.dsy_hal_map_gpio_clk_enable
                0x08009e38      0x150 /Users/amc/git/libDaisy/build/libdaisy.a(hal_map.o)
                0x08009e38                dsy_hal_map_gpio_clk_enable
 .text.HAL_MspInit
                0x08009f88        0x4 /Users/amc/git/libDaisy/build/libdaisy.a(stm32h7xx_hal.o)
                0x08009f88                HAL_MspInit
 .text.HAL_InitTick
                0x08009f8c       0x4c /Users/amc/git/libDaisy/build/libdaisy.a(stm32h7xx_hal.o)
                0x08009f8c                HAL_InitTick
 .text.HAL_Init
                0x08009fd8       0x60 /Users/amc/git/libDaisy/build/libdaisy.a(stm32h7xx_hal.o)
                0x08009fd8                HAL_Init
 .text.HAL_IncTick
                0x0800a038       0x18 /Users/amc/git/libDaisy/build/libdaisy.a(stm32h7xx_hal.o)
                0x0800a038                HAL_IncTick
 .text.HAL_GetTick
                0x0800a050        0xc /Users/amc/git/libDaisy/build/libdaisy.a(stm32h7xx_hal.o)
                0x0800a050                HAL_GetTick
 .text.HAL_Delay
                0x0800a05c       0x24 /Users/amc/git/libDaisy/build/libdaisy.a(stm32h7xx_hal.o)
                0x0800a05c                HAL_Delay
 .text.HAL_GetREVID
                0x0800a080        0xc /Users/amc/git/libDaisy/build/libdaisy.a(stm32h7xx_hal.o)
                0x0800a080                HAL_GetREVID
 .text.HAL_ADC_ConvHalfCpltCallback
                0x0800a08c        0x4 /Users/amc/git/libDaisy/build/libdaisy.a(stm32h7xx_hal_adc.o)
                0x0800a08c                HAL_ADC_ConvHalfCpltCallback
 .text.ADC_DMAHalfConvCplt
                0x0800a090        0xc /Users/amc/git/libDaisy/build/libdaisy.a(stm32h7xx_hal_adc.o)
                0x0800a090                ADC_DMAHalfConvCplt
 .text.ADC_DMAConvCplt
                0x0800a09c       0x6c /Users/amc/git/libDaisy/build/libdaisy.a(stm32h7xx_hal_adc.o)
                0x0800a09c                ADC_DMAConvCplt
 .text.ADC_DMAError
                0x0800a108       0x1c /Users/amc/git/libDaisy/build/libdaisy.a(stm32h7xx_hal_adc.o)
                0x0800a108                ADC_DMAError
 .text.HAL_ADC_ConfigChannel
                0x0800a124      0x390 /Users/amc/git/libDaisy/build/libdaisy.a(stm32h7xx_hal_adc.o)
                0x0800a124                HAL_ADC_ConfigChannel
 .text.ADC_Enable
                0x0800a4b4       0xb0 /Users/amc/git/libDaisy/build/libdaisy.a(stm32h7xx_hal_adc.o)
                0x0800a4b4                ADC_Enable
 .text.HAL_ADC_Start_DMA
                0x0800a564      0x108 /Users/amc/git/libDaisy/build/libdaisy.a(stm32h7xx_hal_adc.o)
                0x0800a564                HAL_ADC_Start_DMA
 .text.ADC_Disable
                0x0800a66c       0x64 /Users/amc/git/libDaisy/build/libdaisy.a(stm32h7xx_hal_adc.o)
                0x0800a66c                ADC_Disable
 .text.ADC_ConfigureBoostMode
                0x0800a6d0      0x17c /Users/amc/git/libDaisy/build/libdaisy.a(stm32h7xx_hal_adc.o)
                0x0800a6d0                ADC_ConfigureBoostMode
 .text.HAL_ADC_Init
                0x0800a84c      0x214 /Users/amc/git/libDaisy/build/libdaisy.a(stm32h7xx_hal_adc.o)
                0x0800a84c                HAL_ADC_Init
 .text.HAL_ADCEx_Calibration_Start
                0x0800aa60       0xa4 /Users/amc/git/libDaisy/build/libdaisy.a(stm32h7xx_hal_adc_ex.o)
                0x0800aa60                HAL_ADCEx_Calibration_Start
 .text.HAL_ADCEx_MultiModeConfigChannel
                0x0800ab04       0xb4 /Users/amc/git/libDaisy/build/libdaisy.a(stm32h7xx_hal_adc_ex.o)
                0x0800ab04                HAL_ADCEx_MultiModeConfigChannel
 .text.HAL_NVIC_SetPriorityGrouping
                0x0800abb8       0x24 /Users/amc/git/libDaisy/build/libdaisy.a(stm32h7xx_hal_cortex.o)
                0x0800abb8                HAL_NVIC_SetPriorityGrouping
 .text.HAL_NVIC_SetPriority
                0x0800abdc       0x78 /Users/amc/git/libDaisy/build/libdaisy.a(stm32h7xx_hal_cortex.o)
                0x0800abdc                HAL_NVIC_SetPriority
 .text.HAL_NVIC_EnableIRQ
                0x0800ac54       0x1c /Users/amc/git/libDaisy/build/libdaisy.a(stm32h7xx_hal_cortex.o)
                0x0800ac54                HAL_NVIC_EnableIRQ
 .text.HAL_NVIC_DisableIRQ
                0x0800ac70       0x24 /Users/amc/git/libDaisy/build/libdaisy.a(stm32h7xx_hal_cortex.o)
                0x0800ac70                HAL_NVIC_DisableIRQ
 .text.HAL_NVIC_SystemReset
                0x0800ac94       0x24 /Users/amc/git/libDaisy/build/libdaisy.a(stm32h7xx_hal_cortex.o)
                0x0800ac94                HAL_NVIC_SystemReset
 .text.HAL_SYSTICK_Config
                0x0800acb8       0x2c /Users/amc/git/libDaisy/build/libdaisy.a(stm32h7xx_hal_cortex.o)
                0x0800acb8                HAL_SYSTICK_Config
 .text.HAL_MPU_Disable
                0x0800ace4       0x1c /Users/amc/git/libDaisy/build/libdaisy.a(stm32h7xx_hal_cortex.o)
                0x0800ace4                HAL_MPU_Disable
 .text.HAL_MPU_Enable
                0x0800ad00       0x20 /Users/amc/git/libDaisy/build/libdaisy.a(stm32h7xx_hal_cortex.o)
                0x0800ad00                HAL_MPU_Enable
 .text.HAL_MPU_ConfigRegion
                0x0800ad20       0x64 /Users/amc/git/libDaisy/build/libdaisy.a(stm32h7xx_hal_cortex.o)
                0x0800ad20                HAL_MPU_ConfigRegion
 .text.HAL_SYSTICK_Callback
                0x0800ad84        0x4 /Users/amc/git/libDaisy/build/libdaisy.a(stm32h7xx_hal_cortex.o)
                0x0800ad84                HAL_SYSTICK_Callback
 .text.HAL_SYSTICK_IRQHandler
                0x0800ad88        0x8 /Users/amc/git/libDaisy/build/libdaisy.a(stm32h7xx_hal_cortex.o)
                0x0800ad88                HAL_SYSTICK_IRQHandler
 .text.DMA_CalcBaseAndBitshift
                0x0800ad90      0x100 /Users/amc/git/libDaisy/build/libdaisy.a(stm32h7xx_hal_dma.o)
 .text.DMA_CalcDMAMUXChannelBaseAndMask
                0x0800ae90       0xd4 /Users/amc/git/libDaisy/build/libdaisy.a(stm32h7xx_hal_dma.o)
 .text.HAL_DMA_Init
                0x0800af64      0x368 /Users/amc/git/libDaisy/build/libdaisy.a(stm32h7xx_hal_dma.o)
                0x0800af64                HAL_DMA_Init
 .text.HAL_DMA_Start_IT
                0x0800b2cc      0x288 /Users/amc/git/libDaisy/build/libdaisy.a(stm32h7xx_hal_dma.o)
                0x0800b2cc                HAL_DMA_Start_IT
 .text.HAL_DMA_Abort
                0x0800b554      0x208 /Users/amc/git/libDaisy/build/libdaisy.a(stm32h7xx_hal_dma.o)
                0x0800b554                HAL_DMA_Abort
 .text.HAL_DMA_Abort_IT
                0x0800b75c      0x134 /Users/amc/git/libDaisy/build/libdaisy.a(stm32h7xx_hal_dma.o)
                0x0800b75c                HAL_DMA_Abort_IT
 .text.HAL_DMA_IRQHandler
                0x0800b890      0x424 /Users/amc/git/libDaisy/build/libdaisy.a(stm32h7xx_hal_dma.o)
                0x0800b890                HAL_DMA_IRQHandler
 .text.HAL_DMA_GetError
                0x0800bcb4        0x4 /Users/amc/git/libDaisy/build/libdaisy.a(stm32h7xx_hal_dma.o)
                0x0800bcb4                HAL_DMA_GetError
 .text.HAL_GPIO_Init
                0x0800bcb8      0x41c /Users/amc/git/libDaisy/build/libdaisy.a(stm32h7xx_hal_gpio.o)
                0x0800bcb8                HAL_GPIO_Init
 .text.HAL_GPIO_DeInit
                0x0800c0d4      0x258 /Users/amc/git/libDaisy/build/libdaisy.a(stm32h7xx_hal_gpio.o)
                0x0800c0d4                HAL_GPIO_DeInit
 .text.HAL_GPIO_ReadPin
                0x0800c32c        0xc /Users/amc/git/libDaisy/build/libdaisy.a(stm32h7xx_hal_gpio.o)
                0x0800c32c                HAL_GPIO_ReadPin
 .text.HAL_GPIO_WritePin
                0x0800c338        0x8 /Users/amc/git/libDaisy/build/libdaisy.a(stm32h7xx_hal_gpio.o)
                0x0800c338                HAL_GPIO_WritePin
 .text.HAL_HCD_IRQHandler
                0x0800c340      0x764 /Users/amc/git/libDaisy/build/libdaisy.a(stm32h7xx_hal_hcd.o)
                0x0800c340                HAL_HCD_IRQHandler
 .text.HAL_HCD_Stop
                0x0800caa4       0x28 /Users/amc/git/libDaisy/build/libdaisy.a(stm32h7xx_hal_hcd.o)
                0x0800caa4                HAL_HCD_Stop
 .text.I2C_WaitOnTXISFlagUntilTimeout
                0x0800cacc       0xbc /Users/amc/git/libDaisy/build/libdaisy.a(stm32h7xx_hal_i2c.o)
 .text.I2C_WaitOnSTOPFlagUntilTimeout
                0x0800cb88       0xa8 /Users/amc/git/libDaisy/build/libdaisy.a(stm32h7xx_hal_i2c.o)
 .text.HAL_I2C_Init
                0x0800cc30       0xac /Users/amc/git/libDaisy/build/libdaisy.a(stm32h7xx_hal_i2c.o)
                0x0800cc30                HAL_I2C_Init
 .text.HAL_I2C_Master_Transmit
                0x0800ccdc      0x198 /Users/amc/git/libDaisy/build/libdaisy.a(stm32h7xx_hal_i2c.o)
                0x0800ccdc                HAL_I2C_Master_Transmit
 .text.HAL_I2C_Slave_Transmit
                0x0800ce74      0x1cc /Users/amc/git/libDaisy/build/libdaisy.a(stm32h7xx_hal_i2c.o)
                0x0800ce74                HAL_I2C_Slave_Transmit
 .text.HAL_I2C_EV_IRQHandler
                0x0800d040       0x10 /Users/amc/git/libDaisy/build/libdaisy.a(stm32h7xx_hal_i2c.o)
                0x0800d040                HAL_I2C_EV_IRQHandler
 .text.HAL_I2C_GetState
                0x0800d050        0x8 /Users/amc/git/libDaisy/build/libdaisy.a(stm32h7xx_hal_i2c.o)
                0x0800d050                HAL_I2C_GetState
 .text.HAL_I2CEx_ConfigAnalogFilter
                0x0800d058       0x54 /Users/amc/git/libDaisy/build/libdaisy.a(stm32h7xx_hal_i2c_ex.o)
                0x0800d058                HAL_I2CEx_ConfigAnalogFilter
 .text.HAL_I2CEx_ConfigDigitalFilter
                0x0800d0ac       0x58 /Users/amc/git/libDaisy/build/libdaisy.a(stm32h7xx_hal_i2c_ex.o)
                0x0800d0ac                HAL_I2CEx_ConfigDigitalFilter
 .text.HAL_PCD_IRQHandler
                0x0800d104      0x6c4 /Users/amc/git/libDaisy/build/libdaisy.a(stm32h7xx_hal_pcd.o)
                0x0800d104                HAL_PCD_IRQHandler
 .text.HAL_PCD_SetAddress
                0x0800d7c8       0x2c /Users/amc/git/libDaisy/build/libdaisy.a(stm32h7xx_hal_pcd.o)
                0x0800d7c8                HAL_PCD_SetAddress
 .text.HAL_PCD_EP_Open
                0x0800d7f4       0x7c /Users/amc/git/libDaisy/build/libdaisy.a(stm32h7xx_hal_pcd.o)
                0x0800d7f4                HAL_PCD_EP_Open
 .text.HAL_PCD_EP_Receive
                0x0800d870       0x50 /Users/amc/git/libDaisy/build/libdaisy.a(stm32h7xx_hal_pcd.o)
                0x0800d870                HAL_PCD_EP_Receive
 .text.HAL_PCD_EP_Transmit
                0x0800d8c0       0x50 /Users/amc/git/libDaisy/build/libdaisy.a(stm32h7xx_hal_pcd.o)
                0x0800d8c0                HAL_PCD_EP_Transmit
 .text.HAL_PCD_EP_SetStall
                0x0800d910       0x88 /Users/amc/git/libDaisy/build/libdaisy.a(stm32h7xx_hal_pcd.o)
                0x0800d910                HAL_PCD_EP_SetStall
 .text.HAL_PCD_EP_ClrStall
                0x0800d998       0x78 /Users/amc/git/libDaisy/build/libdaisy.a(stm32h7xx_hal_pcd.o)
                0x0800d998                HAL_PCD_EP_ClrStall
 .text.HAL_PCDEx_LPM_Callback
                0x0800da10        0x4 /Users/amc/git/libDaisy/build/libdaisy.a(stm32h7xx_hal_pcd_ex.o)
                0x0800da10                HAL_PCDEx_LPM_Callback
 .text.HAL_PWREx_ConfigSupply
                0x0800da14       0x4c /Users/amc/git/libDaisy/build/libdaisy.a(stm32h7xx_hal_pwr_ex.o)
                0x0800da14                HAL_PWREx_ConfigSupply
 .text.HAL_PWREx_EnableUSBVoltageDetector
                0x0800da60       0x10 /Users/amc/git/libDaisy/build/libdaisy.a(stm32h7xx_hal_pwr_ex.o)
                0x0800da60                HAL_PWREx_EnableUSBVoltageDetector
 .text.QSPI_Config
                0x0800da70      0x188 /Users/amc/git/libDaisy/build/libdaisy.a(stm32h7xx_hal_qspi.o)
 .text.HAL_QSPI_Init
                0x0800dbf8       0xdc /Users/amc/git/libDaisy/build/libdaisy.a(stm32h7xx_hal_qspi.o)
                0x0800dbf8                HAL_QSPI_Init
 .text.HAL_QSPI_DeInit
                0x0800dcd4       0x3c /Users/amc/git/libDaisy/build/libdaisy.a(stm32h7xx_hal_qspi.o)
                0x0800dcd4                HAL_QSPI_DeInit
 .text.HAL_QSPI_Command
                0x0800dd10       0xdc /Users/amc/git/libDaisy/build/libdaisy.a(stm32h7xx_hal_qspi.o)
                0x0800dd10                HAL_QSPI_Command
 .text.HAL_QSPI_Transmit
                0x0800ddec      0x11c /Users/amc/git/libDaisy/build/libdaisy.a(stm32h7xx_hal_qspi.o)
                0x0800ddec                HAL_QSPI_Transmit
 .text.HAL_QSPI_Receive
                0x0800df08      0x128 /Users/amc/git/libDaisy/build/libdaisy.a(stm32h7xx_hal_qspi.o)
                0x0800df08                HAL_QSPI_Receive
 .text.HAL_QSPI_AutoPolling
                0x0800e030      0x11c /Users/amc/git/libDaisy/build/libdaisy.a(stm32h7xx_hal_qspi.o)
                0x0800e030                HAL_QSPI_AutoPolling
 .text.HAL_QSPI_MemoryMapped
                0x0800e14c       0xc4 /Users/amc/git/libDaisy/build/libdaisy.a(stm32h7xx_hal_qspi.o)
                0x0800e14c                HAL_QSPI_MemoryMapped
 .text.HAL_QSPI_ErrorCallback
                0x0800e210        0x4 /Users/amc/git/libDaisy/build/libdaisy.a(stm32h7xx_hal_qspi.o)
                0x0800e210                HAL_QSPI_ErrorCallback
 .text.QSPI_DMAAbortCplt
                0x0800e214       0x38 /Users/amc/git/libDaisy/build/libdaisy.a(stm32h7xx_hal_qspi.o)
 .text.HAL_QSPI_AbortCpltCallback
                0x0800e24c        0x4 /Users/amc/git/libDaisy/build/libdaisy.a(stm32h7xx_hal_qspi.o)
                0x0800e24c                HAL_QSPI_AbortCpltCallback
 .text.HAL_QSPI_CmdCpltCallback
                0x0800e250        0x4 /Users/amc/git/libDaisy/build/libdaisy.a(stm32h7xx_hal_qspi.o)
                0x0800e250                HAL_QSPI_CmdCpltCallback
 .text.HAL_QSPI_RxCpltCallback
                0x0800e254        0x4 /Users/amc/git/libDaisy/build/libdaisy.a(stm32h7xx_hal_qspi.o)
                0x0800e254                HAL_QSPI_RxCpltCallback
 .text.HAL_QSPI_TxCpltCallback
                0x0800e258        0x4 /Users/amc/git/libDaisy/build/libdaisy.a(stm32h7xx_hal_qspi.o)
                0x0800e258                HAL_QSPI_TxCpltCallback
 .text.HAL_QSPI_FifoThresholdCallback
                0x0800e25c        0x4 /Users/amc/git/libDaisy/build/libdaisy.a(stm32h7xx_hal_qspi.o)
                0x0800e25c                HAL_QSPI_FifoThresholdCallback
 .text.HAL_QSPI_StatusMatchCallback
                0x0800e260        0x4 /Users/amc/git/libDaisy/build/libdaisy.a(stm32h7xx_hal_qspi.o)
                0x0800e260                HAL_QSPI_StatusMatchCallback
 .text.HAL_QSPI_TimeOutCallback
                0x0800e264        0x4 /Users/amc/git/libDaisy/build/libdaisy.a(stm32h7xx_hal_qspi.o)
                0x0800e264                HAL_QSPI_TimeOutCallback
 .text.HAL_QSPI_IRQHandler
                0x0800e268      0x210 /Users/amc/git/libDaisy/build/libdaisy.a(stm32h7xx_hal_qspi.o)
                0x0800e268                HAL_QSPI_IRQHandler
 .text.HAL_RCC_OscConfig
                0x0800e478      0x518 /Users/amc/git/libDaisy/build/libdaisy.a(stm32h7xx_hal_rcc.o)
                0x0800e478                HAL_RCC_OscConfig
 .text.HAL_RCC_GetSysClockFreq
                0x0800e990      0x11c /Users/amc/git/libDaisy/build/libdaisy.a(stm32h7xx_hal_rcc.o)
                0x0800e990                HAL_RCC_GetSysClockFreq
 .text.HAL_RCC_ClockConfig
                0x0800eaac      0x238 /Users/amc/git/libDaisy/build/libdaisy.a(stm32h7xx_hal_rcc.o)
                0x0800eaac                HAL_RCC_ClockConfig
 .text.HAL_RCC_GetHCLKFreq
                0x0800ece4       0x2c /Users/amc/git/libDaisy/build/libdaisy.a(stm32h7xx_hal_rcc.o)
                0x0800ece4                HAL_RCC_GetHCLKFreq
 .text.HAL_RCC_GetPCLK1Freq
                0x0800ed10       0x38 /Users/amc/git/libDaisy/build/libdaisy.a(stm32h7xx_hal_rcc.o)
                0x0800ed10                HAL_RCC_GetPCLK1Freq
 .text.HAL_RCC_GetPCLK2Freq
                0x0800ed48       0x38 /Users/amc/git/libDaisy/build/libdaisy.a(stm32h7xx_hal_rcc.o)
                0x0800ed48                HAL_RCC_GetPCLK2Freq
 .text.RCCEx_PLL2_Config.part.0
                0x0800ed80       0xe0 /Users/amc/git/libDaisy/build/libdaisy.a(stm32h7xx_hal_rcc_ex.o)
 .text.RCCEx_PLL3_Config.part.0
                0x0800ee60       0xe0 /Users/amc/git/libDaisy/build/libdaisy.a(stm32h7xx_hal_rcc_ex.o)
 .text.HAL_RCCEx_PeriphCLKConfig
                0x0800ef40      0xcc4 /Users/amc/git/libDaisy/build/libdaisy.a(stm32h7xx_hal_rcc_ex.o)
                0x0800ef40                HAL_RCCEx_PeriphCLKConfig
 .text.HAL_RCCEx_GetD3PCLK1Freq
                0x0800fc04       0x24 /Users/amc/git/libDaisy/build/libdaisy.a(stm32h7xx_hal_rcc_ex.o)
                0x0800fc04                HAL_RCCEx_GetD3PCLK1Freq
 .text.HAL_RCCEx_GetPLL2ClockFreq
                0x0800fc28      0x134 /Users/amc/git/libDaisy/build/libdaisy.a(stm32h7xx_hal_rcc_ex.o)
                0x0800fc28                HAL_RCCEx_GetPLL2ClockFreq
 .text.HAL_RCCEx_GetPLL3ClockFreq
                0x0800fd5c      0x134 /Users/amc/git/libDaisy/build/libdaisy.a(stm32h7xx_hal_rcc_ex.o)
                0x0800fd5c                HAL_RCCEx_GetPLL3ClockFreq
 .text.HAL_RCCEx_GetPLL1ClockFreq
                0x0800fe90      0x134 /Users/amc/git/libDaisy/build/libdaisy.a(stm32h7xx_hal_rcc_ex.o)
                0x0800fe90                HAL_RCCEx_GetPLL1ClockFreq
 .text.HAL_RCCEx_GetPeriphCLKFreq
                0x0800ffc4      0x150 /Users/amc/git/libDaisy/build/libdaisy.a(stm32h7xx_hal_rcc_ex.o)
                0x0800ffc4                HAL_RCCEx_GetPeriphCLKFreq
 .text.HAL_RCCEx_GetD1SysClockFreq
                0x08010114       0x2c /Users/amc/git/libDaisy/build/libdaisy.a(stm32h7xx_hal_rcc_ex.o)
                0x08010114                HAL_RCCEx_GetD1SysClockFreq
 .text.HAL_SAI_Init
                0x08010140      0x380 /Users/amc/git/libDaisy/build/libdaisy.a(stm32h7xx_hal_sai.o)
                0x08010140                HAL_SAI_Init
 .text.HAL_SAI_InitProtocol
                0x080104c0      0x15c /Users/amc/git/libDaisy/build/libdaisy.a(stm32h7xx_hal_sai.o)
                0x080104c0                HAL_SAI_InitProtocol
 .text.HAL_SAI_DMAStop
                0x0801061c       0xd8 /Users/amc/git/libDaisy/build/libdaisy.a(stm32h7xx_hal_sai.o)
                0x0801061c                HAL_SAI_DMAStop
 .text.HAL_SAI_Transmit_DMA
                0x080106f4      0x114 /Users/amc/git/libDaisy/build/libdaisy.a(stm32h7xx_hal_sai.o)
                0x080106f4                HAL_SAI_Transmit_DMA
 .text.HAL_SAI_Receive_DMA
                0x08010808       0xc8 /Users/amc/git/libDaisy/build/libdaisy.a(stm32h7xx_hal_sai.o)
                0x08010808                HAL_SAI_Receive_DMA
 .text.HAL_SAI_TxCpltCallback
                0x080108d0        0x4 /Users/amc/git/libDaisy/build/libdaisy.a(stm32h7xx_hal_sai.o)
                0x080108d0                HAL_SAI_TxCpltCallback
 .text.SAI_DMATxCplt
                0x080108d4       0x64 /Users/amc/git/libDaisy/build/libdaisy.a(stm32h7xx_hal_sai.o)
 .text.HAL_SAI_TxHalfCpltCallback
                0x08010938        0x4 /Users/amc/git/libDaisy/build/libdaisy.a(stm32h7xx_hal_sai.o)
                0x08010938                HAL_SAI_TxHalfCpltCallback
 .text.SAI_DMATxHalfCplt
                0x0801093c        0xc /Users/amc/git/libDaisy/build/libdaisy.a(stm32h7xx_hal_sai.o)
 .text.SAI_DMARxCplt
                0x08010948       0x64 /Users/amc/git/libDaisy/build/libdaisy.a(stm32h7xx_hal_sai.o)
 .text.SAI_DMARxHalfCplt
                0x080109ac        0xc /Users/amc/git/libDaisy/build/libdaisy.a(stm32h7xx_hal_sai.o)
 .text.HAL_SAI_ErrorCallback
                0x080109b8        0x4 /Users/amc/git/libDaisy/build/libdaisy.a(stm32h7xx_hal_sai.o)
                0x080109b8                HAL_SAI_ErrorCallback
 .text.SAI_DMAError
                0x080109bc       0x6c /Users/amc/git/libDaisy/build/libdaisy.a(stm32h7xx_hal_sai.o)
 .text.HAL_SDRAM_Init
                0x08010a28       0x54 /Users/amc/git/libDaisy/build/libdaisy.a(stm32h7xx_hal_sdram.o)
                0x08010a28                HAL_SDRAM_Init
 .text.HAL_SDRAM_SendCommand
                0x08010a7c       0x40 /Users/amc/git/libDaisy/build/libdaisy.a(stm32h7xx_hal_sdram.o)
                0x08010a7c                HAL_SDRAM_SendCommand
 .text.HAL_SDRAM_ProgramRefreshRate
                0x08010abc       0x30 /Users/amc/git/libDaisy/build/libdaisy.a(stm32h7xx_hal_sdram.o)
                0x08010abc                HAL_SDRAM_ProgramRefreshRate
 .text.SPI_CloseTransfer
                0x08010aec       0xb8 /Users/amc/git/libDaisy/build/libdaisy.a(stm32h7xx_hal_spi.o)
 .text.HAL_SPI_Init
                0x08010ba4      0x154 /Users/amc/git/libDaisy/build/libdaisy.a(stm32h7xx_hal_spi.o)
                0x08010ba4                HAL_SPI_Init
 .text.HAL_SPI_Transmit
                0x08010cf8      0x268 /Users/amc/git/libDaisy/build/libdaisy.a(stm32h7xx_hal_spi.o)
                0x08010cf8                HAL_SPI_Transmit
 .text.HAL_SPI_Transmit_DMA
                0x08010f60      0x160 /Users/amc/git/libDaisy/build/libdaisy.a(stm32h7xx_hal_spi.o)
                0x08010f60                HAL_SPI_Transmit_DMA
 .text.HAL_SPI_TransmitReceive_DMA
                0x080110c0      0x1fc /Users/amc/git/libDaisy/build/libdaisy.a(stm32h7xx_hal_spi.o)
                0x080110c0                HAL_SPI_TransmitReceive_DMA
 .text.HAL_SPI_Receive_DMA
                0x080112bc      0x198 /Users/amc/git/libDaisy/build/libdaisy.a(stm32h7xx_hal_spi.o)
                0x080112bc                HAL_SPI_Receive_DMA
 .text.SPI_DMATransmitCplt
                0x08011454       0x28 /Users/amc/git/libDaisy/build/libdaisy.a(stm32h7xx_hal_spi.o)
 .text.SPI_DMAReceiveCplt
                0x0801147c       0x28 /Users/amc/git/libDaisy/build/libdaisy.a(stm32h7xx_hal_spi.o)
 .text.SPI_DMATransmitReceiveCplt
                0x080114a4       0x28 /Users/amc/git/libDaisy/build/libdaisy.a(stm32h7xx_hal_spi.o)
 .text.HAL_SPI_TxHalfCpltCallback
                0x080114cc        0x4 /Users/amc/git/libDaisy/build/libdaisy.a(stm32h7xx_hal_spi.o)
                0x080114cc                HAL_SPI_TxHalfCpltCallback
 .text.SPI_DMAHalfTransmitCplt
                0x080114d0        0xc /Users/amc/git/libDaisy/build/libdaisy.a(stm32h7xx_hal_spi.o)
 .text.HAL_SPI_RxHalfCpltCallback
                0x080114dc        0x4 /Users/amc/git/libDaisy/build/libdaisy.a(stm32h7xx_hal_spi.o)
                0x080114dc                HAL_SPI_RxHalfCpltCallback
 .text.SPI_DMAHalfReceiveCplt
                0x080114e0        0xc /Users/amc/git/libDaisy/build/libdaisy.a(stm32h7xx_hal_spi.o)
 .text.HAL_SPI_TxRxHalfCpltCallback
                0x080114ec        0x4 /Users/amc/git/libDaisy/build/libdaisy.a(stm32h7xx_hal_spi.o)
                0x080114ec                HAL_SPI_TxRxHalfCpltCallback
 .text.SPI_DMAHalfTransmitReceiveCplt
                0x080114f0        0xc /Users/amc/git/libDaisy/build/libdaisy.a(stm32h7xx_hal_spi.o)
 .text.SPI_DMAError
                0x080114fc       0xd8 /Users/amc/git/libDaisy/build/libdaisy.a(stm32h7xx_hal_spi.o)
 .text.HAL_SPI_IRQHandler
                0x080115d4      0x238 /Users/amc/git/libDaisy/build/libdaisy.a(stm32h7xx_hal_spi.o)
                0x080115d4                HAL_SPI_IRQHandler
 .text.SPI_DMAAbortOnError
                0x0801180c       0x1c /Users/amc/git/libDaisy/build/libdaisy.a(stm32h7xx_hal_spi.o)
 .text.HAL_SPI_GetState
                0x08011828        0x8 /Users/amc/git/libDaisy/build/libdaisy.a(stm32h7xx_hal_spi.o)
                0x08011828                HAL_SPI_GetState
 .text.HAL_UART_Transmit_DMA
                0x08011830       0x90 /Users/amc/git/libDaisy/build/libdaisy.a(stm32h7xx_hal_uart.o)
                0x08011830                HAL_UART_Transmit_DMA
 .text.HAL_UART_Receive_DMA
                0x080118c0       0x9c /Users/amc/git/libDaisy/build/libdaisy.a(stm32h7xx_hal_uart.o)
                0x080118c0                HAL_UART_Receive_DMA
 .text.UART_DMATransmitCplt
                0x0801195c       0x2c /Users/amc/git/libDaisy/build/libdaisy.a(stm32h7xx_hal_uart.o)
 .text.HAL_UART_TxHalfCpltCallback
                0x08011988        0x4 /Users/amc/git/libDaisy/build/libdaisy.a(stm32h7xx_hal_uart.o)
                0x08011988                HAL_UART_TxHalfCpltCallback
 .text.UART_DMATxHalfCplt
                0x0801198c        0xc /Users/amc/git/libDaisy/build/libdaisy.a(stm32h7xx_hal_uart.o)
 .text.UART_DMAReceiveCplt
                0x08011998       0x38 /Users/amc/git/libDaisy/build/libdaisy.a(stm32h7xx_hal_uart.o)
 .text.UART_DMARxHalfCplt
                0x080119d0        0xc /Users/amc/git/libDaisy/build/libdaisy.a(stm32h7xx_hal_uart.o)
 .text.UART_DMAError
                0x080119dc       0x78 /Users/amc/git/libDaisy/build/libdaisy.a(stm32h7xx_hal_uart.o)
 .text.HAL_UART_IRQHandler
                0x08011a54      0x1e4 /Users/amc/git/libDaisy/build/libdaisy.a(stm32h7xx_hal_uart.o)
                0x08011a54                HAL_UART_IRQHandler
 .text.UART_DMAAbortOnError
                0x08011c38       0x14 /Users/amc/git/libDaisy/build/libdaisy.a(stm32h7xx_hal_uart.o)
 .text.HAL_UART_GetState
                0x08011c4c        0xc /Users/amc/git/libDaisy/build/libdaisy.a(stm32h7xx_hal_uart.o)
                0x08011c4c                HAL_UART_GetState
 .text.UART_SetConfig
                0x08011c58      0x82c /Users/amc/git/libDaisy/build/libdaisy.a(stm32h7xx_hal_uart.o)
                0x08011c58                UART_SetConfig
 .text.UART_AdvFeatureConfig
                0x08012484       0xb0 /Users/amc/git/libDaisy/build/libdaisy.a(stm32h7xx_hal_uart.o)
                0x08012484                UART_AdvFeatureConfig
 .text.UART_CheckIdleState
                0x08012534       0x80 /Users/amc/git/libDaisy/build/libdaisy.a(stm32h7xx_hal_uart.o)
                0x08012534                UART_CheckIdleState
 .text.HAL_UART_Init
                0x080125b4       0x68 /Users/amc/git/libDaisy/build/libdaisy.a(stm32h7xx_hal_uart.o)
                0x080125b4                HAL_UART_Init
 .text.HAL_UARTEx_WakeupCallback
                0x0801261c        0x4 /Users/amc/git/libDaisy/build/libdaisy.a(stm32h7xx_hal_uart_ex.o)
                0x0801261c                HAL_UARTEx_WakeupCallback
 .text.HAL_UARTEx_RxFifoFullCallback
                0x08012620        0x4 /Users/amc/git/libDaisy/build/libdaisy.a(stm32h7xx_hal_uart_ex.o)
                0x08012620                HAL_UARTEx_RxFifoFullCallback
 .text.HAL_UARTEx_TxFifoEmptyCallback
                0x08012624        0x4 /Users/amc/git/libDaisy/build/libdaisy.a(stm32h7xx_hal_uart_ex.o)
                0x08012624                HAL_UARTEx_TxFifoEmptyCallback
 .text.HAL_UARTEx_DisableFifoMode
                0x08012628       0x3c /Users/amc/git/libDaisy/build/libdaisy.a(stm32h7xx_hal_uart_ex.o)
                0x08012628                HAL_UARTEx_DisableFifoMode
 .text.HAL_UARTEx_SetTxFifoThreshold
                0x08012664       0xa4 /Users/amc/git/libDaisy/build/libdaisy.a(stm32h7xx_hal_uart_ex.o)
                0x08012664                HAL_UARTEx_SetTxFifoThreshold
 .text.HAL_UARTEx_SetRxFifoThreshold
                0x08012708       0xa4 /Users/amc/git/libDaisy/build/libdaisy.a(stm32h7xx_hal_uart_ex.o)
                0x08012708                HAL_UARTEx_SetRxFifoThreshold
 .text.FMC_SDRAM_Init
                0x080127ac       0x6c /Users/amc/git/libDaisy/build/libdaisy.a(stm32h7xx_ll_fmc.o)
                0x080127ac                FMC_SDRAM_Init
 .text.FMC_SDRAM_Timing_Init
                0x08012818       0x7c /Users/amc/git/libDaisy/build/libdaisy.a(stm32h7xx_ll_fmc.o)
                0x08012818                FMC_SDRAM_Timing_Init
 .text.FMC_SDRAM_SendCommand
                0x08012894       0x28 /Users/amc/git/libDaisy/build/libdaisy.a(stm32h7xx_ll_fmc.o)
                0x08012894                FMC_SDRAM_SendCommand
 .text.FMC_SDRAM_ProgramRefreshRate
                0x080128bc       0x14 /Users/amc/git/libDaisy/build/libdaisy.a(stm32h7xx_ll_fmc.o)
                0x080128bc                FMC_SDRAM_ProgramRefreshRate
 .text.USB_SetTurnaroundTime
                0x080128d0      0x104 /Users/amc/git/libDaisy/build/libdaisy.a(stm32h7xx_ll_usb.o)
                0x080128d0                USB_SetTurnaroundTime
 .text.USB_FlushTxFifo
                0x080129d4       0x34 /Users/amc/git/libDaisy/build/libdaisy.a(stm32h7xx_ll_usb.o)
                0x080129d4                USB_FlushTxFifo
 .text.USB_GetDevSpeed
                0x08012a08       0x24 /Users/amc/git/libDaisy/build/libdaisy.a(stm32h7xx_ll_usb.o)
                0x08012a08                USB_GetDevSpeed
 .text.USB_ActivateEndpoint
                0x08012a2c       0x8c /Users/amc/git/libDaisy/build/libdaisy.a(stm32h7xx_ll_usb.o)
                0x08012a2c                USB_ActivateEndpoint
 .text.USB_EPStartXfer
                0x08012ab8      0x214 /Users/amc/git/libDaisy/build/libdaisy.a(stm32h7xx_ll_usb.o)
                0x08012ab8                USB_EPStartXfer
 .text.USB_EP0StartXfer
                0x08012ccc       0xf8 /Users/amc/git/libDaisy/build/libdaisy.a(stm32h7xx_ll_usb.o)
                0x08012ccc                USB_EP0StartXfer
 .text.USB_WritePacket
                0x08012dc4       0x2c /Users/amc/git/libDaisy/build/libdaisy.a(stm32h7xx_ll_usb.o)
                0x08012dc4                USB_WritePacket
 .text.USB_ReadPacket
                0x08012df0       0x20 /Users/amc/git/libDaisy/build/libdaisy.a(stm32h7xx_ll_usb.o)
                0x08012df0                USB_ReadPacket
 .text.USB_EPSetStall
                0x08012e10       0x70 /Users/amc/git/libDaisy/build/libdaisy.a(stm32h7xx_ll_usb.o)
                0x08012e10                USB_EPSetStall
 .text.USB_EPClearStall
                0x08012e80       0x58 /Users/amc/git/libDaisy/build/libdaisy.a(stm32h7xx_ll_usb.o)
                0x08012e80                USB_EPClearStall
 .text.USB_SetDevAddress
                0x08012ed8       0x24 /Users/amc/git/libDaisy/build/libdaisy.a(stm32h7xx_ll_usb.o)
                0x08012ed8                USB_SetDevAddress
 .text.USB_ReadInterrupts
                0x08012efc       0x14 /Users/amc/git/libDaisy/build/libdaisy.a(stm32h7xx_ll_usb.o)
                0x08012efc                USB_ReadInterrupts
 .text.USB_ReadDevAllOutEpInterrupt
                0x08012f10       0x1c /Users/amc/git/libDaisy/build/libdaisy.a(stm32h7xx_ll_usb.o)
                0x08012f10                USB_ReadDevAllOutEpInterrupt
 .text.USB_ReadDevAllInEpInterrupt
                0x08012f2c       0x1c /Users/amc/git/libDaisy/build/libdaisy.a(stm32h7xx_ll_usb.o)
                0x08012f2c                USB_ReadDevAllInEpInterrupt
 .text.USB_ReadDevOutEPInterrupt
                0x08012f48       0x1c /Users/amc/git/libDaisy/build/libdaisy.a(stm32h7xx_ll_usb.o)
                0x08012f48                USB_ReadDevOutEPInterrupt
 .text.USB_ReadDevInEPInterrupt
                0x08012f64       0x38 /Users/amc/git/libDaisy/build/libdaisy.a(stm32h7xx_ll_usb.o)
                0x08012f64                USB_ReadDevInEPInterrupt
 .text.USB_GetMode
                0x08012f9c        0x8 /Users/amc/git/libDaisy/build/libdaisy.a(stm32h7xx_ll_usb.o)
                0x08012f9c                USB_GetMode
 .text.USB_ActivateSetup
                0x08012fa4       0x34 /Users/amc/git/libDaisy/build/libdaisy.a(stm32h7xx_ll_usb.o)
                0x08012fa4                USB_ActivateSetup
 .text.USB_EP0_OutStart
                0x08012fd8       0x50 /Users/amc/git/libDaisy/build/libdaisy.a(stm32h7xx_ll_usb.o)
                0x08012fd8                USB_EP0_OutStart
 .text.USB_InitFSLSPClkSel
                0x08013028       0x44 /Users/amc/git/libDaisy/build/libdaisy.a(stm32h7xx_ll_usb.o)
                0x08013028                USB_InitFSLSPClkSel
 .text.USB_HC_ReadInterrupt
                0x0801306c        0x8 /Users/amc/git/libDaisy/build/libdaisy.a(stm32h7xx_ll_usb.o)
                0x0801306c                USB_HC_ReadInterrupt
 .text.USB_HC_Halt
                0x08013074       0xc0 /Users/amc/git/libDaisy/build/libdaisy.a(stm32h7xx_ll_usb.o)
                0x08013074                USB_HC_Halt
 .text.USB_StopHost
                0x08013134      0x2ec /Users/amc/git/libDaisy/build/libdaisy.a(stm32h7xx_ll_usb.o)
                0x08013134                USB_StopHost
 .text.USBD_SetClassConfig
                0x08013420       0x1c /Users/amc/git/libDaisy/build/libdaisy.a(usbd_core.o)
                0x08013420                USBD_SetClassConfig
 .text.USBD_ClrClassConfig
                0x0801343c       0x10 /Users/amc/git/libDaisy/build/libdaisy.a(usbd_core.o)
                0x0801343c                USBD_ClrClassConfig
 .text.USBD_LL_SetupStage
                0x0801344c       0x5c /Users/amc/git/libDaisy/build/libdaisy.a(usbd_core.o)
                0x0801344c                USBD_LL_SetupStage
 .text.USBD_LL_DataOutStage
                0x080134a8       0x74 /Users/amc/git/libDaisy/build/libdaisy.a(usbd_core.o)
                0x080134a8                USBD_LL_DataOutStage
 .text.USBD_LL_DataInStage
                0x0801351c       0xc4 /Users/amc/git/libDaisy/build/libdaisy.a(usbd_core.o)
                0x0801351c                USBD_LL_DataInStage
 .text.USBD_LL_Reset
                0x080135e0       0x50 /Users/amc/git/libDaisy/build/libdaisy.a(usbd_core.o)
                0x080135e0                USBD_LL_Reset
 .text.USBD_LL_SetSpeed
                0x08013630        0x8 /Users/amc/git/libDaisy/build/libdaisy.a(usbd_core.o)
                0x08013630                USBD_LL_SetSpeed
 .text.USBD_LL_Suspend
                0x08013638       0x14 /Users/amc/git/libDaisy/build/libdaisy.a(usbd_core.o)
                0x08013638                USBD_LL_Suspend
 .text.USBD_LL_Resume
                0x0801364c       0x10 /Users/amc/git/libDaisy/build/libdaisy.a(usbd_core.o)
                0x0801364c                USBD_LL_Resume
 .text.USBD_LL_SOF
                0x0801365c       0x1c /Users/amc/git/libDaisy/build/libdaisy.a(usbd_core.o)
                0x0801365c                USBD_LL_SOF
 .text.USBD_LL_IsoINIncomplete
                0x08013678        0x4 /Users/amc/git/libDaisy/build/libdaisy.a(usbd_core.o)
                0x08013678                USBD_LL_IsoINIncomplete
 .text.USBD_LL_IsoOUTIncomplete
                0x0801367c        0x4 /Users/amc/git/libDaisy/build/libdaisy.a(usbd_core.o)
                0x0801367c                USBD_LL_IsoOUTIncomplete
 .text.USBD_LL_DevConnected
                0x08013680        0x4 /Users/amc/git/libDaisy/build/libdaisy.a(usbd_core.o)
                0x08013680                USBD_LL_DevConnected
 .text.USBD_LL_DevDisconnected
                0x08013684       0x18 /Users/amc/git/libDaisy/build/libdaisy.a(usbd_core.o)
                0x08013684                USBD_LL_DevDisconnected
 .text.USBD_StdDevReq
                0x0801369c      0x300 /Users/amc/git/libDaisy/build/libdaisy.a(usbd_ctlreq.o)
                0x0801369c                USBD_StdDevReq
 .text.USBD_StdItfReq
                0x0801399c       0x68 /Users/amc/git/libDaisy/build/libdaisy.a(usbd_ctlreq.o)
                0x0801399c                USBD_StdItfReq
 .text.USBD_StdEPReq
                0x08013a04      0x134 /Users/amc/git/libDaisy/build/libdaisy.a(usbd_ctlreq.o)
                0x08013a04                USBD_StdEPReq
 .text.USBD_ParseSetupRequest
                0x08013b38       0x18 /Users/amc/git/libDaisy/build/libdaisy.a(usbd_ctlreq.o)
                0x08013b38                USBD_ParseSetupRequest
 .text.USBD_CtlSendData
                0x08013b50       0x1c /Users/amc/git/libDaisy/build/libdaisy.a(usbd_ioreq.o)
                0x08013b50                USBD_CtlSendData
 .text.USBD_CtlContinueSendData
                0x08013b6c       0x14 /Users/amc/git/libDaisy/build/libdaisy.a(usbd_ioreq.o)
                0x08013b6c                USBD_CtlContinueSendData
 .text.USBD_CtlContinueRx
                0x08013b80       0x14 /Users/amc/git/libDaisy/build/libdaisy.a(usbd_ioreq.o)
                0x08013b80                USBD_CtlContinueRx
 .text.USBD_CtlSendStatus
                0x08013b94       0x18 /Users/amc/git/libDaisy/build/libdaisy.a(usbd_ioreq.o)
                0x08013b94                USBD_CtlSendStatus
 .text.USBD_CtlReceiveStatus
                0x08013bac       0x18 /Users/amc/git/libDaisy/build/libdaisy.a(usbd_ioreq.o)
                0x08013bac                USBD_CtlReceiveStatus
 .text.USBH_LL_IncTimer
                0x08013bc4       0x20 /Users/amc/git/libDaisy/build/libdaisy.a(usbh_core.o)
                0x08013bc4                USBH_LL_IncTimer
 .text.USBH_LL_PortEnabled
                0x08013be4        0x8 /Users/amc/git/libDaisy/build/libdaisy.a(usbh_core.o)
                0x08013be4                USBH_LL_PortEnabled
 .text.USBH_LL_PortDisabled
                0x08013bec        0x8 /Users/amc/git/libDaisy/build/libdaisy.a(usbh_core.o)